[2026-07-23T07:22:08+02:00] [INFO] backup-handler invoked: mode=retry channel=backup:failed source=test
[2026-07-23T07:22:08+02:00] [WARN] Backup failure reported — payload: {"file":"event_bus.db","error":"disk full"}}
[2026-07-23T07:22:08+02:00] [INFO] Backup saved to /home/aza/backups/adam-v2/backup-2026-07-23T07:22:08+02:00
[2026-07-23T07:22:08+02:00] [INFO] Done. Backup root: /home/aza/backups/adam-v2 (1 backups retained)
[2026-07-23T07:22:17+02:00] [INFO] backup-handler invoked: mode=event channel=backup:failed source=test2
[2026-07-23T07:22:17+02:00] [WARN] Backup failure reported — payload: {"file":"champion_gen4.npz","error":"corrupted"}}
[2026-07-23T07:22:17+02:00] [INFO] Backup saved to /home/aza/backups/adam-v2/backup-2026-07-23T07:22:17+02:00
[2026-07-23T07:22:17+02:00] [INFO] Done. Backup root: /home/aza/backups/adam-v2 (2 backups retained)
[2026-07-23T07:23:16+02:00] [INFO] backup-handler invoked: mode=retry channel=backup:failed source=test3
[2026-07-23T07:23:16+02:00] [WARN] Backup failure reported — payload: {"file":"event_bus.db","error":"disk full"}}
[2026-07-23T07:23:16+02:00] [INFO] Backed up file: /home/aza/eva-adam-v2/event_bus.db
[2026-07-23T07:23:16+02:00] [INFO] Backed up file: /home/aza/eva-adam-v2/adam.py
[2026-07-23T07:23:16+02:00] [ERROR] rsync failed for dir: /home/aza/jepa_eva/checkpoints_jepa
[2026-07-23T07:23:16+02:00] [ERROR] rsync failed for dir: /home/aza/jepa_eva/registry_arena_validated/champions
[2026-07-23T07:23:16+02:00] [INFO] Backup complete: /home/aza/backups/adam-v2/backup-2026-07-23T07:23:16+02:00 (2 items, 160M)
[2026-07-23T07:23:16+02:00] [INFO] Done. Backup root: /home/aza/backups/adam-v2 (3 backups retained)
[2026-07-23T07:23:18+02:00] [INFO] backup-handler invoked: mode=retry channel=backup:failed source=test
[2026-07-23T07:23:18+02:00] [WARN] Backup failure reported — payload: {"reason":"test"}}
[2026-07-23T07:23:18+02:00] [INFO] Backed up file: /home/aza/eva-adam-v2/event_bus.db
[2026-07-23T07:23:18+02:00] [INFO] Backed up file: /home/aza/eva-adam-v2/adam.py
[2026-07-23T07:23:18+02:00] [ERROR] rsync failed for dir: /home/aza/jepa_eva/checkpoints_jepa
[2026-07-23T07:23:18+02:00] [ERROR] rsync failed for dir: /home/aza/jepa_eva/registry_arena_validated/champions
[2026-07-23T07:23:18+02:00] [INFO] Backup complete: /home/aza/backups/adam-v2/backup-2026-07-23T07:23:18+02:00 (2 items, 160M)
[2026-07-23T07:23:18+02:00] [INFO] Done. Backup root: /home/aza/backups/adam-v2 (4 backups retained)
[2026-07-23T07:23:41+02:00] [INFO] backup-handler invoked: mode=retry channel=test source=test4
[2026-07-23T07:23:41+02:00] [INFO] Backed up file: /home/aza/eva-adam-v2/event_bus.db
[2026-07-23T07:23:41+02:00] [INFO] Backed up file: /home/aza/eva-adam-v2/adam.py
[2026-07-23T07:23:41+02:00] [INFO] Backed up file: /home/aza/eva-adam-v2/event_bus.py
[2026-07-23T07:23:41+02:00] [INFO] Backed up file: /home/aza/eva-adam-v2/event_daemon.py
[2026-07-23T07:23:41+02:00] [INFO] Backed up file: /home/aza/eva-adam-v2/file_watcher.py
[2026-07-23T07:23:41+02:00] [INFO] Backed up file: /home/aza/eva-adam-v2/self_heal.py
[2026-07-23T07:23:41+02:00] [INFO] Backed up file: /home/aza/eva-adam-v2/state_isolation.py
[2026-07-23T07:23:41+02:00] [INFO] Backed up file: /home/aza/eva-adam-v2/v2_adapter.py
[2026-07-23T07:23:41+02:00] [INFO] Backed up file: /home/aza/eva-adam-v2/worker_loop.py
[2026-07-23T07:23:41+02:00] [ERROR] rsync failed for dir: /home/aza/jepa_eva/checkpoints_jepa
[2026-07-23T07:23:41+02:00] [ERROR] rsync failed for dir: /home/aza/jepa_eva/registry_arena_validated/champions
[2026-07-23T07:23:41+02:00] [INFO] Backup complete: /home/aza/backups/adam-v2/backup-2026-07-23T07:23:41+02:00 (9 items, 160M)
[2026-07-23T07:23:41+02:00] [INFO] Done. Backup root: /home/aza/backups/adam-v2 (5 backups retained)
[2026-07-23T07:25:57+02:00] [INFO] backup-handler invoked: mode=retry channel=backup:failed source=test5
[2026-07-23T07:25:57+02:00] [WARN] Backup failure reported — payload: {"file":"event_bus.db","error":"timeout"}}
[2026-07-23T07:25:57+02:00] [INFO] Backed up file: /home/aza/eva-adam-v2/event_bus.db -> /home/aza/backups/adam-v2/backup-2026-07-23T07:25:57+02:00/home/aza/eva-adam-v2/event_bus.db
[2026-07-23T07:25:57+02:00] [INFO] Backed up file: /home/aza/eva-adam-v2/adam.py -> /home/aza/backups/adam-v2/backup-2026-07-23T07:25:57+02:00/home/aza/eva-adam-v2/adam.py
[2026-07-23T07:25:57+02:00] [INFO] Backed up file: /home/aza/eva-adam-v2/event_bus.py -> /home/aza/backups/adam-v2/backup-2026-07-23T07:25:57+02:00/home/aza/eva-adam-v2/event_bus.py
[2026-07-23T07:25:57+02:00] [INFO] Backed up file: /home/aza/eva-adam-v2/event_daemon.py -> /home/aza/backups/adam-v2/backup-2026-07-23T07:25:57+02:00/home/aza/eva-adam-v2/event_daemon.py
[2026-07-23T07:25:57+02:00] [INFO] Backed up file: /home/aza/eva-adam-v2/file_watcher.py -> /home/aza/backups/adam-v2/backup-2026-07-23T07:25:57+02:00/home/aza/eva-adam-v2/file_watcher.py
[2026-07-23T07:25:57+02:00] [INFO] Backed up file: /home/aza/eva-adam-v2/self_heal.py -> /home/aza/backups/adam-v2/backup-2026-07-23T07:25:57+02:00/home/aza/eva-adam-v2/self_heal.py
[2026-07-23T07:25:57+02:00] [INFO] Backed up file: /home/aza/eva-adam-v2/state_isolation.py -> /home/aza/backups/adam-v2/backup-2026-07-23T07:25:57+02:00/home/aza/eva-adam-v2/state_isolation.py
[2026-07-23T07:25:57+02:00] [INFO] Backed up file: /home/aza/eva-adam-v2/v2_adapter.py -> /home/aza/backups/adam-v2/backup-2026-07-23T07:25:57+02:00/home/aza/eva-adam-v2/v2_adapter.py
[2026-07-23T07:25:57+02:00] [INFO] Backed up file: /home/aza/eva-adam-v2/worker_loop.py -> /home/aza/backups/adam-v2/backup-2026-07-23T07:25:57+02:00/home/aza/eva-adam-v2/worker_loop.py
[2026-07-23T07:25:57+02:00] [INFO] Backed up dir: /home/aza/jepa_eva/checkpoints_jepa -> /home/aza/backups/adam-v2/backup-2026-07-23T07:25:57+02:00/home/aza/jepa_eva/checkpoints_jepa
[2026-07-23T07:25:57+02:00] [INFO] Backed up dir: /home/aza/jepa_eva/registry_arena_validated/champions -> /home/aza/backups/adam-v2/backup-2026-07-23T07:25:57+02:00/home/aza/jepa_eva/registry_arena_validated/champions
[2026-07-23T07:25:57+02:00] [INFO] Backup complete: /home/aza/backups/adam-v2/backup-2026-07-23T07:25:57+02:00 (11 items, 160M)
[2026-07-23T07:25:57+02:00] [INFO] Rotation: 6 backups found, removing 1 oldest
[2026-07-23T07:25:57+02:00] [INFO] Removed old backup: /home/aza/backups/adam-v2/backup-2026-07-23T07:22:08+02:00
[2026-07-23T07:25:57+02:00] [INFO] Done. Backup root: /home/aza/backups/adam-v2 (5 backups retained)
[2026-07-23T07:26:48+02:00] [INFO] backup-handler invoked: mode=retry channel=test source=rotate_test
[2026-07-23T07:26:48+02:00] [INFO] Backed up file: /home/aza/eva-adam-v2/event_bus.db -> /home/aza/backups/adam-v2/backup-2026-07-23T07:26:48+02:00/home/aza/eva-adam-v2/event_bus.db
[2026-07-23T07:26:48+02:00] [INFO] Backed up file: /home/aza/eva-adam-v2/adam.py -> /home/aza/backups/adam-v2/backup-2026-07-23T07:26:48+02:00/home/aza/eva-adam-v2/adam.py
[2026-07-23T07:26:48+02:00] [INFO] Backed up file: /home/aza/eva-adam-v2/event_bus.py -> /home/aza/backups/adam-v2/backup-2026-07-23T07:26:48+02:00/home/aza/eva-adam-v2/event_bus.py
[2026-07-23T07:26:48+02:00] [INFO] Backed up file: /home/aza/eva-adam-v2/event_daemon.py -> /home/aza/backups/adam-v2/backup-2026-07-23T07:26:48+02:00/home/aza/eva-adam-v2/event_daemon.py
[2026-07-23T07:26:48+02:00] [INFO] Backed up file: /home/aza/eva-adam-v2/file_watcher.py -> /home/aza/backups/adam-v2/backup-2026-07-23T07:26:48+02:00/home/aza/eva-adam-v2/file_watcher.py
[2026-07-23T07:26:48+02:00] [INFO] Backed up file: /home/aza/eva-adam-v2/self_heal.py -> /home/aza/backups/adam-v2/backup-2026-07-23T07:26:48+02:00/home/aza/eva-adam-v2/self_heal.py
[2026-07-23T07:26:48+02:00] [INFO] Backed up file: /home/aza/eva-adam-v2/state_isolation.py -> /home/aza/backups/adam-v2/backup-2026-07-23T07:26:48+02:00/home/aza/eva-adam-v2/state_isolation.py
[2026-07-23T07:26:48+02:00] [INFO] Backed up file: /home/aza/eva-adam-v2/v2_adapter.py -> /home/aza/backups/adam-v2/backup-2026-07-23T07:26:48+02:00/home/aza/eva-adam-v2/v2_adapter.py
[2026-07-23T07:26:48+02:00] [INFO] Backed up file: /home/aza/eva-adam-v2/worker_loop.py -> /home/aza/backups/adam-v2/backup-2026-07-23T07:26:48+02:00/home/aza/eva-adam-v2/worker_loop.py
[2026-07-23T07:26:48+02:00] [INFO] Backed up dir: /home/aza/jepa_eva/checkpoints_jepa -> /home/aza/backups/adam-v2/backup-2026-07-23T07:26:48+02:00/home/aza/jepa_eva/checkpoints_jepa
[2026-07-23T07:26:48+02:00] [INFO] Backed up dir: /home/aza/jepa_eva/registry_arena_validated/champions -> /home/aza/backups/adam-v2/backup-2026-07-23T07:26:48+02:00/home/aza/jepa_eva/registry_arena_validated/champions
[2026-07-23T07:26:48+02:00] [INFO] Backup complete: /home/aza/backups/adam-v2/backup-2026-07-23T07:26:48+02:00 (11 items, 160M)
[2026-07-23T07:26:48+02:00] [INFO] Rotation: 6 backups found, removing 1 oldest
[2026-07-23T07:26:48+02:00] [INFO] Removed old backup: /home/aza/backups/adam-v2/backup-2026-07-23T07:22:17+02:00
[2026-07-23T07:26:48+02:00] [INFO] Done. Backup root: /home/aza/backups/adam-v2 (5 backups retained)
[2026-07-23T07:27:01+02:00] [INFO] backup-handler invoked: mode=event channel=backup:failed source=final_test
[2026-07-23T07:27:01+02:00] [WARN] Backup failure reported — payload: {"file":"worker_loop.py","error":"I/O error"}}
[2026-07-23T07:27:01+02:00] [INFO] Backed up file: /home/aza/eva-adam-v2/event_bus.db -> /home/aza/backups/adam-v2/backup-2026-07-23T07:27:01+02:00/home/aza/eva-adam-v2/event_bus.db
[2026-07-23T07:27:01+02:00] [INFO] Backed up file: /home/aza/eva-adam-v2/adam.py -> /home/aza/backups/adam-v2/backup-2026-07-23T07:27:01+02:00/home/aza/eva-adam-v2/adam.py
[2026-07-23T07:27:01+02:00] [INFO] Backed up file: /home/aza/eva-adam-v2/event_bus.py -> /home/aza/backups/adam-v2/backup-2026-07-23T07:27:01+02:00/home/aza/eva-adam-v2/event_bus.py
[2026-07-23T07:27:01+02:00] [INFO] Backed up file: /home/aza/eva-adam-v2/event_daemon.py -> /home/aza/backups/adam-v2/backup-2026-07-23T07:27:01+02:00/home/aza/eva-adam-v2/event_daemon.py
[2026-07-23T07:27:01+02:00] [INFO] Backed up file: /home/aza/eva-adam-v2/file_watcher.py -> /home/aza/backups/adam-v2/backup-2026-07-23T07:27:01+02:00/home/aza/eva-adam-v2/file_watcher.py
[2026-07-23T07:27:01+02:00] [INFO] Backed up file: /home/aza/eva-adam-v2/self_heal.py -> /home/aza/backups/adam-v2/backup-2026-07-23T07:27:01+02:00/home/aza/eva-adam-v2/self_heal.py
[2026-07-23T07:27:01+02:00] [INFO] Backed up file: /home/aza/eva-adam-v2/state_isolation.py -> /home/aza/backups/adam-v2/backup-2026-07-23T07:27:01+02:00/home/aza/eva-adam-v2/state_isolation.py
[2026-07-23T07:27:01+02:00] [INFO] Backed up file: /home/aza/eva-adam-v2/v2_adapter.py -> /home/aza/backups/adam-v2/backup-2026-07-23T07:27:01+02:00/home/aza/eva-adam-v2/v2_adapter.py
[2026-07-23T07:27:01+02:00] [INFO] Backed up file: /home/aza/eva-adam-v2/worker_loop.py -> /home/aza/backups/adam-v2/backup-2026-07-23T07:27:01+02:00/home/aza/eva-adam-v2/worker_loop.py
[2026-07-23T07:27:01+02:00] [INFO] Backed up dir: /home/aza/jepa_eva/checkpoints_jepa -> /home/aza/backups/adam-v2/backup-2026-07-23T07:27:01+02:00/home/aza/jepa_eva/checkpoints_jepa
[2026-07-23T07:27:01+02:00] [INFO] Backed up dir: /home/aza/jepa_eva/registry_arena_validated/champions -> /home/aza/backups/adam-v2/backup-2026-07-23T07:27:01+02:00/home/aza/jepa_eva/registry_arena_validated/champions
[2026-07-23T07:27:01+02:00] [INFO] Backup complete: /home/aza/backups/adam-v2/backup-2026-07-23T07:27:01+02:00 (11 items, 160M)
[2026-07-23T07:27:01+02:00] [INFO] Rotation: 6 backups found, removing 1 oldest
[2026-07-23T07:27:01+02:00] [INFO] Removed old backup: /home/aza/backups/adam-v2/backup-2026-07-23T07:23:16+02:00
[2026-07-23T07:27:01+02:00] [INFO] Done. Backup root: /home/aza/backups/adam-v2 (5 backups retained)
[2026-07-23T07:36:16+02:00] [INFO] backup-handler invoked: mode=event channel=backup:failed source=adam-backup
[2026-07-23T07:36:16+02:00] [WARN] Backup failure reported — payload: {"reason": "test", "retry": true}
[2026-07-23T07:36:16+02:00] [INFO] Backed up file: /home/aza/eva-adam-v2/event_bus.db -> /home/aza/backups/adam-v2/backup-2026-07-23T07:36:16+02:00/home/aza/eva-adam-v2/event_bus.db
[2026-07-23T07:36:16+02:00] [INFO] Backed up file: /home/aza/eva-adam-v2/adam.py -> /home/aza/backups/adam-v2/backup-2026-07-23T07:36:16+02:00/home/aza/eva-adam-v2/adam.py
[2026-07-23T07:36:16+02:00] [INFO] Backed up file: /home/aza/eva-adam-v2/event_bus.py -> /home/aza/backups/adam-v2/backup-2026-07-23T07:36:16+02:00/home/aza/eva-adam-v2/event_bus.py
[2026-07-23T07:36:16+02:00] [INFO] Backed up file: /home/aza/eva-adam-v2/event_daemon.py -> /home/aza/backups/adam-v2/backup-2026-07-23T07:36:16+02:00/home/aza/eva-adam-v2/event_daemon.py
[2026-07-23T07:36:16+02:00] [INFO] Backed up file: /home/aza/eva-adam-v2/file_watcher.py -> /home/aza/backups/adam-v2/backup-2026-07-23T07:36:16+02:00/home/aza/eva-adam-v2/file_watcher.py
[2026-07-23T07:36:16+02:00] [INFO] Backed up file: /home/aza/eva-adam-v2/self_heal.py -> /home/aza/backups/adam-v2/backup-2026-07-23T07:36:16+02:00/home/aza/eva-adam-v2/self_heal.py
[2026-07-23T07:36:16+02:00] [INFO] Backed up file: /home/aza/eva-adam-v2/state_isolation.py -> /home/aza/backups/adam-v2/backup-2026-07-23T07:36:16+02:00/home/aza/eva-adam-v2/state_isolation.py
[2026-07-23T07:36:16+02:00] [INFO] Backed up file: /home/aza/eva-adam-v2/v2_adapter.py -> /home/aza/backups/adam-v2/backup-2026-07-23T07:36:16+02:00/home/aza/eva-adam-v2/v2_adapter.py
[2026-07-23T07:36:16+02:00] [INFO] Backed up file: /home/aza/eva-adam-v2/worker_loop.py -> /home/aza/backups/adam-v2/backup-2026-07-23T07:36:16+02:00/home/aza/eva-adam-v2/worker_loop.py
[2026-07-23T07:36:16+02:00] [INFO] Backed up dir: /home/aza/jepa_eva/checkpoints_jepa -> /home/aza/backups/adam-v2/backup-2026-07-23T07:36:16+02:00/home/aza/jepa_eva/checkpoints_jepa
[2026-07-23T07:36:16+02:00] [INFO] Backed up dir: /home/aza/jepa_eva/registry_arena_validated/champions -> /home/aza/backups/adam-v2/backup-2026-07-23T07:36:16+02:00/home/aza/jepa_eva/registry_arena_validated/champions
[2026-07-23T07:36:16+02:00] [INFO] Backup complete: /home/aza/backups/adam-v2/backup-2026-07-23T07:36:16+02:00 (11 items, 160M)
[2026-07-23T07:36:16+02:00] [INFO] Rotation: 6 backups found, removing 1 oldest
[2026-07-23T07:36:16+02:00] [INFO] Removed old backup: /home/aza/backups/adam-v2/backup-2026-07-23T07:23:18+02:00
[2026-07-23T07:36:16+02:00] [INFO] Done. Backup root: /home/aza/backups/adam-v2 (5 backups retained)
