[2026-07-23T07:23:43+02:00] [INFO] permission_drift: file=/tmp/test-blue-watch expected=0644 actual=0777
[2026-07-23T07:23:43+02:00] [INFO] permission_drift: file=/tmp/test-blue-watch expected=0644 actual=0777
[2026-07-23T07:23:43+02:00] [FIX] permission_drift: chmod 0644 → /tmp/test-blue-watch
[2026-07-23T07:23:51+02:00] [INFO] suid_change: 22 fichiers SUID detectes
[2026-07-23T07:23:51+02:00] [INFO] suid_change: baseline inchangee (22 fichiers)
[2026-07-23T07:23:51+02:00] [INFO] suid_change: baseline mise a jour (22 fichiers)
[2026-07-23T07:23:51+02:00] [ALERT] vulnerability_detected: package=openssh-server severity=CRITICAL cve=CVE-2025-1234
[2026-07-23T07:23:51+02:00] [ALERT] vulnerability_detected: package=openssh-server severity=CRITICAL cve=CVE-2025-1234
[2026-07-23T07:23:51+02:00] [FIX] vulnerability_detected: suggestion → apt update && apt upgrade -y
[2026-07-23T07:36:16+02:00] [WARN] permission_drift: payload incomplet — file='' expected='' actual=''
[2026-07-23T07:54:38+02:00] [INFO] permission_drift: file=/home/aza/eva-adam-v2/adam.py expected=644 actual=755
[2026-07-23T07:54:38+02:00] [FIX] permission_drift: chmod 644 → /home/aza/eva-adam-v2/adam.py
[2026-07-23T08:37:33+02:00] [WARN] permission_drift: payload incomplet — file='' expected='' actual=''
[2026-07-23T08:37:41+02:00] [INFO] suid_change: 22 fichiers SUID detectes
[2026-07-23T08:37:41+02:00] [INFO] suid_change: baseline inchangee (22 fichiers)
[2026-07-23T08:37:41+02:00] [INFO] suid_change: baseline mise a jour (22 fichiers)
[2026-07-23T08:39:47+02:00] [WARN] permission_drift: payload incomplet — file='' expected='' actual=''
[2026-07-23T08:39:55+02:00] [INFO] suid_change: 22 fichiers SUID detectes
[2026-07-23T08:39:55+02:00] [INFO] suid_change: baseline inchangee (22 fichiers)
[2026-07-23T08:39:55+02:00] [INFO] suid_change: baseline mise a jour (22 fichiers)
[2026-07-23T08:42:05+02:00] [WARN] permission_drift: payload incomplet — file='' expected='' actual=''
[2026-07-23T08:42:13+02:00] [INFO] suid_change: 22 fichiers SUID detectes
[2026-07-23T08:42:13+02:00] [INFO] suid_change: baseline inchangee (22 fichiers)
[2026-07-23T08:42:13+02:00] [INFO] suid_change: baseline mise a jour (22 fichiers)
[2026-07-23T08:46:25+02:00] [WARN] permission_drift: payload incomplet — file='' expected='' actual=''
[2026-07-23T08:46:33+02:00] [INFO] suid_change: 22 fichiers SUID detectes
[2026-07-23T08:46:33+02:00] [INFO] suid_change: baseline inchangee (22 fichiers)
[2026-07-23T08:46:33+02:00] [INFO] suid_change: baseline mise a jour (22 fichiers)
[2026-07-23T08:50:45+02:00] [WARN] permission_drift: payload incomplet — file='' expected='' actual=''
[2026-07-23T08:50:53+02:00] [INFO] suid_change: 22 fichiers SUID detectes
[2026-07-23T08:50:53+02:00] [INFO] suid_change: baseline inchangee (22 fichiers)
[2026-07-23T08:50:53+02:00] [INFO] suid_change: baseline mise a jour (22 fichiers)
[2026-07-23T08:55:05+02:00] [WARN] permission_drift: payload incomplet — file='' expected='' actual=''
[2026-07-23T08:55:13+02:00] [INFO] suid_change: 22 fichiers SUID detectes
[2026-07-23T08:55:13+02:00] [INFO] suid_change: baseline inchangee (22 fichiers)
[2026-07-23T08:55:13+02:00] [INFO] suid_change: baseline mise a jour (22 fichiers)
[2026-07-23T08:59:25+02:00] [WARN] permission_drift: payload incomplet — file='' expected='' actual=''
[2026-07-23T08:59:33+02:00] [INFO] suid_change: 22 fichiers SUID detectes
[2026-07-23T08:59:33+02:00] [INFO] suid_change: baseline inchangee (22 fichiers)
[2026-07-23T08:59:33+02:00] [INFO] suid_change: baseline mise a jour (22 fichiers)
[2026-07-23T09:03:45+02:00] [WARN] permission_drift: payload incomplet — file='' expected='' actual=''
[2026-07-23T09:03:53+02:00] [INFO] suid_change: 22 fichiers SUID detectes
[2026-07-23T09:03:53+02:00] [INFO] suid_change: baseline inchangee (22 fichiers)
[2026-07-23T09:03:53+02:00] [INFO] suid_change: baseline mise a jour (22 fichiers)
[2026-07-23T09:08:05+02:00] [WARN] permission_drift: payload incomplet — file='' expected='' actual=''
[2026-07-23T09:08:13+02:00] [INFO] suid_change: 22 fichiers SUID detectes
[2026-07-23T09:08:13+02:00] [INFO] suid_change: baseline inchangee (22 fichiers)
[2026-07-23T09:08:13+02:00] [INFO] suid_change: baseline mise a jour (22 fichiers)
[2026-07-23T09:10:11+02:00] [WARN] permission_drift: payload incomplet — file='' expected='' actual=''
[2026-07-23T09:10:19+02:00] [INFO] suid_change: 22 fichiers SUID detectes
[2026-07-23T09:10:19+02:00] [INFO] suid_change: baseline inchangee (22 fichiers)
[2026-07-23T09:10:19+02:00] [INFO] suid_change: baseline mise a jour (22 fichiers)
[2026-07-23T09:12:25+02:00] [WARN] permission_drift: payload incomplet — file='' expected='' actual=''
[2026-07-23T09:12:33+02:00] [INFO] suid_change: 22 fichiers SUID detectes
[2026-07-23T09:12:33+02:00] [INFO] suid_change: baseline inchangee (22 fichiers)
[2026-07-23T09:12:33+02:00] [INFO] suid_change: baseline mise a jour (22 fichiers)
[2026-07-23T09:13:26+02:00] [WARN] permission_drift: payload incomplet — file='' expected='' actual=''
[2026-07-23T09:13:35+02:00] [INFO] suid_change: 22 fichiers SUID detectes
[2026-07-23T09:13:35+02:00] [INFO] suid_change: baseline inchangee (22 fichiers)
[2026-07-23T09:13:35+02:00] [INFO] suid_change: baseline mise a jour (22 fichiers)
[2026-07-23T09:16:50+02:00] [WARN] permission_drift: payload incomplet — file='' expected='' actual=''
[2026-07-23T09:16:59+02:00] [INFO] suid_change: 22 fichiers SUID detectes
[2026-07-23T09:16:59+02:00] [INFO] suid_change: baseline inchangee (22 fichiers)
[2026-07-23T09:16:59+02:00] [INFO] suid_change: baseline mise a jour (22 fichiers)
[2026-07-23T09:21:12+02:00] [WARN] permission_drift: payload incomplet — file='' expected='' actual=''
[2026-07-23T09:21:19+02:00] [INFO] suid_change: 22 fichiers SUID detectes
[2026-07-23T09:21:19+02:00] [INFO] suid_change: baseline inchangee (22 fichiers)
[2026-07-23T09:21:19+02:00] [INFO] suid_change: baseline mise a jour (22 fichiers)
[2026-07-23T09:25:32+02:00] [WARN] permission_drift: payload incomplet — file='' expected='' actual=''
[2026-07-23T09:25:39+02:00] [INFO] suid_change: 22 fichiers SUID detectes
[2026-07-23T09:25:39+02:00] [INFO] suid_change: baseline inchangee (22 fichiers)
[2026-07-23T09:25:39+02:00] [INFO] suid_change: baseline mise a jour (22 fichiers)
[2026-07-23T09:29:52+02:00] [WARN] permission_drift: payload incomplet — file='' expected='' actual=''
[2026-07-23T09:30:01+02:00] [INFO] suid_change: 22 fichiers SUID detectes
[2026-07-23T09:30:01+02:00] [INFO] suid_change: baseline inchangee (22 fichiers)
[2026-07-23T09:30:01+02:00] [INFO] suid_change: baseline mise a jour (22 fichiers)
[2026-07-23T09:34:14+02:00] [WARN] permission_drift: payload incomplet — file='' expected='' actual=''
[2026-07-23T09:34:21+02:00] [INFO] suid_change: 22 fichiers SUID detectes
[2026-07-23T09:34:21+02:00] [INFO] suid_change: baseline inchangee (22 fichiers)
[2026-07-23T09:34:21+02:00] [INFO] suid_change: baseline mise a jour (22 fichiers)
[2026-07-23T09:38:34+02:00] [WARN] permission_drift: payload incomplet — file='' expected='' actual=''
[2026-07-23T09:38:42+02:00] [INFO] suid_change: 22 fichiers SUID detectes
[2026-07-23T09:38:42+02:00] [INFO] suid_change: baseline inchangee (22 fichiers)
[2026-07-23T09:38:42+02:00] [INFO] suid_change: baseline mise a jour (22 fichiers)
[2026-07-23T09:42:54+02:00] [WARN] permission_drift: payload incomplet — file='' expected='' actual=''
[2026-07-23T09:43:04+02:00] [INFO] suid_change: 22 fichiers SUID detectes
[2026-07-23T09:43:04+02:00] [INFO] suid_change: baseline inchangee (22 fichiers)
[2026-07-23T09:43:04+02:00] [INFO] suid_change: baseline mise a jour (22 fichiers)
[2026-07-23T09:47:16+02:00] [WARN] permission_drift: payload incomplet — file='' expected='' actual=''
[2026-07-23T09:47:24+02:00] [INFO] suid_change: 22 fichiers SUID detectes
[2026-07-23T09:47:24+02:00] [INFO] suid_change: baseline inchangee (22 fichiers)
[2026-07-23T09:47:24+02:00] [INFO] suid_change: baseline mise a jour (22 fichiers)
[2026-07-23T09:51:36+02:00] [WARN] permission_drift: payload incomplet — file='' expected='' actual=''
[2026-07-23T09:51:44+02:00] [INFO] suid_change: 22 fichiers SUID detectes
[2026-07-23T09:51:44+02:00] [INFO] suid_change: baseline inchangee (22 fichiers)
[2026-07-23T09:51:44+02:00] [INFO] suid_change: baseline mise a jour (22 fichiers)
[2026-07-23T09:55:56+02:00] [WARN] permission_drift: payload incomplet — file='' expected='' actual=''
[2026-07-23T09:56:06+02:00] [INFO] suid_change: 22 fichiers SUID detectes
[2026-07-23T09:56:06+02:00] [INFO] suid_change: baseline inchangee (22 fichiers)
[2026-07-23T09:56:06+02:00] [INFO] suid_change: baseline mise a jour (22 fichiers)
[2026-07-23T10:00:18+02:00] [WARN] permission_drift: payload incomplet — file='' expected='' actual=''
[2026-07-23T10:00:26+02:00] [INFO] suid_change: 22 fichiers SUID detectes
[2026-07-23T10:00:26+02:00] [INFO] suid_change: baseline inchangee (22 fichiers)
[2026-07-23T10:00:26+02:00] [INFO] suid_change: baseline mise a jour (22 fichiers)
[2026-07-23T10:03:06+02:00] [WARN] permission_drift: payload incomplet — file='' expected='' actual=''
[2026-07-23T10:03:16+02:00] [INFO] suid_change: 22 fichiers SUID detectes
[2026-07-23T10:03:16+02:00] [INFO] suid_change: baseline inchangee (22 fichiers)
[2026-07-23T10:03:16+02:00] [INFO] suid_change: baseline mise a jour (22 fichiers)
[2026-07-23T10:07:28+02:00] [WARN] permission_drift: payload incomplet — file='' expected='' actual=''
[2026-07-23T10:07:36+02:00] [INFO] suid_change: 22 fichiers SUID detectes
[2026-07-23T10:07:36+02:00] [INFO] suid_change: baseline inchangee (22 fichiers)
[2026-07-23T10:07:36+02:00] [INFO] suid_change: baseline mise a jour (22 fichiers)
[2026-07-23T10:11:50+02:00] [WARN] permission_drift: payload incomplet — file='' expected='' actual=''
[2026-07-23T10:11:58+02:00] [INFO] suid_change: 22 fichiers SUID detectes
[2026-07-23T10:11:58+02:00] [INFO] suid_change: baseline inchangee (22 fichiers)
[2026-07-23T10:11:58+02:00] [INFO] suid_change: baseline mise a jour (22 fichiers)
[2026-07-23T10:16:11+02:00] [WARN] permission_drift: payload incomplet — file='' expected='' actual=''
[2026-07-23T10:16:18+02:00] [INFO] suid_change: 22 fichiers SUID detectes
[2026-07-23T10:16:18+02:00] [INFO] suid_change: baseline inchangee (22 fichiers)
[2026-07-23T10:16:18+02:00] [INFO] suid_change: baseline mise a jour (22 fichiers)
[2026-07-23T10:20:33+02:00] [WARN] permission_drift: payload incomplet — file='' expected='' actual=''
[2026-07-23T10:20:40+02:00] [INFO] suid_change: 22 fichiers SUID detectes
[2026-07-23T10:20:40+02:00] [INFO] suid_change: baseline inchangee (22 fichiers)
[2026-07-23T10:20:40+02:00] [INFO] suid_change: baseline mise a jour (22 fichiers)
[2026-07-23T10:24:53+02:00] [WARN] permission_drift: payload incomplet — file='' expected='' actual=''
[2026-07-23T10:25:00+02:00] [INFO] suid_change: 22 fichiers SUID detectes
[2026-07-23T10:25:00+02:00] [INFO] suid_change: baseline inchangee (22 fichiers)
[2026-07-23T10:25:00+02:00] [INFO] suid_change: baseline mise a jour (22 fichiers)
[2026-07-23T10:29:15+02:00] [WARN] permission_drift: payload incomplet — file='' expected='' actual=''
[2026-07-23T10:29:22+02:00] [INFO] suid_change: 22 fichiers SUID detectes
[2026-07-23T10:29:22+02:00] [INFO] suid_change: baseline inchangee (22 fichiers)
[2026-07-23T10:29:22+02:00] [INFO] suid_change: baseline mise a jour (22 fichiers)
[2026-07-23T10:33:35+02:00] [WARN] permission_drift: payload incomplet — file='' expected='' actual=''
[2026-07-23T10:33:45+02:00] [INFO] suid_change: 22 fichiers SUID detectes
[2026-07-23T10:33:45+02:00] [INFO] suid_change: baseline inchangee (22 fichiers)
[2026-07-23T10:33:45+02:00] [INFO] suid_change: baseline mise a jour (22 fichiers)
[2026-07-23T10:37:57+02:00] [WARN] permission_drift: payload incomplet — file='' expected='' actual=''
[2026-07-23T10:38:05+02:00] [INFO] suid_change: 22 fichiers SUID detectes
[2026-07-23T10:38:05+02:00] [INFO] suid_change: baseline inchangee (22 fichiers)
[2026-07-23T10:38:05+02:00] [INFO] suid_change: baseline mise a jour (22 fichiers)
[2026-07-23T10:42:17+02:00] [WARN] permission_drift: payload incomplet — file='' expected='' actual=''
[2026-07-23T10:42:27+02:00] [INFO] suid_change: 22 fichiers SUID detectes
[2026-07-23T10:42:27+02:00] [INFO] suid_change: baseline inchangee (22 fichiers)
[2026-07-23T10:42:27+02:00] [INFO] suid_change: baseline mise a jour (22 fichiers)
[2026-07-23T10:46:39+02:00] [WARN] permission_drift: payload incomplet — file='' expected='' actual=''
[2026-07-23T10:46:47+02:00] [INFO] suid_change: 22 fichiers SUID detectes
[2026-07-23T10:46:47+02:00] [INFO] suid_change: baseline inchangee (22 fichiers)
[2026-07-23T10:46:47+02:00] [INFO] suid_change: baseline mise a jour (22 fichiers)
[2026-07-23T10:51:01+02:00] [WARN] permission_drift: payload incomplet — file='' expected='' actual=''
[2026-07-23T10:51:09+02:00] [INFO] suid_change: 22 fichiers SUID detectes
[2026-07-23T10:51:09+02:00] [INFO] suid_change: baseline inchangee (22 fichiers)
[2026-07-23T10:51:09+02:00] [INFO] suid_change: baseline mise a jour (22 fichiers)
[2026-07-23T10:55:21+02:00] [WARN] permission_drift: payload incomplet — file='' expected='' actual=''
[2026-07-23T10:55:29+02:00] [INFO] suid_change: 22 fichiers SUID detectes
[2026-07-23T10:55:29+02:00] [INFO] suid_change: baseline inchangee (22 fichiers)
[2026-07-23T10:55:29+02:00] [INFO] suid_change: baseline mise a jour (22 fichiers)
[2026-07-23T10:59:43+02:00] [WARN] permission_drift: payload incomplet — file='' expected='' actual=''
[2026-07-23T10:59:51+02:00] [INFO] suid_change: 22 fichiers SUID detectes
[2026-07-23T10:59:51+02:00] [INFO] suid_change: baseline inchangee (22 fichiers)
[2026-07-23T10:59:51+02:00] [INFO] suid_change: baseline mise a jour (22 fichiers)
[2026-07-23T11:04:03+02:00] [WARN] permission_drift: payload incomplet — file='' expected='' actual=''
[2026-07-23T11:04:13+02:00] [INFO] suid_change: 22 fichiers SUID detectes
[2026-07-23T11:04:13+02:00] [INFO] suid_change: baseline inchangee (22 fichiers)
[2026-07-23T11:04:13+02:00] [INFO] suid_change: baseline mise a jour (22 fichiers)
[2026-07-23T11:08:25+02:00] [WARN] permission_drift: payload incomplet — file='' expected='' actual=''
[2026-07-23T11:08:33+02:00] [INFO] suid_change: 22 fichiers SUID detectes
[2026-07-23T11:08:33+02:00] [INFO] suid_change: baseline inchangee (22 fichiers)
[2026-07-23T11:08:33+02:00] [INFO] suid_change: baseline mise a jour (22 fichiers)
[2026-07-23T11:12:45+02:00] [WARN] permission_drift: payload incomplet — file='' expected='' actual=''
[2026-07-23T11:12:55+02:00] [INFO] suid_change: 22 fichiers SUID detectes
[2026-07-23T11:12:55+02:00] [INFO] suid_change: baseline inchangee (22 fichiers)
[2026-07-23T11:12:55+02:00] [INFO] suid_change: baseline mise a jour (22 fichiers)
[2026-07-23T11:17:07+02:00] [WARN] permission_drift: payload incomplet — file='' expected='' actual=''
[2026-07-23T11:17:15+02:00] [INFO] suid_change: 22 fichiers SUID detectes
[2026-07-23T11:17:15+02:00] [INFO] suid_change: baseline inchangee (22 fichiers)
[2026-07-23T11:17:15+02:00] [INFO] suid_change: baseline mise a jour (22 fichiers)
[2026-07-23T11:21:30+02:00] [WARN] permission_drift: payload incomplet — file='' expected='' actual=''
[2026-07-23T11:21:37+02:00] [INFO] suid_change: 22 fichiers SUID detectes
[2026-07-23T11:21:37+02:00] [INFO] suid_change: baseline inchangee (22 fichiers)
[2026-07-23T11:21:37+02:00] [INFO] suid_change: baseline mise a jour (22 fichiers)
[2026-07-23T11:25:50+02:00] [WARN] permission_drift: payload incomplet — file='' expected='' actual=''
[2026-07-23T11:25:50+02:00] [INFO] → published security:alert for adam-sentinel
[2026-07-23T11:25:57+02:00] [INFO] suid_change: 22 fichiers SUID detectes
[2026-07-23T11:25:58+02:00] [INFO] suid_change: baseline inchangee (22 fichiers)
[2026-07-23T11:25:58+02:00] [INFO] suid_change: baseline mise a jour (22 fichiers)
[2026-07-23T11:30:12+02:00] [WARN] permission_drift: payload incomplet — file='' expected='' actual=''
[2026-07-23T11:30:12+02:00] [INFO] → published security:alert for adam-sentinel
[2026-07-23T11:30:20+02:00] [INFO] suid_change: 22 fichiers SUID detectes
[2026-07-23T11:30:20+02:00] [INFO] suid_change: baseline inchangee (22 fichiers)
[2026-07-23T11:30:20+02:00] [INFO] suid_change: baseline mise a jour (22 fichiers)
[2026-07-23T11:34:32+02:00] [WARN] permission_drift: payload incomplet — file='' expected='' actual=''
[2026-07-23T11:34:32+02:00] [INFO] → published security:alert for adam-sentinel
[2026-07-23T11:34:40+02:00] [INFO] suid_change: 22 fichiers SUID detectes
[2026-07-23T11:34:40+02:00] [INFO] suid_change: baseline inchangee (22 fichiers)
[2026-07-23T11:34:40+02:00] [INFO] suid_change: baseline mise a jour (22 fichiers)
[2026-07-23T11:38:54+02:00] [WARN] permission_drift: payload incomplet — file='' expected='' actual=''
[2026-07-23T11:38:54+02:00] [INFO] → published security:alert for adam-sentinel
[2026-07-23T11:39:02+02:00] [INFO] suid_change: 22 fichiers SUID detectes
[2026-07-23T11:39:02+02:00] [INFO] suid_change: baseline inchangee (22 fichiers)
[2026-07-23T11:39:02+02:00] [INFO] suid_change: baseline mise a jour (22 fichiers)
[2026-07-23T11:43:14+02:00] [WARN] permission_drift: payload incomplet — file='' expected='' actual=''
[2026-07-23T11:43:14+02:00] [INFO] → published security:alert for adam-sentinel
[2026-07-23T11:43:31+02:00] [INFO] suid_change: 22 fichiers SUID detectes
[2026-07-23T11:43:31+02:00] [INFO] suid_change: baseline inchangee (22 fichiers)
[2026-07-23T11:43:31+02:00] [INFO] suid_change: baseline mise a jour (22 fichiers)
[2026-07-23T11:43:46+02:00] [WARN] permission_drift: payload incomplet — file='' expected='' actual=''
[2026-07-23T11:43:46+02:00] [INFO] → published security:alert for adam-sentinel
[2026-07-23T11:47:36+02:00] [WARN] permission_drift: payload incomplet — file='' expected='' actual=''
[2026-07-23T11:47:36+02:00] [INFO] → published security:alert for adam-sentinel
[2026-07-23T11:47:45+02:00] [INFO] suid_change: 30 fichiers SUID detectes
[2026-07-23T11:47:45+02:00] [ALERT] suid_change: NOUVEAUX fichiers SUID ajoutes:
[2026-07-23T11:47:45+02:00] [ALERT]   + /tmp/containerd-mount565839088/usr/bin/chfn
[2026-07-23T11:47:45+02:00] [ALERT]   + /tmp/containerd-mount565839088/usr/bin/chsh
[2026-07-23T11:47:45+02:00] [ALERT]   + /tmp/containerd-mount565839088/usr/bin/gpasswd
[2026-07-23T11:47:45+02:00] [ALERT]   + /tmp/containerd-mount565839088/usr/bin/mount
[2026-07-23T11:47:45+02:00] [ALERT]   + /tmp/containerd-mount565839088/usr/bin/newgrp
[2026-07-23T11:47:45+02:00] [ALERT]   + /tmp/containerd-mount565839088/usr/bin/passwd
[2026-07-23T11:47:45+02:00] [ALERT]   + /tmp/containerd-mount565839088/usr/bin/su
[2026-07-23T11:47:45+02:00] [ALERT]   + /tmp/containerd-mount565839088/usr/bin/umount
[2026-07-23T11:47:45+02:00] [INFO] suid_change: baseline mise a jour (30 fichiers)
[2026-07-23T11:51:56+02:00] [WARN] permission_drift: payload incomplet — file='' expected='' actual=''
[2026-07-23T11:51:56+02:00] [INFO] → published security:alert for adam-sentinel
[2026-07-23T11:52:06+02:00] [INFO] suid_change: 30 fichiers SUID detectes
[2026-07-23T11:52:06+02:00] [INFO] suid_change: baseline inchangee (30 fichiers)
[2026-07-23T11:52:06+02:00] [INFO] suid_change: baseline mise a jour (30 fichiers)
[2026-07-23T11:56:18+02:00] [WARN] permission_drift: payload incomplet — file='' expected='' actual=''
[2026-07-23T11:56:18+02:00] [INFO] → published security:alert for adam-sentinel
[2026-07-23T11:56:27+02:00] [INFO] suid_change: 22 fichiers SUID detectes
[2026-07-23T11:56:27+02:00] [INFO] suid_change: fichiers SUID supprimes:
[2026-07-23T11:56:27+02:00] [INFO]   - /tmp/containerd-mount565839088/usr/bin/chfn
[2026-07-23T11:56:27+02:00] [INFO]   - /tmp/containerd-mount565839088/usr/bin/chsh
[2026-07-23T11:56:27+02:00] [INFO]   - /tmp/containerd-mount565839088/usr/bin/gpasswd
[2026-07-23T11:56:27+02:00] [INFO]   - /tmp/containerd-mount565839088/usr/bin/mount
[2026-07-23T11:56:27+02:00] [INFO]   - /tmp/containerd-mount565839088/usr/bin/newgrp
[2026-07-23T11:56:27+02:00] [INFO]   - /tmp/containerd-mount565839088/usr/bin/passwd
[2026-07-23T11:56:27+02:00] [INFO]   - /tmp/containerd-mount565839088/usr/bin/su
[2026-07-23T11:56:27+02:00] [INFO]   - /tmp/containerd-mount565839088/usr/bin/umount
[2026-07-23T11:56:27+02:00] [INFO] suid_change: baseline mise a jour (22 fichiers)
[2026-07-23T12:00:40+02:00] [WARN] permission_drift: payload incomplet — file='' expected='' actual=''
[2026-07-23T12:00:40+02:00] [INFO] → published security:alert for adam-sentinel
[2026-07-23T12:00:48+02:00] [INFO] suid_change: 22 fichiers SUID detectes
[2026-07-23T12:00:48+02:00] [INFO] suid_change: baseline inchangee (22 fichiers)
[2026-07-23T12:00:48+02:00] [INFO] suid_change: baseline mise a jour (22 fichiers)
[2026-07-23T12:05:00+02:00] [WARN] permission_drift: payload incomplet — file='' expected='' actual=''
[2026-07-23T12:05:00+02:00] [INFO] → published security:alert for adam-sentinel
[2026-07-23T12:05:08+02:00] [INFO] suid_change: 22 fichiers SUID detectes
[2026-07-23T12:05:08+02:00] [INFO] suid_change: baseline inchangee (22 fichiers)
[2026-07-23T12:05:08+02:00] [INFO] suid_change: baseline mise a jour (22 fichiers)
[2026-07-23T12:09:23+02:00] [WARN] permission_drift: payload incomplet — file='' expected='' actual=''
[2026-07-23T12:09:23+02:00] [INFO] → published security:alert for adam-sentinel
[2026-07-23T12:09:30+02:00] [INFO] suid_change: 22 fichiers SUID detectes
[2026-07-23T12:09:30+02:00] [INFO] suid_change: baseline inchangee (22 fichiers)
[2026-07-23T12:09:30+02:00] [INFO] suid_change: baseline mise a jour (22 fichiers)
[2026-07-23T12:13:43+02:00] [WARN] permission_drift: payload incomplet — file='' expected='' actual=''
[2026-07-23T12:13:43+02:00] [INFO] → published security:alert for adam-sentinel
[2026-07-23T12:13:50+02:00] [INFO] suid_change: 22 fichiers SUID detectes
[2026-07-23T12:13:50+02:00] [INFO] suid_change: baseline inchangee (22 fichiers)
[2026-07-23T12:13:50+02:00] [INFO] suid_change: baseline mise a jour (22 fichiers)
[2026-07-23T12:18:05+02:00] [WARN] permission_drift: payload incomplet — file='' expected='' actual=''
[2026-07-23T12:18:05+02:00] [INFO] → published security:alert for adam-sentinel
[2026-07-23T12:18:12+02:00] [INFO] suid_change: 22 fichiers SUID detectes
[2026-07-23T12:18:13+02:00] [INFO] suid_change: baseline inchangee (22 fichiers)
[2026-07-23T12:18:13+02:00] [INFO] suid_change: baseline mise a jour (22 fichiers)
[2026-07-23T12:22:25+02:00] [WARN] permission_drift: payload incomplet — file='' expected='' actual=''
[2026-07-23T12:22:25+02:00] [INFO] → published security:alert for adam-sentinel
[2026-07-23T12:22:35+02:00] [INFO] suid_change: 22 fichiers SUID detectes
[2026-07-23T12:22:35+02:00] [INFO] suid_change: baseline inchangee (22 fichiers)
[2026-07-23T12:22:35+02:00] [INFO] suid_change: baseline mise a jour (22 fichiers)
[2026-07-23T12:26:47+02:00] [WARN] permission_drift: payload incomplet — file='' expected='' actual=''
[2026-07-23T12:26:47+02:00] [INFO] → published security:alert for adam-sentinel
[2026-07-23T12:26:55+02:00] [INFO] suid_change: 22 fichiers SUID detectes
[2026-07-23T12:26:55+02:00] [INFO] suid_change: baseline inchangee (22 fichiers)
[2026-07-23T12:26:55+02:00] [INFO] suid_change: baseline mise a jour (22 fichiers)
[2026-07-23T12:31:07+02:00] [WARN] permission_drift: payload incomplet — file='' expected='' actual=''
[2026-07-23T12:31:07+02:00] [INFO] → published security:alert for adam-sentinel
[2026-07-23T12:31:17+02:00] [INFO] suid_change: 22 fichiers SUID detectes
[2026-07-23T12:31:17+02:00] [INFO] suid_change: baseline inchangee (22 fichiers)
[2026-07-23T12:31:17+02:00] [INFO] suid_change: baseline mise a jour (22 fichiers)
[2026-07-23T12:35:29+02:00] [WARN] permission_drift: payload incomplet — file='' expected='' actual=''
[2026-07-23T12:35:29+02:00] [INFO] → published security:alert for adam-sentinel
[2026-07-23T12:35:37+02:00] [INFO] suid_change: 22 fichiers SUID detectes
[2026-07-23T12:35:37+02:00] [INFO] suid_change: baseline inchangee (22 fichiers)
[2026-07-23T12:35:37+02:00] [INFO] suid_change: baseline mise a jour (22 fichiers)
[2026-07-23T12:39:49+02:00] [WARN] permission_drift: payload incomplet — file='' expected='' actual=''
[2026-07-23T12:39:49+02:00] [INFO] → published security:alert for adam-sentinel
[2026-07-23T12:39:59+02:00] [INFO] suid_change: 22 fichiers SUID detectes
[2026-07-23T12:39:59+02:00] [INFO] suid_change: baseline inchangee (22 fichiers)
[2026-07-23T12:39:59+02:00] [INFO] suid_change: baseline mise a jour (22 fichiers)
[2026-07-23T12:44:11+02:00] [WARN] permission_drift: payload incomplet — file='' expected='' actual=''
[2026-07-23T12:44:11+02:00] [INFO] → published security:alert for adam-sentinel
[2026-07-23T12:44:19+02:00] [INFO] suid_change: 22 fichiers SUID detectes
[2026-07-23T12:44:19+02:00] [INFO] suid_change: baseline inchangee (22 fichiers)
[2026-07-23T12:44:19+02:00] [INFO] suid_change: baseline mise a jour (22 fichiers)
[2026-07-23T12:48:33+02:00] [WARN] permission_drift: payload incomplet — file='' expected='' actual=''
[2026-07-23T12:48:34+02:00] [INFO] → published security:alert for adam-sentinel
[2026-07-23T12:48:41+02:00] [INFO] suid_change: 22 fichiers SUID detectes
[2026-07-23T12:48:41+02:00] [INFO] suid_change: baseline inchangee (22 fichiers)
[2026-07-23T12:48:41+02:00] [INFO] suid_change: baseline mise a jour (22 fichiers)
[2026-07-23T12:52:54+02:00] [WARN] permission_drift: payload incomplet — file='' expected='' actual=''
[2026-07-23T12:52:54+02:00] [INFO] → published security:alert for adam-sentinel
[2026-07-23T12:53:01+02:00] [INFO] suid_change: 22 fichiers SUID detectes
[2026-07-23T12:53:01+02:00] [INFO] suid_change: baseline inchangee (22 fichiers)
[2026-07-23T12:53:01+02:00] [INFO] suid_change: baseline mise a jour (22 fichiers)
[2026-07-23T12:57:16+02:00] [WARN] permission_drift: payload incomplet — file='' expected='' actual=''
[2026-07-23T12:57:16+02:00] [INFO] → published security:alert for adam-sentinel
[2026-07-23T12:57:23+02:00] [INFO] suid_change: 22 fichiers SUID detectes
[2026-07-23T12:57:23+02:00] [INFO] suid_change: baseline inchangee (22 fichiers)
[2026-07-23T12:57:23+02:00] [INFO] suid_change: baseline mise a jour (22 fichiers)
[2026-07-23T13:01:36+02:00] [WARN] permission_drift: payload incomplet — file='' expected='' actual=''
[2026-07-23T13:01:36+02:00] [INFO] → published security:alert for adam-sentinel
[2026-07-23T13:01:43+02:00] [INFO] suid_change: 22 fichiers SUID detectes
[2026-07-23T13:01:43+02:00] [INFO] suid_change: baseline inchangee (22 fichiers)
[2026-07-23T13:01:43+02:00] [INFO] suid_change: baseline mise a jour (22 fichiers)
[2026-07-23T13:05:58+02:00] [WARN] permission_drift: payload incomplet — file='' expected='' actual=''
[2026-07-23T13:05:58+02:00] [INFO] → published security:alert for adam-sentinel
[2026-07-23T13:06:06+02:00] [INFO] suid_change: 22 fichiers SUID detectes
[2026-07-23T13:06:06+02:00] [INFO] suid_change: baseline inchangee (22 fichiers)
[2026-07-23T13:06:06+02:00] [INFO] suid_change: baseline mise a jour (22 fichiers)
[2026-07-23T13:10:20+02:00] [WARN] permission_drift: payload incomplet — file='' expected='' actual=''
[2026-07-23T13:10:20+02:00] [INFO] → published security:alert for adam-sentinel
[2026-07-23T13:10:28+02:00] [INFO] suid_change: 22 fichiers SUID detectes
[2026-07-23T13:10:28+02:00] [INFO] suid_change: baseline inchangee (22 fichiers)
[2026-07-23T13:10:28+02:00] [INFO] suid_change: baseline mise a jour (22 fichiers)
[2026-07-23T13:14:40+02:00] [WARN] permission_drift: payload incomplet — file='' expected='' actual=''
[2026-07-23T13:14:40+02:00] [INFO] → published security:alert for adam-sentinel
[2026-07-23T13:14:48+02:00] [INFO] suid_change: 22 fichiers SUID detectes
[2026-07-23T13:14:48+02:00] [INFO] suid_change: baseline inchangee (22 fichiers)
[2026-07-23T13:14:48+02:00] [INFO] suid_change: baseline mise a jour (22 fichiers)
[2026-07-23T13:19:02+02:00] [WARN] permission_drift: payload incomplet — file='' expected='' actual=''
[2026-07-23T13:19:02+02:00] [INFO] → published security:alert for adam-sentinel
[2026-07-23T13:19:10+02:00] [INFO] suid_change: 22 fichiers SUID detectes
[2026-07-23T13:19:10+02:00] [INFO] suid_change: baseline inchangee (22 fichiers)
[2026-07-23T13:19:10+02:00] [INFO] suid_change: baseline mise a jour (22 fichiers)
[2026-07-23T13:23:22+02:00] [WARN] permission_drift: payload incomplet — file='' expected='' actual=''
[2026-07-23T13:23:22+02:00] [INFO] → published security:alert for adam-sentinel
[2026-07-23T13:23:30+02:00] [INFO] suid_change: 22 fichiers SUID detectes
[2026-07-23T13:23:30+02:00] [INFO] suid_change: baseline inchangee (22 fichiers)
[2026-07-23T13:23:30+02:00] [INFO] suid_change: baseline mise a jour (22 fichiers)
[2026-07-23T13:27:44+02:00] [WARN] permission_drift: payload incomplet — file='' expected='' actual=''
[2026-07-23T13:27:44+02:00] [INFO] → published security:alert for adam-sentinel
[2026-07-23T13:27:52+02:00] [INFO] suid_change: 22 fichiers SUID detectes
[2026-07-23T13:27:52+02:00] [INFO] suid_change: baseline inchangee (22 fichiers)
[2026-07-23T13:27:52+02:00] [INFO] suid_change: baseline mise a jour (22 fichiers)
[2026-07-23T13:32:04+02:00] [WARN] permission_drift: payload incomplet — file='' expected='' actual=''
[2026-07-23T13:32:05+02:00] [INFO] → published security:alert for adam-sentinel
[2026-07-23T13:32:14+02:00] [INFO] suid_change: 22 fichiers SUID detectes
[2026-07-23T13:32:14+02:00] [INFO] suid_change: baseline inchangee (22 fichiers)
[2026-07-23T13:32:14+02:00] [INFO] suid_change: baseline mise a jour (22 fichiers)
[2026-07-23T13:36:27+02:00] [WARN] permission_drift: payload incomplet — file='' expected='' actual=''
[2026-07-23T13:36:27+02:00] [INFO] → published security:alert for adam-sentinel
[2026-07-23T13:36:34+02:00] [INFO] suid_change: 22 fichiers SUID detectes
[2026-07-23T13:36:34+02:00] [INFO] suid_change: baseline inchangee (22 fichiers)
[2026-07-23T13:36:34+02:00] [INFO] suid_change: baseline mise a jour (22 fichiers)
[2026-07-23T13:40:47+02:00] [WARN] permission_drift: payload incomplet — file='' expected='' actual=''
[2026-07-23T13:40:47+02:00] [INFO] → published security:alert for adam-sentinel
[2026-07-23T13:40:56+02:00] [INFO] suid_change: 22 fichiers SUID detectes
[2026-07-23T13:40:56+02:00] [INFO] suid_change: baseline inchangee (22 fichiers)
[2026-07-23T13:40:56+02:00] [INFO] suid_change: baseline mise a jour (22 fichiers)
[2026-07-23T13:45:09+02:00] [WARN] permission_drift: payload incomplet — file='' expected='' actual=''
[2026-07-23T13:45:09+02:00] [INFO] → published security:alert for adam-sentinel
[2026-07-23T13:45:16+02:00] [INFO] suid_change: 22 fichiers SUID detectes
[2026-07-23T13:45:16+02:00] [INFO] suid_change: baseline inchangee (22 fichiers)
[2026-07-23T13:45:16+02:00] [INFO] suid_change: baseline mise a jour (22 fichiers)
[2026-07-23T13:49:29+02:00] [WARN] permission_drift: payload incomplet — file='' expected='' actual=''
[2026-07-23T13:49:29+02:00] [INFO] → published security:alert for adam-sentinel
[2026-07-23T13:49:38+02:00] [INFO] suid_change: 22 fichiers SUID detectes
[2026-07-23T13:49:38+02:00] [INFO] suid_change: baseline inchangee (22 fichiers)
[2026-07-23T13:49:38+02:00] [INFO] suid_change: baseline mise a jour (22 fichiers)
[2026-07-23T13:53:51+02:00] [WARN] permission_drift: payload incomplet — file='' expected='' actual=''
[2026-07-23T13:53:51+02:00] [INFO] → published security:alert for adam-sentinel
[2026-07-23T13:53:59+02:00] [INFO] suid_change: 22 fichiers SUID detectes
[2026-07-23T13:53:59+02:00] [INFO] suid_change: baseline inchangee (22 fichiers)
[2026-07-23T13:53:59+02:00] [INFO] suid_change: baseline mise a jour (22 fichiers)
[2026-07-23T13:58:13+02:00] [WARN] permission_drift: payload incomplet — file='' expected='' actual=''
[2026-07-23T13:58:13+02:00] [INFO] → published security:alert for adam-sentinel
[2026-07-23T13:58:21+02:00] [INFO] suid_change: 22 fichiers SUID detectes
[2026-07-23T13:58:21+02:00] [INFO] suid_change: baseline inchangee (22 fichiers)
[2026-07-23T13:58:21+02:00] [INFO] suid_change: baseline mise a jour (22 fichiers)
[2026-07-23T14:02:33+02:00] [WARN] permission_drift: payload incomplet — file='' expected='' actual=''
[2026-07-23T14:02:33+02:00] [INFO] → published security:alert for adam-sentinel
[2026-07-23T14:02:41+02:00] [INFO] suid_change: 22 fichiers SUID detectes
[2026-07-23T14:02:41+02:00] [INFO] suid_change: baseline inchangee (22 fichiers)
[2026-07-23T14:02:41+02:00] [INFO] suid_change: baseline mise a jour (22 fichiers)
[2026-07-23T14:06:55+02:00] [WARN] permission_drift: payload incomplet — file='' expected='' actual=''
[2026-07-23T14:06:55+02:00] [INFO] → published security:alert for adam-sentinel
[2026-07-23T14:07:03+02:00] [INFO] suid_change: 22 fichiers SUID detectes
[2026-07-23T14:07:03+02:00] [INFO] suid_change: baseline inchangee (22 fichiers)
[2026-07-23T14:07:03+02:00] [INFO] suid_change: baseline mise a jour (22 fichiers)
[2026-07-23T14:11:15+02:00] [WARN] permission_drift: payload incomplet — file='' expected='' actual=''
[2026-07-23T14:11:15+02:00] [INFO] → published security:alert for adam-sentinel
[2026-07-23T14:11:23+02:00] [INFO] suid_change: 22 fichiers SUID detectes
[2026-07-23T14:11:23+02:00] [INFO] suid_change: baseline inchangee (22 fichiers)
[2026-07-23T14:11:23+02:00] [INFO] suid_change: baseline mise a jour (22 fichiers)
[2026-07-23T14:15:38+02:00] [WARN] permission_drift: payload incomplet — file='' expected='' actual=''
[2026-07-23T14:15:38+02:00] [INFO] → published security:alert for adam-sentinel
[2026-07-23T14:15:45+02:00] [INFO] suid_change: 22 fichiers SUID detectes
[2026-07-23T14:15:45+02:00] [INFO] suid_change: baseline inchangee (22 fichiers)
[2026-07-23T14:15:45+02:00] [INFO] suid_change: baseline mise a jour (22 fichiers)
[2026-07-23T14:19:58+02:00] [WARN] permission_drift: payload incomplet — file='' expected='' actual=''
[2026-07-23T14:19:58+02:00] [INFO] → published security:alert for adam-sentinel
[2026-07-23T14:20:07+02:00] [INFO] suid_change: 22 fichiers SUID detectes
[2026-07-23T14:20:07+02:00] [INFO] suid_change: baseline inchangee (22 fichiers)
[2026-07-23T14:20:07+02:00] [INFO] suid_change: baseline mise a jour (22 fichiers)
[2026-07-23T14:24:20+02:00] [WARN] permission_drift: payload incomplet — file='' expected='' actual=''
[2026-07-23T14:24:20+02:00] [INFO] → published security:alert for adam-sentinel
[2026-07-23T14:24:27+02:00] [INFO] suid_change: 22 fichiers SUID detectes
[2026-07-23T14:24:27+02:00] [INFO] suid_change: baseline inchangee (22 fichiers)
[2026-07-23T14:24:27+02:00] [INFO] suid_change: baseline mise a jour (22 fichiers)
[2026-07-23T14:28:40+02:00] [WARN] permission_drift: payload incomplet — file='' expected='' actual=''
[2026-07-23T14:28:40+02:00] [INFO] → published security:alert for adam-sentinel
[2026-07-23T14:28:49+02:00] [INFO] suid_change: 22 fichiers SUID detectes
[2026-07-23T14:28:49+02:00] [INFO] suid_change: baseline inchangee (22 fichiers)
[2026-07-23T14:28:49+02:00] [INFO] suid_change: baseline mise a jour (22 fichiers)
[2026-07-23T14:33:02+02:00] [WARN] permission_drift: payload incomplet — file='' expected='' actual=''
[2026-07-23T14:33:02+02:00] [INFO] → published security:alert for adam-sentinel
[2026-07-23T14:33:09+02:00] [INFO] suid_change: 22 fichiers SUID detectes
[2026-07-23T14:33:09+02:00] [INFO] suid_change: baseline inchangee (22 fichiers)
[2026-07-23T14:33:09+02:00] [INFO] suid_change: baseline mise a jour (22 fichiers)
[2026-07-23T14:37:24+02:00] [WARN] permission_drift: payload incomplet — file='' expected='' actual=''
[2026-07-23T14:37:24+02:00] [INFO] → published security:alert for adam-sentinel
[2026-07-23T14:37:32+02:00] [INFO] suid_change: 22 fichiers SUID detectes
[2026-07-23T14:37:32+02:00] [INFO] suid_change: baseline inchangee (22 fichiers)
[2026-07-23T14:37:32+02:00] [INFO] suid_change: baseline mise a jour (22 fichiers)
[2026-07-23T14:41:48+02:00] [WARN] permission_drift: payload incomplet — file='' expected='' actual=''
[2026-07-23T14:41:48+02:00] [INFO] → published security:alert for adam-sentinel
[2026-07-23T14:41:58+02:00] [INFO] suid_change: 22 fichiers SUID detectes
[2026-07-23T14:41:58+02:00] [INFO] suid_change: baseline inchangee (22 fichiers)
[2026-07-23T14:41:58+02:00] [INFO] suid_change: baseline mise a jour (22 fichiers)
[2026-07-23T14:46:06+02:00] [WARN] permission_drift: payload incomplet — file='' expected='' actual=''
[2026-07-23T14:46:06+02:00] [INFO] → published security:alert for adam-sentinel
[2026-07-23T14:46:14+02:00] [INFO] suid_change: 22 fichiers SUID detectes
[2026-07-23T14:46:14+02:00] [INFO] suid_change: baseline inchangee (22 fichiers)
[2026-07-23T14:46:14+02:00] [INFO] suid_change: baseline mise a jour (22 fichiers)
[2026-07-23T14:50:26+02:00] [WARN] permission_drift: payload incomplet — file='' expected='' actual=''
[2026-07-23T14:50:26+02:00] [INFO] → published security:alert for adam-sentinel
[2026-07-23T14:50:34+02:00] [INFO] suid_change: 22 fichiers SUID detectes
[2026-07-23T14:50:34+02:00] [INFO] suid_change: baseline inchangee (22 fichiers)
[2026-07-23T14:50:34+02:00] [INFO] suid_change: baseline mise a jour (22 fichiers)
[2026-07-23T14:54:48+02:00] [WARN] permission_drift: payload incomplet — file='' expected='' actual=''
[2026-07-23T14:54:49+02:00] [INFO] → published security:alert for adam-sentinel
[2026-07-23T14:54:56+02:00] [INFO] suid_change: 22 fichiers SUID detectes
[2026-07-23T14:54:56+02:00] [INFO] suid_change: baseline inchangee (22 fichiers)
[2026-07-23T14:54:56+02:00] [INFO] suid_change: baseline mise a jour (22 fichiers)
[2026-07-23T14:59:09+02:00] [WARN] permission_drift: payload incomplet — file='' expected='' actual=''
[2026-07-23T14:59:09+02:00] [INFO] → published security:alert for adam-sentinel
[2026-07-23T14:59:16+02:00] [INFO] suid_change: 22 fichiers SUID detectes
[2026-07-23T14:59:16+02:00] [INFO] suid_change: baseline inchangee (22 fichiers)
[2026-07-23T14:59:16+02:00] [INFO] suid_change: baseline mise a jour (22 fichiers)
[2026-07-23T15:03:31+02:00] [WARN] permission_drift: payload incomplet — file='' expected='' actual=''
[2026-07-23T15:03:31+02:00] [INFO] → published security:alert for adam-sentinel
[2026-07-23T15:03:38+02:00] [INFO] suid_change: 22 fichiers SUID detectes
[2026-07-23T15:03:38+02:00] [INFO] suid_change: baseline inchangee (22 fichiers)
[2026-07-23T15:03:38+02:00] [INFO] suid_change: baseline mise a jour (22 fichiers)
[2026-07-23T15:07:53+02:00] [WARN] permission_drift: payload incomplet — file='' expected='' actual=''
[2026-07-23T15:07:53+02:00] [INFO] → published security:alert for adam-sentinel
[2026-07-23T15:08:00+02:00] [INFO] suid_change: 22 fichiers SUID detectes
[2026-07-23T15:08:00+02:00] [INFO] suid_change: baseline inchangee (22 fichiers)
[2026-07-23T15:08:00+02:00] [INFO] suid_change: baseline mise a jour (22 fichiers)
[2026-07-23T15:12:13+02:00] [WARN] permission_drift: payload incomplet — file='' expected='' actual=''
[2026-07-23T15:12:13+02:00] [INFO] → published security:alert for adam-sentinel
[2026-07-23T15:12:20+02:00] [INFO] suid_change: 22 fichiers SUID detectes
[2026-07-23T15:12:20+02:00] [INFO] suid_change: baseline inchangee (22 fichiers)
[2026-07-23T15:12:20+02:00] [INFO] suid_change: baseline mise a jour (22 fichiers)
[2026-07-23T15:16:35+02:00] [WARN] permission_drift: payload incomplet — file='' expected='' actual=''
[2026-07-23T15:16:35+02:00] [INFO] → published security:alert for adam-sentinel
[2026-07-23T15:16:43+02:00] [INFO] suid_change: 22 fichiers SUID detectes
[2026-07-23T15:16:43+02:00] [INFO] suid_change: baseline inchangee (22 fichiers)
[2026-07-23T15:16:43+02:00] [INFO] suid_change: baseline mise a jour (22 fichiers)
[2026-07-23T15:20:55+02:00] [WARN] permission_drift: payload incomplet — file='' expected='' actual=''
[2026-07-23T15:20:55+02:00] [INFO] → published security:alert for adam-sentinel
[2026-07-23T15:21:03+02:00] [INFO] suid_change: 22 fichiers SUID detectes
[2026-07-23T15:21:03+02:00] [INFO] suid_change: baseline inchangee (22 fichiers)
[2026-07-23T15:21:03+02:00] [INFO] suid_change: baseline mise a jour (22 fichiers)
[2026-07-23T15:25:19+02:00] [WARN] permission_drift: payload incomplet — file='' expected='' actual=''
[2026-07-23T15:25:19+02:00] [INFO] → published security:alert for adam-sentinel
[2026-07-23T15:25:27+02:00] [INFO] suid_change: 22 fichiers SUID detectes
[2026-07-23T15:25:27+02:00] [INFO] suid_change: baseline inchangee (22 fichiers)
[2026-07-23T15:25:27+02:00] [INFO] suid_change: baseline mise a jour (22 fichiers)
[2026-07-23T15:29:37+02:00] [WARN] permission_drift: payload incomplet — file='' expected='' actual=''
[2026-07-23T15:29:37+02:00] [INFO] → published security:alert for adam-sentinel
[2026-07-23T15:29:45+02:00] [INFO] suid_change: 22 fichiers SUID detectes
[2026-07-23T15:29:45+02:00] [INFO] suid_change: baseline inchangee (22 fichiers)
[2026-07-23T15:29:45+02:00] [INFO] suid_change: baseline mise a jour (22 fichiers)
[2026-07-23T15:33:59+02:00] [WARN] permission_drift: payload incomplet — file='' expected='' actual=''
[2026-07-23T15:33:59+02:00] [INFO] → published security:alert for adam-sentinel
[2026-07-23T15:34:07+02:00] [INFO] suid_change: 22 fichiers SUID detectes
[2026-07-23T15:34:07+02:00] [INFO] suid_change: baseline inchangee (22 fichiers)
[2026-07-23T15:34:07+02:00] [INFO] suid_change: baseline mise a jour (22 fichiers)
[2026-07-23T15:38:20+02:00] [WARN] permission_drift: payload incomplet — file='' expected='' actual=''
[2026-07-23T15:38:20+02:00] [INFO] → published security:alert for adam-sentinel
[2026-07-23T15:38:27+02:00] [INFO] suid_change: 22 fichiers SUID detectes
[2026-07-23T15:38:27+02:00] [INFO] suid_change: baseline inchangee (22 fichiers)
[2026-07-23T15:38:27+02:00] [INFO] suid_change: baseline mise a jour (22 fichiers)
[2026-07-23T15:42:42+02:00] [WARN] permission_drift: payload incomplet — file='' expected='' actual=''
[2026-07-23T15:42:42+02:00] [INFO] → published security:alert for adam-sentinel
[2026-07-23T15:42:49+02:00] [INFO] suid_change: 22 fichiers SUID detectes
[2026-07-23T15:42:49+02:00] [INFO] suid_change: baseline inchangee (22 fichiers)
[2026-07-23T15:42:49+02:00] [INFO] suid_change: baseline mise a jour (22 fichiers)
[2026-07-23T15:47:02+02:00] [WARN] permission_drift: payload incomplet — file='' expected='' actual=''
[2026-07-23T15:47:02+02:00] [INFO] → published security:alert for adam-sentinel
[2026-07-23T15:47:11+02:00] [INFO] suid_change: 22 fichiers SUID detectes
[2026-07-23T15:47:11+02:00] [INFO] suid_change: baseline inchangee (22 fichiers)
[2026-07-23T15:47:11+02:00] [INFO] suid_change: baseline mise a jour (22 fichiers)
[2026-07-23T15:51:24+02:00] [WARN] permission_drift: payload incomplet — file='' expected='' actual=''
[2026-07-23T15:51:24+02:00] [INFO] → published security:alert for adam-sentinel
[2026-07-23T15:51:31+02:00] [INFO] suid_change: 22 fichiers SUID detectes
[2026-07-23T15:51:31+02:00] [INFO] suid_change: baseline inchangee (22 fichiers)
[2026-07-23T15:51:31+02:00] [INFO] suid_change: baseline mise a jour (22 fichiers)
[2026-07-23T15:55:44+02:00] [WARN] permission_drift: payload incomplet — file='' expected='' actual=''
[2026-07-23T15:55:44+02:00] [INFO] → published security:alert for adam-sentinel
[2026-07-23T15:55:53+02:00] [INFO] suid_change: 22 fichiers SUID detectes
[2026-07-23T15:55:53+02:00] [INFO] suid_change: baseline inchangee (22 fichiers)
[2026-07-23T15:55:53+02:00] [INFO] suid_change: baseline mise a jour (22 fichiers)
[2026-07-23T16:00:06+02:00] [WARN] permission_drift: payload incomplet — file='' expected='' actual=''
[2026-07-23T16:00:06+02:00] [INFO] → published security:alert for adam-sentinel
[2026-07-23T16:00:14+02:00] [INFO] suid_change: 22 fichiers SUID detectes
[2026-07-23T16:00:14+02:00] [INFO] suid_change: baseline inchangee (22 fichiers)
[2026-07-23T16:00:14+02:00] [INFO] suid_change: baseline mise a jour (22 fichiers)
[2026-07-23T16:04:26+02:00] [WARN] permission_drift: payload incomplet — file='' expected='' actual=''
[2026-07-23T16:04:26+02:00] [INFO] → published security:alert for adam-sentinel
[2026-07-23T16:04:36+02:00] [INFO] suid_change: 22 fichiers SUID detectes
[2026-07-23T16:04:36+02:00] [INFO] suid_change: baseline inchangee (22 fichiers)
[2026-07-23T16:04:36+02:00] [INFO] suid_change: baseline mise a jour (22 fichiers)
[2026-07-23T16:08:48+02:00] [WARN] permission_drift: payload incomplet — file='' expected='' actual=''
[2026-07-23T16:08:48+02:00] [INFO] → published security:alert for adam-sentinel
[2026-07-23T16:08:56+02:00] [INFO] suid_change: 22 fichiers SUID detectes
[2026-07-23T16:08:56+02:00] [INFO] suid_change: baseline inchangee (22 fichiers)
[2026-07-23T16:08:56+02:00] [INFO] suid_change: baseline mise a jour (22 fichiers)
[2026-07-23T16:13:10+02:00] [WARN] permission_drift: payload incomplet — file='' expected='' actual=''
[2026-07-23T16:13:10+02:00] [INFO] → published security:alert for adam-sentinel
[2026-07-23T16:13:18+02:00] [INFO] suid_change: 22 fichiers SUID detectes
[2026-07-23T16:13:18+02:00] [INFO] suid_change: baseline inchangee (22 fichiers)
[2026-07-23T16:13:18+02:00] [INFO] suid_change: baseline mise a jour (22 fichiers)
[2026-07-23T16:17:30+02:00] [WARN] permission_drift: payload incomplet — file='' expected='' actual=''
[2026-07-23T16:17:30+02:00] [INFO] → published security:alert for adam-sentinel
[2026-07-23T16:17:38+02:00] [INFO] suid_change: 22 fichiers SUID detectes
[2026-07-23T16:17:38+02:00] [INFO] suid_change: baseline inchangee (22 fichiers)
[2026-07-23T16:17:38+02:00] [INFO] suid_change: baseline mise a jour (22 fichiers)
[2026-07-23T16:21:52+02:00] [WARN] permission_drift: payload incomplet — file='' expected='' actual=''
[2026-07-23T16:21:53+02:00] [INFO] → published security:alert for adam-sentinel
[2026-07-23T16:22:00+02:00] [INFO] suid_change: 22 fichiers SUID detectes
[2026-07-23T16:22:00+02:00] [INFO] suid_change: baseline inchangee (22 fichiers)
[2026-07-23T16:22:00+02:00] [INFO] suid_change: baseline mise a jour (22 fichiers)
[2026-07-23T16:26:17+02:00] [WARN] permission_drift: payload incomplet — file='' expected='' actual=''
[2026-07-23T16:26:17+02:00] [INFO] → published security:alert for adam-sentinel
[2026-07-23T16:26:24+02:00] [INFO] suid_change: 22 fichiers SUID detectes
[2026-07-23T16:26:24+02:00] [INFO] suid_change: baseline inchangee (22 fichiers)
[2026-07-23T16:26:24+02:00] [INFO] suid_change: baseline mise a jour (22 fichiers)
[2026-07-23T16:30:35+02:00] [WARN] permission_drift: payload incomplet — file='' expected='' actual=''
[2026-07-23T16:30:35+02:00] [INFO] → published security:alert for adam-sentinel
[2026-07-23T16:30:43+02:00] [INFO] suid_change: 22 fichiers SUID detectes
[2026-07-23T16:30:43+02:00] [INFO] suid_change: baseline inchangee (22 fichiers)
[2026-07-23T16:30:43+02:00] [INFO] suid_change: baseline mise a jour (22 fichiers)
[2026-07-23T16:34:55+02:00] [WARN] permission_drift: payload incomplet — file='' expected='' actual=''
[2026-07-23T16:34:55+02:00] [INFO] → published security:alert for adam-sentinel
[2026-07-23T16:35:05+02:00] [INFO] suid_change: 22 fichiers SUID detectes
[2026-07-23T16:35:05+02:00] [INFO] suid_change: baseline inchangee (22 fichiers)
[2026-07-23T16:35:05+02:00] [INFO] suid_change: baseline mise a jour (22 fichiers)
[2026-07-23T16:39:17+02:00] [WARN] permission_drift: payload incomplet — file='' expected='' actual=''
[2026-07-23T16:39:17+02:00] [INFO] → published security:alert for adam-sentinel
[2026-07-23T16:39:25+02:00] [INFO] suid_change: 22 fichiers SUID detectes
[2026-07-23T16:39:25+02:00] [INFO] suid_change: baseline inchangee (22 fichiers)
[2026-07-23T16:39:25+02:00] [INFO] suid_change: baseline mise a jour (22 fichiers)
[2026-07-23T16:43:37+02:00] [WARN] permission_drift: payload incomplet — file='' expected='' actual=''
[2026-07-23T16:43:37+02:00] [INFO] → published security:alert for adam-sentinel
[2026-07-23T16:43:47+02:00] [INFO] suid_change: 22 fichiers SUID detectes
[2026-07-23T16:43:47+02:00] [INFO] suid_change: baseline inchangee (22 fichiers)
[2026-07-23T16:43:47+02:00] [INFO] suid_change: baseline mise a jour (22 fichiers)
[2026-07-23T16:47:59+02:00] [WARN] permission_drift: payload incomplet — file='' expected='' actual=''
[2026-07-23T16:47:59+02:00] [INFO] → published security:alert for adam-sentinel
[2026-07-23T16:48:07+02:00] [INFO] suid_change: 22 fichiers SUID detectes
[2026-07-23T16:48:07+02:00] [INFO] suid_change: baseline inchangee (22 fichiers)
[2026-07-23T16:48:07+02:00] [INFO] suid_change: baseline mise a jour (22 fichiers)
[2026-07-23T16:52:19+02:00] [WARN] permission_drift: payload incomplet — file='' expected='' actual=''
[2026-07-23T16:52:19+02:00] [INFO] → published security:alert for adam-sentinel
[2026-07-23T16:52:29+02:00] [INFO] suid_change: 22 fichiers SUID detectes
[2026-07-23T16:52:29+02:00] [INFO] suid_change: baseline inchangee (22 fichiers)
[2026-07-23T16:52:29+02:00] [INFO] suid_change: baseline mise a jour (22 fichiers)
[2026-07-23T16:56:41+02:00] [WARN] permission_drift: payload incomplet — file='' expected='' actual=''
[2026-07-23T16:56:41+02:00] [INFO] → published security:alert for adam-sentinel
[2026-07-23T16:56:51+02:00] [INFO] suid_change: 22 fichiers SUID detectes
[2026-07-23T16:56:51+02:00] [INFO] suid_change: baseline inchangee (22 fichiers)
[2026-07-23T16:56:51+02:00] [INFO] suid_change: baseline mise a jour (22 fichiers)
[2026-07-23T17:01:04+02:00] [WARN] permission_drift: payload incomplet — file='' expected='' actual=''
[2026-07-23T17:01:04+02:00] [INFO] → published security:alert for adam-sentinel
[2026-07-23T17:01:13+02:00] [INFO] suid_change: 22 fichiers SUID detectes
[2026-07-23T17:01:13+02:00] [INFO] suid_change: baseline inchangee (22 fichiers)
[2026-07-23T17:01:13+02:00] [INFO] suid_change: baseline mise a jour (22 fichiers)
[2026-07-23T17:05:24+02:00] [WARN] permission_drift: payload incomplet — file='' expected='' actual=''
[2026-07-23T17:05:24+02:00] [INFO] → published security:alert for adam-sentinel
[2026-07-23T17:05:31+02:00] [INFO] suid_change: 22 fichiers SUID detectes
[2026-07-23T17:05:31+02:00] [INFO] suid_change: baseline inchangee (22 fichiers)
[2026-07-23T17:05:31+02:00] [INFO] suid_change: baseline mise a jour (22 fichiers)
[2026-07-23T17:09:46+02:00] [WARN] permission_drift: payload incomplet — file='' expected='' actual=''
[2026-07-23T17:09:46+02:00] [INFO] → published security:alert for adam-sentinel
[2026-07-23T17:09:53+02:00] [INFO] suid_change: 22 fichiers SUID detectes
[2026-07-23T17:09:53+02:00] [INFO] suid_change: baseline inchangee (22 fichiers)
[2026-07-23T17:09:53+02:00] [INFO] suid_change: baseline mise a jour (22 fichiers)
[2026-07-23T17:14:06+02:00] [WARN] permission_drift: payload incomplet — file='' expected='' actual=''
[2026-07-23T17:14:06+02:00] [INFO] → published security:alert for adam-sentinel
[2026-07-23T17:14:14+02:00] [INFO] suid_change: 22 fichiers SUID detectes
[2026-07-23T17:14:14+02:00] [INFO] suid_change: baseline inchangee (22 fichiers)
[2026-07-23T17:14:14+02:00] [INFO] suid_change: baseline mise a jour (22 fichiers)
[2026-07-23T17:18:33+02:00] [WARN] permission_drift: payload incomplet — file='' expected='' actual=''
[2026-07-23T17:18:33+02:00] [INFO] → published security:alert for adam-sentinel
[2026-07-23T17:18:41+02:00] [INFO] suid_change: 22 fichiers SUID detectes
[2026-07-23T17:18:41+02:00] [INFO] suid_change: baseline inchangee (22 fichiers)
[2026-07-23T17:18:41+02:00] [INFO] suid_change: baseline mise a jour (22 fichiers)
[2026-07-23T17:22:48+02:00] [WARN] permission_drift: payload incomplet — file='' expected='' actual=''
[2026-07-23T17:22:48+02:00] [INFO] → published security:alert for adam-sentinel
[2026-07-23T17:22:58+02:00] [INFO] suid_change: 22 fichiers SUID detectes
[2026-07-23T17:22:58+02:00] [INFO] suid_change: baseline inchangee (22 fichiers)
[2026-07-23T17:22:58+02:00] [INFO] suid_change: baseline mise a jour (22 fichiers)
[2026-07-23T17:27:10+02:00] [WARN] permission_drift: payload incomplet — file='' expected='' actual=''
[2026-07-23T17:27:10+02:00] [INFO] → published security:alert for adam-sentinel
[2026-07-23T17:27:18+02:00] [INFO] suid_change: 22 fichiers SUID detectes
[2026-07-23T17:27:18+02:00] [INFO] suid_change: baseline inchangee (22 fichiers)
[2026-07-23T17:27:18+02:00] [INFO] suid_change: baseline mise a jour (22 fichiers)
[2026-07-23T17:31:31+02:00] [WARN] permission_drift: payload incomplet — file='' expected='' actual=''
[2026-07-23T17:31:31+02:00] [INFO] → published security:alert for adam-sentinel
[2026-07-23T17:31:41+02:00] [INFO] suid_change: 22 fichiers SUID detectes
[2026-07-23T17:31:41+02:00] [INFO] suid_change: baseline inchangee (22 fichiers)
[2026-07-23T17:31:41+02:00] [INFO] suid_change: baseline mise a jour (22 fichiers)
[2026-07-23T17:35:53+02:00] [WARN] permission_drift: payload incomplet — file='' expected='' actual=''
[2026-07-23T17:35:53+02:00] [INFO] → published security:alert for adam-sentinel
[2026-07-23T17:36:01+02:00] [INFO] suid_change: 22 fichiers SUID detectes
[2026-07-23T17:36:01+02:00] [INFO] suid_change: baseline inchangee (22 fichiers)
[2026-07-23T17:36:01+02:00] [INFO] suid_change: baseline mise a jour (22 fichiers)
[2026-07-23T17:40:14+02:00] [WARN] permission_drift: payload incomplet — file='' expected='' actual=''
[2026-07-23T17:40:14+02:00] [INFO] → published security:alert for adam-sentinel
[2026-07-23T17:40:22+02:00] [INFO] suid_change: 22 fichiers SUID detectes
[2026-07-23T17:40:22+02:00] [INFO] suid_change: baseline inchangee (22 fichiers)
[2026-07-23T17:40:22+02:00] [INFO] suid_change: baseline mise a jour (22 fichiers)
[2026-07-23T17:44:37+02:00] [WARN] permission_drift: payload incomplet — file='' expected='' actual=''
[2026-07-23T17:44:37+02:00] [INFO] → published security:alert for adam-sentinel
[2026-07-23T17:44:46+02:00] [INFO] suid_change: 22 fichiers SUID detectes
[2026-07-23T17:44:46+02:00] [INFO] suid_change: baseline inchangee (22 fichiers)
[2026-07-23T17:44:46+02:00] [INFO] suid_change: baseline mise a jour (22 fichiers)
[2026-07-23T17:55:10+02:00] [WARN] permission_drift: payload incomplet — file='' expected='' actual=''
[2026-07-23T17:55:10+02:00] [INFO] → published security:alert for adam-sentinel
[2026-07-23T17:55:19+02:00] [INFO] suid_change: 22 fichiers SUID detectes
[2026-07-23T17:55:20+02:00] [INFO] suid_change: baseline inchangee (22 fichiers)
[2026-07-23T17:55:20+02:00] [INFO] suid_change: baseline mise a jour (22 fichiers)
[2026-07-23T17:55:20+02:00] [INFO] suid_change: 22 fichiers SUID detectes
[2026-07-23T17:55:20+02:00] [INFO] suid_change: baseline inchangee (22 fichiers)
[2026-07-23T17:55:20+02:00] [INFO] suid_change: baseline mise a jour (22 fichiers)
[2026-07-23T17:55:22+02:00] [WARN] permission_drift: payload incomplet — file='' expected='' actual=''
[2026-07-23T17:55:22+02:00] [INFO] → published security:alert for adam-sentinel
[2026-07-23T17:57:38+02:00] [WARN] permission_drift: payload incomplet — file='' expected='' actual=''
[2026-07-23T17:57:38+02:00] [INFO] → published security:alert for adam-sentinel
[2026-07-23T17:57:46+02:00] [INFO] suid_change: 22 fichiers SUID detectes
[2026-07-23T17:57:46+02:00] [INFO] suid_change: baseline inchangee (22 fichiers)
[2026-07-23T17:57:46+02:00] [INFO] suid_change: baseline mise a jour (22 fichiers)
[2026-07-23T18:01:59+02:00] [WARN] permission_drift: payload incomplet — file='' expected='' actual=''
[2026-07-23T18:01:59+02:00] [INFO] → published security:alert for adam-sentinel
[2026-07-23T18:02:08+02:00] [INFO] suid_change: 22 fichiers SUID detectes
[2026-07-23T18:02:08+02:00] [INFO] suid_change: baseline inchangee (22 fichiers)
[2026-07-23T18:02:08+02:00] [INFO] suid_change: baseline mise a jour (22 fichiers)
[2026-07-23T18:06:21+02:00] [WARN] permission_drift: payload incomplet — file='' expected='' actual=''
[2026-07-23T18:06:21+02:00] [INFO] → published security:alert for adam-sentinel
[2026-07-23T18:06:29+02:00] [INFO] suid_change: 22 fichiers SUID detectes
[2026-07-23T18:06:29+02:00] [INFO] suid_change: baseline inchangee (22 fichiers)
[2026-07-23T18:06:29+02:00] [INFO] suid_change: baseline mise a jour (22 fichiers)
[2026-07-23T18:10:42+02:00] [WARN] permission_drift: payload incomplet — file='' expected='' actual=''
[2026-07-23T18:10:42+02:00] [INFO] → published security:alert for adam-sentinel
[2026-07-23T18:10:50+02:00] [INFO] suid_change: 22 fichiers SUID detectes
[2026-07-23T18:10:50+02:00] [INFO] suid_change: baseline inchangee (22 fichiers)
[2026-07-23T18:10:50+02:00] [INFO] suid_change: baseline mise a jour (22 fichiers)
[2026-07-23T18:15:03+02:00] [WARN] permission_drift: payload incomplet — file='' expected='' actual=''
[2026-07-23T18:15:03+02:00] [INFO] → published security:alert for adam-sentinel
[2026-07-23T18:15:10+02:00] [INFO] suid_change: 22 fichiers SUID detectes
[2026-07-23T18:15:10+02:00] [INFO] suid_change: baseline inchangee (22 fichiers)
[2026-07-23T18:15:10+02:00] [INFO] suid_change: baseline mise a jour (22 fichiers)
[2026-07-23T18:19:25+02:00] [WARN] permission_drift: payload incomplet — file='' expected='' actual=''
[2026-07-23T18:19:25+02:00] [INFO] → published security:alert for adam-sentinel
[2026-07-23T18:19:33+02:00] [INFO] suid_change: 22 fichiers SUID detectes
[2026-07-23T18:19:33+02:00] [INFO] suid_change: baseline inchangee (22 fichiers)
[2026-07-23T18:19:33+02:00] [INFO] suid_change: baseline mise a jour (22 fichiers)
[2026-07-23T18:23:48+02:00] [WARN] permission_drift: payload incomplet — file='' expected='' actual=''
[2026-07-23T18:23:48+02:00] [INFO] → published security:alert for adam-sentinel
[2026-07-23T18:23:58+02:00] [INFO] suid_change: 22 fichiers SUID detectes
[2026-07-23T18:23:58+02:00] [INFO] suid_change: baseline inchangee (22 fichiers)
[2026-07-23T18:23:58+02:00] [INFO] suid_change: baseline mise a jour (22 fichiers)
[2026-07-23T18:28:09+02:00] [WARN] permission_drift: payload incomplet — file='' expected='' actual=''
[2026-07-23T18:28:09+02:00] [INFO] → published security:alert for adam-sentinel
[2026-07-23T18:28:18+02:00] [INFO] suid_change: 22 fichiers SUID detectes
[2026-07-23T18:28:18+02:00] [INFO] suid_change: baseline inchangee (22 fichiers)
[2026-07-23T18:28:18+02:00] [INFO] suid_change: baseline mise a jour (22 fichiers)
[2026-07-23T18:32:27+02:00] [WARN] permission_drift: payload incomplet — file='' expected='' actual=''
[2026-07-23T18:32:27+02:00] [INFO] → published security:alert for adam-sentinel
[2026-07-23T18:32:37+02:00] [INFO] suid_change: 22 fichiers SUID detectes
[2026-07-23T18:32:37+02:00] [INFO] suid_change: baseline inchangee (22 fichiers)
[2026-07-23T18:32:37+02:00] [INFO] suid_change: baseline mise a jour (22 fichiers)
[2026-07-23T18:36:50+02:00] [WARN] permission_drift: payload incomplet — file='' expected='' actual=''
[2026-07-23T18:36:50+02:00] [INFO] → published security:alert for adam-sentinel
[2026-07-23T18:36:58+02:00] [INFO] suid_change: 22 fichiers SUID detectes
[2026-07-23T18:36:58+02:00] [INFO] suid_change: baseline inchangee (22 fichiers)
[2026-07-23T18:36:58+02:00] [INFO] suid_change: baseline mise a jour (22 fichiers)
[2026-07-23T18:41:11+02:00] [WARN] permission_drift: payload incomplet — file='' expected='' actual=''
[2026-07-23T18:41:11+02:00] [INFO] → published security:alert for adam-sentinel
[2026-07-23T18:41:18+02:00] [INFO] suid_change: 22 fichiers SUID detectes
[2026-07-23T18:41:18+02:00] [INFO] suid_change: baseline inchangee (22 fichiers)
[2026-07-23T18:41:18+02:00] [INFO] suid_change: baseline mise a jour (22 fichiers)
[2026-07-23T18:45:31+02:00] [WARN] permission_drift: payload incomplet — file='' expected='' actual=''
[2026-07-23T18:45:31+02:00] [INFO] → published security:alert for adam-sentinel
[2026-07-23T18:45:39+02:00] [INFO] suid_change: 22 fichiers SUID detectes
[2026-07-23T18:45:39+02:00] [INFO] suid_change: baseline inchangee (22 fichiers)
[2026-07-23T18:45:39+02:00] [INFO] suid_change: baseline mise a jour (22 fichiers)
[2026-07-23T18:50:14+02:00] [WARN] permission_drift: payload incomplet — file='' expected='' actual=''
[2026-07-23T18:50:14+02:00] [INFO] → published security:alert for adam-sentinel
[2026-07-23T18:50:24+02:00] [INFO] suid_change: 22 fichiers SUID detectes
[2026-07-23T18:50:24+02:00] [INFO] suid_change: baseline inchangee (22 fichiers)
[2026-07-23T18:50:24+02:00] [INFO] suid_change: baseline mise a jour (22 fichiers)
[2026-07-23T18:54:15+02:00] [WARN] permission_drift: payload incomplet — file='' expected='' actual=''
[2026-07-23T18:54:15+02:00] [INFO] → published security:alert for adam-sentinel
[2026-07-23T18:54:24+02:00] [INFO] suid_change: 22 fichiers SUID detectes
[2026-07-23T18:54:24+02:00] [INFO] suid_change: baseline inchangee (22 fichiers)
[2026-07-23T18:54:24+02:00] [INFO] suid_change: baseline mise a jour (22 fichiers)
[2026-07-23T18:58:36+02:00] [WARN] permission_drift: payload incomplet — file='' expected='' actual=''
[2026-07-23T18:58:36+02:00] [INFO] → published security:alert for adam-sentinel
[2026-07-23T18:58:44+02:00] [INFO] suid_change: 22 fichiers SUID detectes
[2026-07-23T18:58:44+02:00] [INFO] suid_change: baseline inchangee (22 fichiers)
[2026-07-23T18:58:44+02:00] [INFO] suid_change: baseline mise a jour (22 fichiers)
[2026-07-23T19:02:57+02:00] [WARN] permission_drift: payload incomplet — file='' expected='' actual=''
[2026-07-23T19:02:57+02:00] [INFO] → published security:alert for adam-sentinel
[2026-07-23T19:03:05+02:00] [INFO] suid_change: 22 fichiers SUID detectes
[2026-07-23T19:03:05+02:00] [INFO] suid_change: baseline inchangee (22 fichiers)
[2026-07-23T19:03:05+02:00] [INFO] suid_change: baseline mise a jour (22 fichiers)
[2026-07-23T19:07:18+02:00] [WARN] permission_drift: payload incomplet — file='' expected='' actual=''
[2026-07-23T19:07:18+02:00] [INFO] → published security:alert for adam-sentinel
[2026-07-23T19:07:25+02:00] [INFO] suid_change: 22 fichiers SUID detectes
[2026-07-23T19:07:25+02:00] [INFO] suid_change: baseline inchangee (22 fichiers)
[2026-07-23T19:07:25+02:00] [INFO] suid_change: baseline mise a jour (22 fichiers)
[2026-07-23T19:11:39+02:00] [WARN] permission_drift: payload incomplet — file='' expected='' actual=''
[2026-07-23T19:11:39+02:00] [INFO] → published security:alert for adam-sentinel
[2026-07-23T19:11:48+02:00] [INFO] suid_change: 22 fichiers SUID detectes
[2026-07-23T19:11:48+02:00] [INFO] suid_change: baseline inchangee (22 fichiers)
[2026-07-23T19:11:48+02:00] [INFO] suid_change: baseline mise a jour (22 fichiers)
[2026-07-23T19:15:59+02:00] [WARN] permission_drift: payload incomplet — file='' expected='' actual=''
[2026-07-23T19:15:59+02:00] [INFO] → published security:alert for adam-sentinel
[2026-07-23T19:16:07+02:00] [INFO] suid_change: 22 fichiers SUID detectes
[2026-07-23T19:16:07+02:00] [INFO] suid_change: baseline inchangee (22 fichiers)
[2026-07-23T19:16:07+02:00] [INFO] suid_change: baseline mise a jour (22 fichiers)
[2026-07-23T19:20:22+02:00] [WARN] permission_drift: payload incomplet — file='' expected='' actual=''
[2026-07-23T19:20:22+02:00] [INFO] → published security:alert for adam-sentinel
[2026-07-23T19:20:30+02:00] [INFO] suid_change: 22 fichiers SUID detectes
[2026-07-23T19:20:30+02:00] [INFO] suid_change: baseline inchangee (22 fichiers)
[2026-07-23T19:20:30+02:00] [INFO] suid_change: baseline mise a jour (22 fichiers)
[2026-07-23T19:24:43+02:00] [WARN] permission_drift: payload incomplet — file='' expected='' actual=''
[2026-07-23T19:24:43+02:00] [INFO] → published security:alert for adam-sentinel
[2026-07-23T19:24:50+02:00] [INFO] suid_change: 22 fichiers SUID detectes
[2026-07-23T19:24:51+02:00] [INFO] suid_change: baseline inchangee (22 fichiers)
[2026-07-23T19:24:51+02:00] [INFO] suid_change: baseline mise a jour (22 fichiers)
[2026-07-23T19:29:03+02:00] [WARN] permission_drift: payload incomplet — file='' expected='' actual=''
[2026-07-23T19:29:04+02:00] [INFO] → published security:alert for adam-sentinel
[2026-07-23T19:29:11+02:00] [INFO] suid_change: 22 fichiers SUID detectes
[2026-07-23T19:29:11+02:00] [INFO] suid_change: baseline inchangee (22 fichiers)
[2026-07-23T19:29:11+02:00] [INFO] suid_change: baseline mise a jour (22 fichiers)
[2026-07-23T19:33:24+02:00] [WARN] permission_drift: payload incomplet — file='' expected='' actual=''
[2026-07-23T19:33:24+02:00] [INFO] → published security:alert for adam-sentinel
[2026-07-23T19:33:32+02:00] [INFO] suid_change: 22 fichiers SUID detectes
[2026-07-23T19:33:32+02:00] [INFO] suid_change: baseline inchangee (22 fichiers)
[2026-07-23T19:33:32+02:00] [INFO] suid_change: baseline mise a jour (22 fichiers)
[2026-07-23T19:37:47+02:00] [WARN] permission_drift: payload incomplet — file='' expected='' actual=''
[2026-07-23T19:37:47+02:00] [INFO] → published security:alert for adam-sentinel
[2026-07-23T19:37:57+02:00] [INFO] suid_change: 22 fichiers SUID detectes
[2026-07-23T19:37:57+02:00] [INFO] suid_change: baseline inchangee (22 fichiers)
[2026-07-23T19:37:57+02:00] [INFO] suid_change: baseline mise a jour (22 fichiers)
[2026-07-23T19:42:06+02:00] [WARN] permission_drift: payload incomplet — file='' expected='' actual=''
[2026-07-23T19:42:06+02:00] [INFO] → published security:alert for adam-sentinel
[2026-07-23T19:42:16+02:00] [INFO] suid_change: 22 fichiers SUID detectes
[2026-07-23T19:42:16+02:00] [INFO] suid_change: baseline inchangee (22 fichiers)
[2026-07-23T19:42:16+02:00] [INFO] suid_change: baseline mise a jour (22 fichiers)
[2026-07-23T19:46:28+02:00] [WARN] permission_drift: payload incomplet — file='' expected='' actual=''
[2026-07-23T19:46:28+02:00] [INFO] → published security:alert for adam-sentinel
[2026-07-23T19:46:36+02:00] [INFO] suid_change: 22 fichiers SUID detectes
[2026-07-23T19:46:36+02:00] [INFO] suid_change: baseline inchangee (22 fichiers)
[2026-07-23T19:46:36+02:00] [INFO] suid_change: baseline mise a jour (22 fichiers)
[2026-07-23T19:50:49+02:00] [WARN] permission_drift: payload incomplet — file='' expected='' actual=''
[2026-07-23T19:50:49+02:00] [INFO] → published security:alert for adam-sentinel
[2026-07-23T19:50:57+02:00] [INFO] suid_change: 22 fichiers SUID detectes
[2026-07-23T19:50:58+02:00] [INFO] suid_change: baseline inchangee (22 fichiers)
[2026-07-23T19:50:58+02:00] [INFO] suid_change: baseline mise a jour (22 fichiers)
[2026-07-23T19:55:10+02:00] [WARN] permission_drift: payload incomplet — file='' expected='' actual=''
[2026-07-23T19:55:10+02:00] [INFO] → published security:alert for adam-sentinel
[2026-07-23T19:55:20+02:00] [INFO] suid_change: 22 fichiers SUID detectes
[2026-07-23T19:55:20+02:00] [INFO] suid_change: baseline inchangee (22 fichiers)
[2026-07-23T19:55:20+02:00] [INFO] suid_change: baseline mise a jour (22 fichiers)
[2026-07-23T19:59:35+02:00] [WARN] permission_drift: payload incomplet — file='' expected='' actual=''
[2026-07-23T19:59:35+02:00] [INFO] → published security:alert for adam-sentinel
[2026-07-23T19:59:45+02:00] [INFO] suid_change: 22 fichiers SUID detectes
[2026-07-23T19:59:45+02:00] [INFO] suid_change: baseline inchangee (22 fichiers)
[2026-07-23T19:59:45+02:00] [INFO] suid_change: baseline mise a jour (22 fichiers)
[2026-07-23T20:03:54+02:00] [WARN] permission_drift: payload incomplet — file='' expected='' actual=''
[2026-07-23T20:03:54+02:00] [INFO] → published security:alert for adam-sentinel
[2026-07-23T20:04:02+02:00] [INFO] suid_change: 22 fichiers SUID detectes
[2026-07-23T20:04:02+02:00] [INFO] suid_change: baseline inchangee (22 fichiers)
[2026-07-23T20:04:02+02:00] [INFO] suid_change: baseline mise a jour (22 fichiers)
[2026-07-23T20:08:15+02:00] [WARN] permission_drift: payload incomplet — file='' expected='' actual=''
[2026-07-23T20:08:15+02:00] [INFO] → published security:alert for adam-sentinel
[2026-07-23T20:08:22+02:00] [INFO] suid_change: 22 fichiers SUID detectes
[2026-07-23T20:08:22+02:00] [INFO] suid_change: baseline inchangee (22 fichiers)
[2026-07-23T20:08:22+02:00] [INFO] suid_change: baseline mise a jour (22 fichiers)
[2026-07-23T20:12:35+02:00] [WARN] permission_drift: payload incomplet — file='' expected='' actual=''
[2026-07-23T20:12:36+02:00] [INFO] → published security:alert for adam-sentinel
[2026-07-23T20:12:43+02:00] [INFO] suid_change: 22 fichiers SUID detectes
[2026-07-23T20:12:43+02:00] [INFO] suid_change: baseline inchangee (22 fichiers)
[2026-07-23T20:12:43+02:00] [INFO] suid_change: baseline mise a jour (22 fichiers)
[2026-07-23T20:16:56+02:00] [WARN] permission_drift: payload incomplet — file='' expected='' actual=''
[2026-07-23T20:16:56+02:00] [INFO] → published security:alert for adam-sentinel
[2026-07-23T20:17:04+02:00] [INFO] suid_change: 22 fichiers SUID detectes
[2026-07-23T20:17:04+02:00] [INFO] suid_change: baseline inchangee (22 fichiers)
[2026-07-23T20:17:04+02:00] [INFO] suid_change: baseline mise a jour (22 fichiers)
[2026-07-23T20:21:17+02:00] [WARN] permission_drift: payload incomplet — file='' expected='' actual=''
[2026-07-23T20:21:17+02:00] [INFO] → published security:alert for adam-sentinel
[2026-07-23T20:21:25+02:00] [INFO] suid_change: 22 fichiers SUID detectes
[2026-07-23T20:21:25+02:00] [INFO] suid_change: baseline inchangee (22 fichiers)
[2026-07-23T20:21:25+02:00] [INFO] suid_change: baseline mise a jour (22 fichiers)
[2026-07-23T20:25:38+02:00] [WARN] permission_drift: payload incomplet — file='' expected='' actual=''
[2026-07-23T20:25:38+02:00] [INFO] → published security:alert for adam-sentinel
[2026-07-23T20:25:48+02:00] [INFO] suid_change: 22 fichiers SUID detectes
[2026-07-23T20:25:48+02:00] [INFO] suid_change: baseline inchangee (22 fichiers)
[2026-07-23T20:25:48+02:00] [INFO] suid_change: baseline mise a jour (22 fichiers)
[2026-07-23T20:30:01+02:00] [WARN] permission_drift: payload incomplet — file='' expected='' actual=''
[2026-07-23T20:30:01+02:00] [INFO] → published security:alert for adam-sentinel
[2026-07-23T20:30:09+02:00] [INFO] suid_change: 22 fichiers SUID detectes
[2026-07-23T20:30:09+02:00] [INFO] suid_change: baseline inchangee (22 fichiers)
[2026-07-23T20:30:09+02:00] [INFO] suid_change: baseline mise a jour (22 fichiers)
[2026-07-23T20:34:22+02:00] [WARN] permission_drift: payload incomplet — file='' expected='' actual=''
[2026-07-23T20:34:22+02:00] [INFO] → published security:alert for adam-sentinel
[2026-07-23T20:34:30+02:00] [INFO] suid_change: 22 fichiers SUID detectes
[2026-07-23T20:34:30+02:00] [INFO] suid_change: baseline inchangee (22 fichiers)
[2026-07-23T20:34:30+02:00] [INFO] suid_change: baseline mise a jour (22 fichiers)
[2026-07-23T20:38:45+02:00] [WARN] permission_drift: payload incomplet — file='' expected='' actual=''
[2026-07-23T20:38:45+02:00] [INFO] → published security:alert for adam-sentinel
[2026-07-23T20:38:53+02:00] [INFO] suid_change: 22 fichiers SUID detectes
[2026-07-23T20:38:53+02:00] [INFO] suid_change: baseline inchangee (22 fichiers)
[2026-07-23T20:38:53+02:00] [INFO] suid_change: baseline mise a jour (22 fichiers)
[2026-07-23T20:43:04+02:00] [WARN] permission_drift: payload incomplet — file='' expected='' actual=''
[2026-07-23T20:43:04+02:00] [INFO] → published security:alert for adam-sentinel
[2026-07-23T20:43:12+02:00] [INFO] suid_change: 22 fichiers SUID detectes
[2026-07-23T20:43:12+02:00] [INFO] suid_change: baseline inchangee (22 fichiers)
[2026-07-23T20:43:12+02:00] [INFO] suid_change: baseline mise a jour (22 fichiers)
[2026-07-23T20:47:25+02:00] [WARN] permission_drift: payload incomplet — file='' expected='' actual=''
[2026-07-23T20:47:25+02:00] [INFO] → published security:alert for adam-sentinel
[2026-07-23T20:47:33+02:00] [INFO] suid_change: 22 fichiers SUID detectes
[2026-07-23T20:47:33+02:00] [INFO] suid_change: baseline inchangee (22 fichiers)
[2026-07-23T20:47:33+02:00] [INFO] suid_change: baseline mise a jour (22 fichiers)
[2026-07-23T20:51:48+02:00] [WARN] permission_drift: payload incomplet — file='' expected='' actual=''
[2026-07-23T20:51:48+02:00] [INFO] → published security:alert for adam-sentinel
[2026-07-23T20:51:56+02:00] [INFO] suid_change: 22 fichiers SUID detectes
[2026-07-23T20:51:56+02:00] [INFO] suid_change: baseline inchangee (22 fichiers)
[2026-07-23T20:51:56+02:00] [INFO] suid_change: baseline mise a jour (22 fichiers)
[2026-07-23T20:56:07+02:00] [WARN] permission_drift: payload incomplet — file='' expected='' actual=''
[2026-07-23T20:56:07+02:00] [INFO] → published security:alert for adam-sentinel
[2026-07-23T20:56:15+02:00] [INFO] suid_change: 22 fichiers SUID detectes
[2026-07-23T20:56:15+02:00] [INFO] suid_change: baseline inchangee (22 fichiers)
[2026-07-23T20:56:15+02:00] [INFO] suid_change: baseline mise a jour (22 fichiers)
[2026-07-23T21:00:28+02:00] [WARN] permission_drift: payload incomplet — file='' expected='' actual=''
[2026-07-23T21:00:28+02:00] [INFO] → published security:alert for adam-sentinel
[2026-07-23T21:00:38+02:00] [INFO] suid_change: 22 fichiers SUID detectes
[2026-07-23T21:00:38+02:00] [INFO] suid_change: baseline inchangee (22 fichiers)
[2026-07-23T21:00:38+02:00] [INFO] suid_change: baseline mise a jour (22 fichiers)
[2026-07-23T21:04:49+02:00] [WARN] permission_drift: payload incomplet — file='' expected='' actual=''
[2026-07-23T21:04:49+02:00] [INFO] → published security:alert for adam-sentinel
[2026-07-23T21:04:59+02:00] [INFO] suid_change: 22 fichiers SUID detectes
[2026-07-23T21:04:59+02:00] [INFO] suid_change: baseline inchangee (22 fichiers)
[2026-07-23T21:04:59+02:00] [INFO] suid_change: baseline mise a jour (22 fichiers)
[2026-07-23T21:09:12+02:00] [WARN] permission_drift: payload incomplet — file='' expected='' actual=''
[2026-07-23T21:09:12+02:00] [INFO] → published security:alert for adam-sentinel
[2026-07-23T21:09:20+02:00] [INFO] suid_change: 22 fichiers SUID detectes
[2026-07-23T21:09:20+02:00] [INFO] suid_change: baseline inchangee (22 fichiers)
[2026-07-23T21:09:20+02:00] [INFO] suid_change: baseline mise a jour (22 fichiers)
[2026-07-23T21:13:33+02:00] [WARN] permission_drift: payload incomplet — file='' expected='' actual=''
[2026-07-23T21:13:33+02:00] [INFO] → published security:alert for adam-sentinel
[2026-07-23T21:13:41+02:00] [INFO] suid_change: 22 fichiers SUID detectes
[2026-07-23T21:13:41+02:00] [INFO] suid_change: baseline inchangee (22 fichiers)
[2026-07-23T21:13:41+02:00] [INFO] suid_change: baseline mise a jour (22 fichiers)
[2026-07-23T21:17:54+02:00] [WARN] permission_drift: payload incomplet — file='' expected='' actual=''
[2026-07-23T21:17:54+02:00] [INFO] → published security:alert for adam-sentinel
[2026-07-23T21:18:02+02:00] [INFO] suid_change: 22 fichiers SUID detectes
[2026-07-23T21:18:02+02:00] [INFO] suid_change: baseline inchangee (22 fichiers)
[2026-07-23T21:18:02+02:00] [INFO] suid_change: baseline mise a jour (22 fichiers)
[2026-07-23T21:22:15+02:00] [WARN] permission_drift: payload incomplet — file='' expected='' actual=''
[2026-07-23T21:22:15+02:00] [INFO] → published security:alert for adam-sentinel
[2026-07-23T21:22:23+02:00] [INFO] suid_change: 22 fichiers SUID detectes
[2026-07-23T21:22:23+02:00] [INFO] suid_change: baseline inchangee (22 fichiers)
[2026-07-23T21:22:23+02:00] [INFO] suid_change: baseline mise a jour (22 fichiers)
[2026-07-23T21:26:36+02:00] [WARN] permission_drift: payload incomplet — file='' expected='' actual=''
[2026-07-23T21:26:36+02:00] [INFO] → published security:alert for adam-sentinel
[2026-07-23T21:26:46+02:00] [INFO] suid_change: 22 fichiers SUID detectes
[2026-07-23T21:26:46+02:00] [INFO] suid_change: baseline inchangee (22 fichiers)
[2026-07-23T21:26:46+02:00] [INFO] suid_change: baseline mise a jour (22 fichiers)
[2026-07-23T21:30:57+02:00] [WARN] permission_drift: payload incomplet — file='' expected='' actual=''
[2026-07-23T21:30:57+02:00] [INFO] → published security:alert for adam-sentinel
[2026-07-23T21:31:07+02:00] [INFO] suid_change: 22 fichiers SUID detectes
[2026-07-23T21:31:07+02:00] [INFO] suid_change: baseline inchangee (22 fichiers)
[2026-07-23T21:31:07+02:00] [INFO] suid_change: baseline mise a jour (22 fichiers)
[2026-07-23T21:35:18+02:00] [WARN] permission_drift: payload incomplet — file='' expected='' actual=''
[2026-07-23T21:35:18+02:00] [INFO] → published security:alert for adam-sentinel
[2026-07-23T21:35:26+02:00] [INFO] suid_change: 22 fichiers SUID detectes
[2026-07-23T21:35:26+02:00] [INFO] suid_change: baseline inchangee (22 fichiers)
[2026-07-23T21:35:26+02:00] [INFO] suid_change: baseline mise a jour (22 fichiers)
[2026-07-23T21:39:39+02:00] [WARN] permission_drift: payload incomplet — file='' expected='' actual=''
[2026-07-23T21:39:39+02:00] [INFO] → published security:alert for adam-sentinel
[2026-07-23T21:39:49+02:00] [INFO] suid_change: 22 fichiers SUID detectes
[2026-07-23T21:39:49+02:00] [INFO] suid_change: baseline inchangee (22 fichiers)
[2026-07-23T21:39:49+02:00] [INFO] suid_change: baseline mise a jour (22 fichiers)
[2026-07-23T21:44:02+02:00] [WARN] permission_drift: payload incomplet — file='' expected='' actual=''
[2026-07-23T21:44:02+02:00] [INFO] → published security:alert for adam-sentinel
[2026-07-23T21:44:09+02:00] [INFO] suid_change: 22 fichiers SUID detectes
[2026-07-23T21:44:09+02:00] [INFO] suid_change: baseline inchangee (22 fichiers)
[2026-07-23T21:44:09+02:00] [INFO] suid_change: baseline mise a jour (22 fichiers)
[2026-07-23T21:48:25+02:00] [WARN] permission_drift: payload incomplet — file='' expected='' actual=''
[2026-07-23T21:48:25+02:00] [INFO] → published security:alert for adam-sentinel
[2026-07-23T21:48:32+02:00] [INFO] suid_change: 22 fichiers SUID detectes
[2026-07-23T21:48:32+02:00] [INFO] suid_change: baseline inchangee (22 fichiers)
[2026-07-23T21:48:32+02:00] [INFO] suid_change: baseline mise a jour (22 fichiers)
[2026-07-23T21:52:43+02:00] [WARN] permission_drift: payload incomplet — file='' expected='' actual=''
[2026-07-23T21:52:44+02:00] [INFO] → published security:alert for adam-sentinel
[2026-07-23T21:52:51+02:00] [INFO] suid_change: 22 fichiers SUID detectes
[2026-07-23T21:52:51+02:00] [INFO] suid_change: baseline inchangee (22 fichiers)
[2026-07-23T21:52:51+02:00] [INFO] suid_change: baseline mise a jour (22 fichiers)
[2026-07-23T21:57:05+02:00] [WARN] permission_drift: payload incomplet — file='' expected='' actual=''
[2026-07-23T21:57:05+02:00] [INFO] → published security:alert for adam-sentinel
[2026-07-23T21:57:12+02:00] [INFO] suid_change: 22 fichiers SUID detectes
[2026-07-23T21:57:12+02:00] [INFO] suid_change: baseline inchangee (22 fichiers)
[2026-07-23T21:57:12+02:00] [INFO] suid_change: baseline mise a jour (22 fichiers)
[2026-07-23T22:01:26+02:00] [WARN] permission_drift: payload incomplet — file='' expected='' actual=''
[2026-07-23T22:01:26+02:00] [INFO] → published security:alert for adam-sentinel
[2026-07-23T22:01:33+02:00] [INFO] suid_change: 22 fichiers SUID detectes
[2026-07-23T22:01:33+02:00] [INFO] suid_change: baseline inchangee (22 fichiers)
[2026-07-23T22:01:33+02:00] [INFO] suid_change: baseline mise a jour (22 fichiers)
[2026-07-23T22:05:47+02:00] [WARN] permission_drift: payload incomplet — file='' expected='' actual=''
[2026-07-23T22:05:47+02:00] [INFO] → published security:alert for adam-sentinel
[2026-07-23T22:05:54+02:00] [INFO] suid_change: 22 fichiers SUID detectes
[2026-07-23T22:05:54+02:00] [INFO] suid_change: baseline inchangee (22 fichiers)
[2026-07-23T22:05:54+02:00] [INFO] suid_change: baseline mise a jour (22 fichiers)
[2026-07-23T22:10:08+02:00] [WARN] permission_drift: payload incomplet — file='' expected='' actual=''
[2026-07-23T22:10:08+02:00] [INFO] → published security:alert for adam-sentinel
[2026-07-23T22:10:15+02:00] [INFO] suid_change: 22 fichiers SUID detectes
[2026-07-23T22:10:15+02:00] [INFO] suid_change: baseline inchangee (22 fichiers)
[2026-07-23T22:10:15+02:00] [INFO] suid_change: baseline mise a jour (22 fichiers)
[2026-07-23T22:14:29+02:00] [WARN] permission_drift: payload incomplet — file='' expected='' actual=''
[2026-07-23T22:14:29+02:00] [INFO] → published security:alert for adam-sentinel
[2026-07-23T22:14:36+02:00] [INFO] suid_change: 22 fichiers SUID detectes
[2026-07-23T22:14:36+02:00] [INFO] suid_change: baseline inchangee (22 fichiers)
[2026-07-23T22:14:36+02:00] [INFO] suid_change: baseline mise a jour (22 fichiers)
[2026-07-23T22:18:50+02:00] [WARN] permission_drift: payload incomplet — file='' expected='' actual=''
[2026-07-23T22:18:50+02:00] [INFO] → published security:alert for adam-sentinel
[2026-07-23T22:18:58+02:00] [INFO] suid_change: 22 fichiers SUID detectes
[2026-07-23T22:18:58+02:00] [INFO] suid_change: baseline inchangee (22 fichiers)
[2026-07-23T22:18:58+02:00] [INFO] suid_change: baseline mise a jour (22 fichiers)
[2026-07-23T22:23:11+02:00] [WARN] permission_drift: payload incomplet — file='' expected='' actual=''
[2026-07-23T22:23:11+02:00] [INFO] → published security:alert for adam-sentinel
[2026-07-23T22:23:21+02:00] [INFO] suid_change: 22 fichiers SUID detectes
[2026-07-23T22:23:21+02:00] [INFO] suid_change: baseline inchangee (22 fichiers)
[2026-07-23T22:23:21+02:00] [INFO] suid_change: baseline mise a jour (22 fichiers)
[2026-07-23T22:27:32+02:00] [WARN] permission_drift: payload incomplet — file='' expected='' actual=''
[2026-07-23T22:27:32+02:00] [INFO] → published security:alert for adam-sentinel
[2026-07-23T22:27:42+02:00] [INFO] suid_change: 22 fichiers SUID detectes
[2026-07-23T22:27:42+02:00] [INFO] suid_change: baseline inchangee (22 fichiers)
[2026-07-23T22:27:42+02:00] [INFO] suid_change: baseline mise a jour (22 fichiers)
[2026-07-23T22:31:53+02:00] [WARN] permission_drift: payload incomplet — file='' expected='' actual=''
[2026-07-23T22:31:53+02:00] [INFO] → published security:alert for adam-sentinel
[2026-07-23T22:32:03+02:00] [INFO] suid_change: 22 fichiers SUID detectes
[2026-07-23T22:32:03+02:00] [INFO] suid_change: baseline inchangee (22 fichiers)
[2026-07-23T22:32:03+02:00] [INFO] suid_change: baseline mise a jour (22 fichiers)
[2026-07-23T22:36:18+02:00] [WARN] permission_drift: payload incomplet — file='' expected='' actual=''
[2026-07-23T22:36:18+02:00] [INFO] → published security:alert for adam-sentinel
[2026-07-23T22:36:26+02:00] [INFO] suid_change: 22 fichiers SUID detectes
[2026-07-23T22:36:26+02:00] [INFO] suid_change: baseline inchangee (22 fichiers)
[2026-07-23T22:36:26+02:00] [INFO] suid_change: baseline mise a jour (22 fichiers)
