[2026-07-23T07:33:20+02:00] [INFO] [file:changed] Processing event: source=watcher-scripts payload={"path": "/home/aza/scripts/cicd-hook.sh", "action": "modified", "extension": ".sh", "size": 5178}
[2026-07-23T07:33:20+02:00] [INFO] [file:changed] file:changed → path=/home/aza/scripts/cicd-hook.sh
[2026-07-23T07:33:20+02:00] [INFO] [file:changed] File not in a git repo with remote, skipping auto-commit
[2026-07-23T07:33:21+02:00] [INFO] [file:changed] Processing event: source=file_watcher payload={"path": "/home/aza/eva-adam-v2/event_bus.py", "action": "modified"}
[2026-07-23T07:33:21+02:00] [INFO] [file:changed] file:changed → path=/home/aza/eva-adam-v2/event_bus.py
[2026-07-23T07:33:21+02:00] [INFO] [file:changed] File not in a git repo with remote, skipping auto-commit
[2026-07-23T07:33:38+02:00] [INFO] [file:changed] Processing event: source=file_watcher payload={"path": "/home/aza/jepa_eva/README.md", "action": "modified"}
[2026-07-23T07:33:38+02:00] [INFO] [file:changed] file:changed → path=/home/aza/jepa_eva/README.md
[2026-07-23T07:33:38+02:00] [INFO] [file:changed] Auto-committing README.md in /home/aza/jepa_eva
[2026-07-23T07:33:38+02:00] [INFO] [file:changed] Auto-commit+push successful for README.md
[2026-07-23T07:33:52+02:00] [INFO] [unknown] Processing event: source=unknown payload={"foo": "bar"}
[2026-07-23T07:33:52+02:00] [WARN] [unknown] Unknown channel: unknown
[2026-07-23T07:33:52+02:00] [INFO] [file:changed] Processing event: source=file_watcher payload={"path": "/home/aza/jepa_eva/README.md", "action": "modified"}
[2026-07-23T07:33:52+02:00] [INFO] [file:changed] file:changed → path=/home/aza/jepa_eva/README.md
[2026-07-23T07:33:52+02:00] [INFO] [file:changed] Auto-committing README.md in /home/aza/jepa_eva
[2026-07-23T07:33:52+02:00] [INFO] [file:changed] Auto-commit+push successful for README.md
[2026-07-23T07:33:52+02:00] [INFO] [git:push] Processing event: source=unknown payload={"source": "user", "branch": "main", "commit_count": 3}
[2026-07-23T07:33:52+02:00] [INFO] [git:push] git:push — source=user branch=main commits=3
[2026-07-23T07:33:53+02:00] [INFO] [test:failed] Processing event: source=unknown payload={"test": "test_will_fail", "file": "/tmp/test_failing.py", "error": "AssertionError: expected 3 got 2"}
[2026-07-23T07:33:53+02:00] [INFO] [test:failed] test:failed — test=test_will_fail file=/tmp/test_failing.py error=AssertionError: expected 3 got 2
[2026-07-23T07:33:53+02:00] [INFO] [test:failed] Extracting pytest error output for /tmp/test_failing.py...
[2026-07-23T07:33:53+02:00] [PYTEST] F                                                                        [100%]
=================================== FAILURES ===================================
________________________________ test_will_fail ________________________________
tmp/test_failing.py:2: in test_will_fail
    assert 1 + 1 == 3, "expected 3 got 2"
E   AssertionError: expected 3 got 2
E   assert (1 + 1) == 3
=========================== short test summary info ============================
FAILED tmp/test_failing.py::test_will_fail - AssertionError: expected 3 got 2
1 failed in 0.11s
[2026-07-23T07:33:53+02:00] [INFO] [file:changed] Processing event: source=unknown payload={"path": "/tmp/test_failing.py", "action": "modified"}
[2026-07-23T07:33:53+02:00] [INFO] [file:changed] file:changed → path=/tmp/test_failing.py
[2026-07-23T07:33:53+02:00] [INFO] [file:changed] File not in a git repo with remote, skipping auto-commit
[2026-07-23T07:35:40+02:00] [INFO] [file:changed] Processing event: source=watcher-scripts payload={"path": "/home/aza/scripts/backup.sh", "action": "modified", "extension": ".sh", "size": 3821}
[2026-07-23T07:35:40+02:00] [INFO] [file:changed] file:changed → path=/home/aza/scripts/backup.sh
[2026-07-23T07:35:40+02:00] [INFO] [file:changed] File not in a git repo with remote, skipping auto-commit
[2026-07-23T07:35:46+02:00] [INFO] [file:changed] Processing event: source=watcher-scripts payload={"path": "/home/aza/scripts/praetor-watch.sh", "action": "modified", "extension": ".sh", "size": 5309}
[2026-07-23T07:35:46+02:00] [INFO] [file:changed] file:changed → path=/home/aza/scripts/praetor-watch.sh
[2026-07-23T07:35:46+02:00] [INFO] [file:changed] File not in a git repo with remote, skipping auto-commit
[2026-07-23T07:35:52+02:00] [INFO] [file:changed] Processing event: source=watcher-scripts payload={"path": "/home/aza/scripts/critic-review.sh", "action": "modified", "extension": ".sh", "size": 4895}
[2026-07-23T07:35:52+02:00] [INFO] [file:changed] file:changed → path=/home/aza/scripts/critic-review.sh
[2026-07-23T07:35:52+02:00] [INFO] [file:changed] File not in a git repo with remote, skipping auto-commit
[2026-07-23T07:35:56+02:00] [INFO] [file:changed] Processing event: source=watcher-scripts payload={"path": "/home/aza/scripts/sentinel-watch.sh", "action": "modified", "extension": ".sh", "size": 2810}
[2026-07-23T07:35:56+02:00] [INFO] [file:changed] file:changed → path=/home/aza/scripts/sentinel-watch.sh
[2026-07-23T07:35:56+02:00] [INFO] [file:changed] File not in a git repo with remote, skipping auto-commit
[2026-07-23T07:36:16+02:00] [INFO] [file:changed] Processing event: source=file_watcher payload={"path": "/home/aza/jepa_eva/README.md", "action": "modified"}
[2026-07-23T07:36:16+02:00] [INFO] [file:changed] file:changed → path=/home/aza/jepa_eva/README.md
[2026-07-23T07:36:16+02:00] [INFO] [file:changed] Auto-committing README.md in /home/aza/jepa_eva
[2026-07-23T07:36:16+02:00] [INFO] [file:changed] Auto-commit+push successful for README.md
[2026-07-23T08:57:25+02:00] [INFO] [file:changed] Processing event: source=watcher-scripts payload={"path": "/home/aza/scripts/osint-handler.py", "action": "modified", "extension": ".py", "size": 13208}
[2026-07-23T08:57:25+02:00] [INFO] [file:changed] file:changed → path=/home/aza/scripts/osint-handler.py
[2026-07-23T08:57:25+02:00] [INFO] [file:changed] File not in a git repo with remote, skipping auto-commit
[2026-07-23T09:03:29+02:00] [INFO] [file:changed] Processing event: source=watcher-scripts payload={"path": "/home/aza/scripts/osint-handler.py", "action": "modified", "extension": ".py", "size": 13918}
[2026-07-23T09:03:29+02:00] [INFO] [file:changed] file:changed → path=/home/aza/scripts/osint-handler.py
[2026-07-23T09:03:29+02:00] [INFO] [file:changed] File not in a git repo with remote, skipping auto-commit
[2026-07-23T09:23:04+02:00] [INFO] [file:changed] Processing event: source=watcher-scripts payload={"path": "/home/aza/scripts/osint-handler.py", "action": "modified", "extension": ".py", "size": 14535}
[2026-07-23T09:23:04+02:00] [INFO] [file:changed] file:changed → path=/home/aza/scripts/osint-handler.py
[2026-07-23T09:23:04+02:00] [INFO] [file:changed] File not in a git repo with remote, skipping auto-commit
[2026-07-23T09:23:10+02:00] [INFO] [file:changed] Processing event: source=watcher-scripts payload={"path": "/home/aza/scripts/osint-handler.py", "action": "modified", "extension": ".py", "size": 14533}
[2026-07-23T09:23:10+02:00] [INFO] [file:changed] file:changed → path=/home/aza/scripts/osint-handler.py
[2026-07-23T09:23:10+02:00] [INFO] [file:changed] File not in a git repo with remote, skipping auto-commit
[2026-07-23T09:25:36+02:00] [INFO] [file:changed] Processing event: source=watcher-scripts payload={"path": "/home/aza/scripts/osint-handler.py", "action": "modified", "extension": ".py", "size": 14976}
[2026-07-23T09:25:36+02:00] [INFO] [file:changed] file:changed → path=/home/aza/scripts/osint-handler.py
[2026-07-23T09:25:36+02:00] [INFO] [file:changed] File not in a git repo with remote, skipping auto-commit
[2026-07-23T11:22:13+02:00] [INFO] [file:changed] Processing event: source=watcher-scripts payload={"path": "/home/aza/scripts/blue-watch.sh", "action": "modified", "extension": ".sh", "size": 6998}
[2026-07-23T11:22:13+02:00] [INFO] [file:changed] file:changed → path=/home/aza/scripts/blue-watch.sh
[2026-07-23T11:22:13+02:00] [INFO] [file:changed] File not in a git repo with remote, skipping auto-commit
[2026-07-23T11:22:41+02:00] [INFO] [file:changed] Processing event: source=watcher-scripts payload={"path": "/home/aza/scripts/monitor-alert.sh", "action": "modified", "extension": ".sh", "size": 14499}
[2026-07-23T11:22:41+02:00] [INFO] [file:changed] file:changed → path=/home/aza/scripts/monitor-alert.sh
[2026-07-23T11:22:41+02:00] [INFO] [file:changed] File not in a git repo with remote, skipping auto-commit
[2026-07-23T11:25:46+02:00] [INFO] [file:changed] Processing event: source=watcher-scripts payload={"path": "/home/aza/scripts/doctor-watch.py", "action": "modified", "extension": ".py", "size": 7351}
[2026-07-23T11:25:46+02:00] [INFO] [file:changed] file:changed → path=/home/aza/scripts/doctor-watch.py
[2026-07-23T11:25:46+02:00] [INFO] [file:changed] File not in a git repo with remote, skipping auto-commit
[2026-07-23T11:27:10+02:00] [INFO] [file:changed] Processing event: source=watcher-scripts payload={"path": "/home/aza/scripts/sentinel-watch.sh", "action": "modified", "extension": ".sh", "size": 3969}
[2026-07-23T11:27:10+02:00] [INFO] [file:changed] file:changed → path=/home/aza/scripts/sentinel-watch.sh
[2026-07-23T11:27:10+02:00] [INFO] [file:changed] File not in a git repo with remote, skipping auto-commit
[2026-07-23T11:27:16+02:00] [INFO] [file:changed] Processing event: source=watcher-scripts payload={"path": "/home/aza/scripts/sentinel-watch.sh", "action": "modified", "extension": ".sh", "size": 3965}
[2026-07-23T11:27:16+02:00] [INFO] [file:changed] file:changed → path=/home/aza/scripts/sentinel-watch.sh
[2026-07-23T11:27:16+02:00] [INFO] [file:changed] File not in a git repo with remote, skipping auto-commit
[2026-07-23T11:30:10+02:00] [INFO] [file:changed] Processing event: source=watcher-scripts payload={"path": "/home/aza/scripts/osint-handler.py", "action": "modified", "extension": ".py", "size": 16223}
[2026-07-23T11:30:10+02:00] [INFO] [file:changed] file:changed → path=/home/aza/scripts/osint-handler.py
[2026-07-23T11:30:10+02:00] [INFO] [file:changed] File not in a git repo with remote, skipping auto-commit
[2026-07-23T11:30:32+02:00] [INFO] [file:changed] Processing event: source=watcher-scripts payload={"path": "/home/aza/scripts/critic-review.sh", "action": "modified", "extension": ".sh", "size": 6007}
[2026-07-23T11:30:32+02:00] [INFO] [file:changed] file:changed → path=/home/aza/scripts/critic-review.sh
[2026-07-23T11:30:32+02:00] [INFO] [file:changed] File not in a git repo with remote, skipping auto-commit
[2026-07-23T13:03:04+02:00] [INFO] [file:changed] Processing event: source=watcher-scripts payload={"path": "/home/aza/scripts/doctor-watch.py", "action": "modified", "extension": ".py", "size": 10830}
[2026-07-23T13:03:04+02:00] [INFO] [file:changed] file:changed → path=/home/aza/scripts/doctor-watch.py
[2026-07-23T13:03:04+02:00] [INFO] [file:changed] File not in a git repo with remote, skipping auto-commit
[2026-07-23T13:03:44+02:00] [INFO] [file:changed] Processing event: source=watcher-scripts payload={"path": "/home/aza/scripts/doctor-watch.py", "action": "modified", "extension": ".py", "size": 10889}
[2026-07-23T13:03:44+02:00] [INFO] [file:changed] file:changed → path=/home/aza/scripts/doctor-watch.py
[2026-07-23T13:03:44+02:00] [INFO] [file:changed] File not in a git repo with remote, skipping auto-commit
[2026-07-23T13:03:50+02:00] [INFO] [file:changed] Processing event: source=watcher-scripts payload={"path": "/home/aza/scripts/doctor-watch.py", "action": "modified", "extension": ".py", "size": 10830}
[2026-07-23T13:03:50+02:00] [INFO] [file:changed] file:changed → path=/home/aza/scripts/doctor-watch.py
[2026-07-23T13:03:50+02:00] [INFO] [file:changed] File not in a git repo with remote, skipping auto-commit
[2026-07-23T13:05:14+02:00] [INFO] [file:changed] Processing event: source=watcher-scripts payload={"path": "/home/aza/scripts/monitor-alert.sh", "action": "modified", "extension": ".sh", "size": 15076}
[2026-07-23T13:05:14+02:00] [INFO] [file:changed] file:changed → path=/home/aza/scripts/monitor-alert.sh
[2026-07-23T13:05:14+02:00] [INFO] [file:changed] File not in a git repo with remote, skipping auto-commit
[2026-07-23T14:38:30+02:00] [INFO] [file:changed] Processing event: source=eva-phase2 payload={"path": "/home/aza/test-pr-repo/eva-adam-v2/adam-evolution.py", "change_type": "created", "description": "Phase 2: adam-evolution.py — agent d évolution des règles Praetor"}
[2026-07-23T14:38:30+02:00] [INFO] [file:changed] file:changed → path=/home/aza/test-pr-repo/eva-adam-v2/adam-evolution.py
[2026-07-23T14:38:30+02:00] [INFO] [file:changed] File not tracked by git (ignored or untracked), skipping
[2026-07-23T14:38:58+02:00] [INFO] [file:changed] Processing event: source=eva-phase2 payload={"path": "/home/aza/test-pr-repo/eva-adam-v2/adam-evolution.py", "change_type": "created", "description": "Phase 2: adam-evolution.py — agent d évolution des règles Praetor"}
[2026-07-23T14:38:58+02:00] [INFO] [file:changed] file:changed → path=/home/aza/test-pr-repo/eva-adam-v2/adam-evolution.py
[2026-07-23T14:38:58+02:00] [INFO] [file:changed] Auto-committing eva-adam-v2/adam-evolution.py in /home/aza/test-pr-repo
[2026-07-23T14:38:58+02:00] [INFO] [file:changed] Auto-commit+push successful for eva-adam-v2/adam-evolution.py
[2026-07-23T15:16:39+02:00] [INFO] [file:changed] Processing event: source=watcher-scripts payload={"path": "/home/aza/scripts/cicd-hook.sh", "action": "modified", "extension": ".sh", "size": 7369}
[2026-07-23T15:16:39+02:00] [INFO] [file:changed] file:changed → path=/home/aza/scripts/cicd-hook.sh
[2026-07-23T15:16:39+02:00] [INFO] [file:changed] File not in a git repo with remote, skipping auto-commit
[2026-07-23T15:19:39+02:00] [INFO] [git:pull] Processing event: source=handler payload={"repo": "/home/aza/test-pr-repo", "branch": "Dev", "source": "test-manuel"}
[2026-07-23T15:19:39+02:00] [INFO] [git:pull] git:pull — repo=/home/aza/test-pr-repo branch=Dev
[2026-07-23T15:19:39+02:00] [INFO] [git:pull] git pull origin Dev: Depuis https://github.com/JohnNuwan/EVA_CORE
 * branch            Dev        -> FETCH_HEAD
Déjà à jour.
[2026-07-23T15:19:39+02:00] [INFO] [git:pull] Pull terminé: 0
0 fichier(s) mis à jour sur Dev
[2026-07-23T17:18:33+02:00] [INFO] [git:pull] Processing event: source=handler payload={"repo": "/home/aza/test-pr-repo", "branch": "Dev", "source": "test-manuel"}
[2026-07-23T17:18:33+02:00] [INFO] [git:pull] git:pull — repo=/home/aza/test-pr-repo branch=Dev
[2026-07-23T17:18:33+02:00] [INFO] [git:pull] git pull origin Dev: Depuis https://github.com/JohnNuwan/EVA_CORE
 * branch            Dev        -> FETCH_HEAD
Déjà à jour.
[2026-07-23T17:18:33+02:00] [INFO] [git:pull] Pull terminé: 0
0 fichier(s) mis à jour sur Dev
[2026-07-23T18:34:33+02:00] [INFO] [file:changed] Processing event: source=watcher-scripts payload={"path": "/home/aza/scripts/critic-review.py", "action": "modified", "extension": ".py", "size": 15268}
[2026-07-23T18:34:33+02:00] [INFO] [file:changed] file:changed → path=/home/aza/scripts/critic-review.py
[2026-07-23T18:34:33+02:00] [INFO] [file:changed] File not in a git repo with remote, skipping auto-commit
[2026-07-23T18:35:36+02:00] [INFO] [file:changed] Processing event: source=watcher-scripts channel=file:changed
[2026-07-23T18:35:36+02:00] [INFO] [file:changed] file:changed → path=/home/aza/scripts/cicd-hook.sh
[2026-07-23T18:39:54+02:00] [INFO] [file:changed] Processing event: source=watcher-scripts channel=file:changed
[2026-07-23T18:39:54+02:00] [INFO] [file:changed] file:changed → path=/home/aza/scripts/treasurer-track.py
[2026-07-23T18:46:03+02:00] [INFO] [file:changed] Processing event: source=watcher-scripts channel=file:changed
[2026-07-23T18:46:03+02:00] [INFO] [file:changed] file:changed → path=/home/aza/scripts/researcher-scan.py
[2026-07-23T18:49:04+02:00] [INFO] [file:changed] Processing event: source=watcher-scripts channel=file:changed
[2026-07-23T18:49:04+02:00] [INFO] [file:changed] file:changed → path=/home/aza/scripts/treasurer-track.py
[2026-07-23T18:50:26+02:00] [INFO] [file:changed] Processing event: source=watcher-scripts channel=file:changed
[2026-07-23T18:50:26+02:00] [INFO] [file:changed] Processing event: source=watcher-scripts channel=file:changed
[2026-07-23T18:50:26+02:00] [INFO] [file:changed] file:changed → path=/home/aza/scripts/sentinel-scraper.py
[2026-07-23T18:50:26+02:00] [INFO] [file:changed] file:changed → path=/home/aza/scripts/validate-skill-structure.py
[2026-07-23T18:50:28+02:00] [INFO] [file:changed] Processing event: source=watcher-scripts channel=file:changed
[2026-07-23T18:50:28+02:00] [INFO] [file:changed] file:changed → path=/home/aza/scripts/social-manage.py
[2026-07-23T18:53:25+02:00] [INFO] [git:changes_detected] Processing event: source=handler channel=git:changes_detected
[2026-07-23T18:53:25+02:00] [INFO] [git:changes_detected] git:changes_detected — repo=/home/aza/test-pr-repo branch=Dev msg=auto-fix: 5 fixes (unused_import, high_complexity, todo_fixme)
[2026-07-23T18:53:25+02:00] [INFO] [git:changes_detected] No uncommitted changes, skipping
[2026-07-23T18:54:01+02:00] [INFO] [git:changes_detected] Processing event: source=handler channel=git:changes_detected
[2026-07-23T18:54:01+02:00] [INFO] [git:changes_detected] git:changes_detected — repo=/home/aza/test-pr-repo branch=Dev msg=auto-fix: 5 fixes (unused_import, high_complexity, todo_fixme)
[2026-07-23T18:54:01+02:00] [INFO] [git:changes_detected] No uncommitted changes, skipping
[2026-07-23T18:58:52+02:00] [INFO] [file:changed] Processing event: source=watcher-scripts channel=file:changed
[2026-07-23T18:59:32+02:00] [INFO] [file:changed] Processing event: source=watcher-scripts channel=file:changed
[2026-07-23T18:59:32+02:00] [INFO] [file:changed] file:changed → path=/home/aza/scripts/cicd-hook.sh
[2026-07-23T19:00:20+02:00] [INFO] [git:changes_detected] Processing event: source=handler channel=git:changes_detected
[2026-07-23T19:00:20+02:00] [INFO] [git:changes_detected] git:changes_detected — repo=/home/aza/test-pr-repo branch=Dev msg=auto-fix: 2 fixes (unused_import, high_complexity, todo_fixme)
[2026-07-23T19:00:20+02:00] [INFO] [git:changes_detected] No uncommitted changes, skipping
[2026-07-23T19:00:22+02:00] [INFO] [file:changed] Processing event: source=watcher-scripts channel=file:changed
[2026-07-23T19:00:22+02:00] [INFO] [file:changed] Processing event: source=watcher-scripts channel=file:changed
[2026-07-23T19:00:22+02:00] [INFO] [file:changed] file:changed → path=/home/aza/scripts/social-manage.py
[2026-07-23T19:00:22+02:00] [INFO] [file:changed] file:changed → path=/home/aza/scripts/sentinel-scraper.py
[2026-07-23T19:02:21+02:00] [INFO] [file:changed] Processing event: source=watcher-scripts channel=file:changed
[2026-07-23T19:02:21+02:00] [INFO] [file:changed] file:changed → path=/home/aza/scripts/cicd-hook.sh
[2026-07-23T19:03:43+02:00] [INFO] [git:changes_detected] Processing event: source=handler channel=git:changes_detected
[2026-07-23T19:03:43+02:00] [INFO] [git:changes_detected] git:changes_detected — repo=/home/aza/test-pr-repo branch=Dev msg=auto-fix: 1 fixes (unused_import, high_complexity, todo_fixme)
[2026-07-23T19:03:43+02:00] [INFO] [git:changes_detected]   Copied: /home/aza/scripts/test-pipeline.py → /home/aza/test-pr-repo/scripts/test-pipeline.py
[2026-07-23T19:03:43+02:00] [INFO] [git:changes_detected] 1 file(s) to commit
[2026-07-23T19:03:43+02:00] [INFO] [git:changes_detected] ✅ Committed: ebf87c6 (1 files)
[2026-07-23T19:03:45+02:00] [INFO] [file:changed] Processing event: source=watcher-scripts channel=file:changed
[2026-07-23T19:03:45+02:00] [INFO] [file:changed] file:changed → path=/home/aza/scripts/test-pipeline.py
[2026-07-23T19:03:43+02:00] [INFO] [git:changes_detected] ✅ Pushed to origin/Dev: To https://github.com/JohnNuwan/EVA_CORE.git
   23f1b1d..ebf87c6  Dev -> Dev
[2026-07-23T21:19:24+02:00] [INFO] [file:changed] Processing event: source=watcher-scripts channel=file:changed
[2026-07-23T21:19:24+02:00] [INFO] [file:changed] file:changed → path=/home/aza/scripts/adam-red-challenge.py
[2026-07-23T21:30:55+02:00] [INFO] [file:changed] Processing event: source=watcher-scripts channel=file:changed
[2026-07-23T21:30:55+02:00] [INFO] [file:changed] file:changed → path=/home/aza/scripts/adam-red-challenge.py
[2026-07-23T21:32:31+02:00] [INFO] [file:changed] Processing event: source=watcher-scripts channel=file:changed
[2026-07-23T21:32:31+02:00] [INFO] [file:changed] file:changed → path=/home/aza/scripts/adam-red-challenge.py
[2026-07-23T21:34:17+02:00] [INFO] [file:changed] Processing event: source=watcher-scripts channel=file:changed
[2026-07-23T21:34:17+02:00] [INFO] [file:changed] file:changed → path=/home/aza/scripts/adam-red-challenge.py
[2026-07-23T21:35:46+02:00] [INFO] [file:changed] Processing event: source=watcher-scripts channel=file:changed
[2026-07-23T21:35:46+02:00] [INFO] [file:changed] file:changed → path=/home/aza/scripts/adam-red-challenge.py
[2026-07-23T22:28:36+02:00] [INFO] [file:changed] Processing event: source=watcher-scripts channel=file:changed
[2026-07-23T22:28:36+02:00] [INFO] [file:changed] file:changed → path=/home/aza/scripts/doctor-watch.py
[2026-07-23T22:29:08+02:00] [INFO] [file:changed] Processing event: source=watcher-scripts channel=file:changed
[2026-07-23T22:29:08+02:00] [INFO] [file:changed] file:changed → path=/home/aza/scripts/doctor-watch.py
[2026-07-23T22:29:12+02:00] [INFO] [git:changes_detected] Processing event: source=adam-critic channel=git:changes_detected
[2026-07-23T22:29:12+02:00] [INFO] [git:changes_detected] git:changes_detected — repo=/home/aza/test-pr-repo branch=Dev msg=auto-fix: 1 fixes (unused_import, high_complexity, todo_fixme, syntax_error)
[2026-07-23T22:29:12+02:00] [INFO] [git:changes_detected]   Copied: /home/aza/scripts/adam-red-challenge.py → /home/aza/test-pr-repo/scripts/adam-red-challenge.py
[2026-07-23T22:29:12+02:00] [INFO] [git:changes_detected] 1 file(s) to commit
[2026-07-23T22:29:12+02:00] [INFO] [git:changes_detected] ✅ Committed: 4902674 (1 files)
[2026-07-23T22:29:12+02:00] [INFO] [git:changes_detected] ✅ Pushed to origin/Dev: To https://github.com/JohnNuwan/EVA_CORE.git
   fe03a0f..4902674  Dev -> Dev
[2026-07-23T22:29:16+02:00] [INFO] [file:changed] Processing event: source=watcher-scripts channel=file:changed
[2026-07-23T22:29:16+02:00] [INFO] [file:changed] file:changed → path=/home/aza/scripts/adam-red-challenge.py
[2026-07-23T22:29:26+02:00] [INFO] [file:changed] Processing event: source=watcher-scripts channel=file:changed
[2026-07-23T22:29:26+02:00] [INFO] [file:changed] file:changed → path=/home/aza/scripts/doctor-watch.py
[2026-07-23T22:29:32+02:00] [INFO] [git:changes_detected] Processing event: source=adam-critic channel=git:changes_detected
[2026-07-23T22:29:32+02:00] [INFO] [git:changes_detected] git:changes_detected — repo=/home/aza/test-pr-repo branch=Dev msg=auto-fix: 1 fixes (unused_import, high_complexity, todo_fixme)
[2026-07-23T22:29:32+02:00] [INFO] [git:changes_detected]   Copied: /home/aza/scripts/adam-red-challenge.py → /home/aza/test-pr-repo/scripts/adam-red-challenge.py
[2026-07-23T22:29:32+02:00] [INFO] [git:changes_detected] 1 file(s) to commit
[2026-07-23T22:29:32+02:00] [INFO] [git:changes_detected] ✅ Committed: 576f42c (1 files)
[2026-07-23T22:29:32+02:00] [INFO] [git:changes_detected] ✅ Pushed to origin/Dev: To https://github.com/JohnNuwan/EVA_CORE.git
   4902674..576f42c  Dev -> Dev
[2026-07-23T22:29:36+02:00] [INFO] [file:changed] Processing event: source=watcher-scripts channel=file:changed
[2026-07-23T22:29:36+02:00] [INFO] [file:changed] file:changed → path=/home/aza/scripts/adam-red-challenge.py
