[2026-07-23T06:38:35+00:00] [adam-red] 🔔 Canal: osint:alert | Source: system
[2026-07-23T06:38:35+00:00] [adam-red] 📝 Message: 
[2026-07-23T06:38:35+00:00] [adam-red] 🔍 Scan surface d'attaque locale...
[2026-07-23T06:38:35+00:00] [adam-red] 📡 Ports en écoute: 11434 22 3000 5037 51821 5900 6080 8016 8080 8081 8082 8083 8084 9090 9100 
[2026-07-23T06:38:35+00:00] [adam-red] 🔗 Connexions établies: 149.154.166.110:443 [2606:4700::6812:373]:443 
[2026-07-23T06:38:35+00:00] [adam-red] 📊 Top CPU: aza 4030280 300 0.0 9788 4624 ? R 08:38 0:00 ps aux --sort=-%cpu aza 4026472 10.6 0.0 37036 22320 ? R 08:13 2:37 /usr/bin/python3 /home/aza/eva-adam-v2/file_watcher.py start-bg root 1560 1.3 0.0 4297108 92072 ? Ssl juil.17 119:27 /usr/bin/containerd nobody 1634050 1.2 0.0 1277584 29400 ? Ssl juil.22 17:40 /bin/node_exporter aza 1674709 1.1 0.7 11105956 1020704 ? Sl juil.22 14:28 /home/aza/.local/share/pipx/venvs/chromadb/bin/python /home/aza/rag-stack/server.py 
[2026-07-23T06:38:35+00:00] [adam-red] 🚨 Tentatives SSH échouées (5min): 0
0
[2026-07-23T06:38:35+00:00] [adam-red] ✅ Aucune modification récente dans /etc
[2026-07-23T06:38:35+00:00] [adam-red] ✅ Scan OSINT terminé — Ports: 15, SSH fails: 0
0
[2026-07-23T06:40:19+00:00] [adam-red] 🔔 Canal: osint:alert | Source: hive_cycler
[2026-07-23T06:40:19+00:00] [adam-red] 📝 Message: 
[2026-07-23T06:40:19+00:00] [adam-red] 🔍 Scan surface d'attaque locale...
[2026-07-23T06:40:19+00:00] [adam-red] 📡 Ports en écoute: 11434 22 3000 5037 51821 5900 6080 8016 8080 8081 8082 8083 8084 9090 9100 
[2026-07-23T06:40:19+00:00] [adam-red] 🔗 Connexions établies: 149.154.166.110:443 [2606:4700::6812:373]:443 
[2026-07-23T06:40:19+00:00] [adam-red] 📊 Top CPU: aza 4030806 200 0.0 9788 4604 ? R 08:40 0:00 ps aux --sort=-%cpu aza 4026472 10.6 0.0 37036 22320 ? S 08:13 2:48 /usr/bin/python3 /home/aza/eva-adam-v2/file_watcher.py start-bg root 1560 1.3 0.0 4297108 85056 ? Ssl juil.17 119:27 /usr/bin/containerd nobody 1634050 1.2 0.0 1277584 29072 ? Ssl juil.22 17:42 /bin/node_exporter aza 1674709 1.1 0.7 11105956 1020704 ? Sl juil.22 14:28 /home/aza/.local/share/pipx/venvs/chromadb/bin/python /home/aza/rag-stack/server.py 
[2026-07-23T06:40:19+00:00] [adam-red] 🚨 Tentatives SSH échouées (5min): 0
0
[2026-07-23T06:40:19+00:00] [adam-red] ✅ Aucune modification récente dans /etc
[2026-07-23T06:40:19+00:00] [adam-red] ✅ Scan OSINT terminé — Ports: 15, SSH fails: 0
0
[2026-07-23T06:42:35+00:00] [adam-red] 🔔 Canal: osint:alert | Source: hive_cycler
[2026-07-23T06:42:35+00:00] [adam-red] 📝 Message: 
[2026-07-23T06:42:35+00:00] [adam-red] 🔍 Scan surface d'attaque locale...
[2026-07-23T06:42:35+00:00] [adam-red] 📡 Ports en écoute: 11434 22 3000 5037 51821 5900 6080 8016 8080 8081 8082 8083 8084 9090 9100 
[2026-07-23T06:42:35+00:00] [adam-red] 🔗 Connexions établies: 149.154.166.110:443 [2606:4700::6812:373]:443 
[2026-07-23T06:42:35+00:00] [adam-red] 📊 Top CPU: aza 4026472 10.5 0.0 36628 21912 ? S 08:13 3:02 /usr/bin/python3 /home/aza/eva-adam-v2/file_watcher.py start-bg root 1560 1.3 0.0 4297108 85288 ? Ssl juil.17 119:27 /usr/bin/containerd nobody 1634050 1.2 0.0 1277584 29172 ? Ssl juil.22 17:43 /bin/node_exporter aza 1674709 1.1 0.7 11105956 1020704 ? Sl juil.22 14:28 /home/aza/.local/share/pipx/venvs/chromadb/bin/python /home/aza/rag-stack/server.py root 1797 1.0 0.1 5867264 191456 ? Ssl juil.17 92:07 /usr/bin/dockerd -H fd:// --containerd=/run/containerd/containerd.sock 
[2026-07-23T06:42:35+00:00] [adam-red] 🚨 Tentatives SSH échouées (5min): 0
0
[2026-07-23T06:42:35+00:00] [adam-red] ✅ Aucune modification récente dans /etc
[2026-07-23T06:42:35+00:00] [adam-red] ✅ Scan OSINT terminé — Ports: 15, SSH fails: 0
0
[2026-07-23T06:46:55+00:00] [adam-red] 🔔 Canal: osint:alert | Source: hive_cycler
[2026-07-23T06:46:55+00:00] [adam-red] 📝 Message: 
[2026-07-23T06:46:55+00:00] [adam-red] 🔍 Scan surface d'attaque locale...
[2026-07-23T06:46:55+00:00] [adam-red] 📡 Ports en écoute: 11434 22 3000 5037 51821 5900 6080 8016 8080 8081 8082 8083 8084 9090 9100 
[2026-07-23T06:46:55+00:00] [adam-red] 🔗 Connexions établies: 10.8.0.2:44508 149.154.166.110:443 
[2026-07-23T06:46:55+00:00] [adam-red] 📊 Top CPU: aza 4026472 10.5 0.0 37036 22320 ? S 08:13 3:30 /usr/bin/python3 /home/aza/eva-adam-v2/file_watcher.py start-bg root 1560 1.3 0.0 4297108 86076 ? Ssl juil.17 119:28 /usr/bin/containerd nobody 1634050 1.2 0.0 1277584 29144 ? Ssl juil.22 17:47 /bin/node_exporter aza 1674709 1.1 0.7 11105956 1020704 ? Sl juil.22 14:28 /home/aza/.local/share/pipx/venvs/chromadb/bin/python /home/aza/rag-stack/server.py root 1797 1.0 0.1 5867264 191704 ? Ssl juil.17 92:07 /usr/bin/dockerd -H fd:// --containerd=/run/containerd/containerd.sock 
[2026-07-23T06:46:55+00:00] [adam-red] 🚨 Tentatives SSH échouées (5min): 0
0
[2026-07-23T06:46:55+00:00] [adam-red] ✅ Aucune modification récente dans /etc
[2026-07-23T06:46:55+00:00] [adam-red] ✅ Scan OSINT terminé — Ports: 15, SSH fails: 0
0
[2026-07-23T06:51:15+00:00] [adam-red] 🔔 Canal: osint:alert | Source: hive_cycler
[2026-07-23T06:51:15+00:00] [adam-red] 📝 Message: 
[2026-07-23T06:51:15+00:00] [adam-red] 🔍 Scan surface d'attaque locale...
[2026-07-23T06:51:15+00:00] [adam-red] 📡 Ports en écoute: 11434 22 3000 5037 51821 5900 6080 8016 8080 8081 8082 8083 8084 9090 9100 
[2026-07-23T06:51:15+00:00] [adam-red] 🔗 Connexions établies: 10.8.0.2:44508 10.8.0.2:44646 149.154.166.110:443 
[2026-07-23T06:51:15+00:00] [adam-red] 📊 Top CPU: aza 4026472 10.5 0.0 37036 22192 ? R 08:13 3:57 /usr/bin/python3 /home/aza/eva-adam-v2/file_watcher.py start-bg root 1560 1.3 0.0 4297108 84884 ? Ssl juil.17 119:28 /usr/bin/containerd nobody 1634050 1.2 0.0 1277584 30600 ? Ssl juil.22 17:50 /bin/node_exporter aza 1674709 1.1 0.7 11105956 1020704 ? Sl juil.22 14:28 /home/aza/.local/share/pipx/venvs/chromadb/bin/python /home/aza/rag-stack/server.py root 1797 1.0 0.1 5867264 191828 ? Ssl juil.17 92:08 /usr/bin/dockerd -H fd:// --containerd=/run/containerd/containerd.sock 
[2026-07-23T06:51:15+00:00] [adam-red] 🚨 Tentatives SSH échouées (5min): 0
0
[2026-07-23T06:51:15+00:00] [adam-red] ✅ Aucune modification récente dans /etc
[2026-07-23T06:51:15+00:00] [adam-red] ✅ Scan OSINT terminé — Ports: 15, SSH fails: 0
0
[2026-07-23T06:56:41+00:00] [adam-red] 🎯 Cible OSINT: john.nuwan.moncel@gmail.com
[2026-07-23T06:56:41+00:00] [adam-red] 📋 Canal: osint:alert | Agent: adam-red
[2026-07-23T06:56:41+00:00] [adam-red] 🔍 Holehe: recherche email sur 120+ sites...
[2026-07-23T06:56:41+00:00] [adam-red]   ⚠️ Holehe retour vide (stderr: usage: holehe [-h] [--only-used] [--no-color] [--no-clear] [-NP] [-C]
              [-T TIMEOUT]
              EMAIL [EMAIL ...]
holehe: error: unrecognized arguments: --terse --only-existing
)
[2026-07-23T06:56:41+00:00] [adam-red] 🔍 Sherlock: recherche pseudo 'john.nuwan.moncel' sur 300+ sites...
[2026-07-23T06:57:05+00:00] [adam-red]   ✅ Sherlock: 18 profil(s) trouvé(s)
[2026-07-23T06:57:05+00:00] [adam-red] 🔍 Gravatar: vérification photo de profil...
[2026-07-23T06:57:07+00:00] [adam-red]   ✅ Gravatar trouvé: https://www.gravatar.com/avatar/26a0466a6b25316e6048d899ccba8ce8
[2026-07-23T06:57:07+00:00] [adam-red] 🔍 HaveIBeenPwned: vérification breaches...
[2026-07-23T06:57:07+00:00] [adam-red]   ⚠️ HIBP: clé API requise (sans clé, on skip)
[2026-07-23T06:57:07+00:00] [adam-red] 📄 Rapport JSON: /home/aza/eva-adam-v2/osint_reports/osint_john.nuwan.moncel@gmail.com_2026-07-23_06-57-07.json
[2026-07-23T06:57:07+00:00] [adam-red] 📄 Rapport HTML: /home/aza/eva-adam-v2/osint_reports/osint_john.nuwan.moncel@gmail.com_2026-07-23_06-57-07.html
[2026-07-23T06:57:07+00:00] [adam-red] 📊 Rapport généré:
[2026-07-23T06:57:07+00:00] [adam-red]   - Sites email: 0
[2026-07-23T06:57:07+00:00] [adam-red]   - Profils pseudo: 18
[2026-07-23T06:57:07+00:00] [adam-red]   - Gravatar: OUI
[2026-07-23T06:57:07+00:00] [adam-red]   - Breaches: 0
[2026-07-23T06:57:07+00:00] [adam-red]   - JSON: /home/aza/eva-adam-v2/osint_reports/osint_john.nuwan.moncel@gmail.com_2026-07-23_06-57-07.json
[2026-07-23T06:57:07+00:00] [adam-red]   - HTML: /home/aza/eva-adam-v2/osint_reports/osint_john.nuwan.moncel@gmail.com_2026-07-23_06-57-07.html
[2026-07-23T06:57:07+00:00] [adam-red] ✅ OSINT terminé pour john.nuwan.moncel@gmail.com
[2026-07-23T06:57:27+00:00] [adam-red] 🎯 Cible OSINT: john.nuwan.moncel@gmail.com
[2026-07-23T06:57:27+00:00] [adam-red] 📋 Canal: osint:alert | Agent: adam-red
[2026-07-23T06:57:27+00:00] [adam-red] 🔍 Holehe: recherche email sur 120+ sites...
[2026-07-23T06:57:40+00:00] [adam-red]   ✅ Holehe: 16 site(s) trouvé(s)
[2026-07-23T06:57:40+00:00] [adam-red] 🔍 Sherlock: recherche pseudo 'john.nuwan.moncel' sur 300+ sites...
[2026-07-23T06:58:02+00:00] [adam-red]   ✅ Sherlock: 18 profil(s) trouvé(s)
[2026-07-23T06:58:02+00:00] [adam-red] 🔍 Gravatar: vérification photo de profil...
[2026-07-23T06:58:04+00:00] [adam-red]   ✅ Gravatar trouvé: https://www.gravatar.com/avatar/26a0466a6b25316e6048d899ccba8ce8
[2026-07-23T06:58:04+00:00] [adam-red] 🔍 HaveIBeenPwned: vérification breaches...
[2026-07-23T06:58:04+00:00] [adam-red]   ⚠️ HIBP: clé API requise (sans clé, on skip)
[2026-07-23T06:58:04+00:00] [adam-red] 📄 Rapport JSON: /home/aza/eva-adam-v2/osint_reports/osint_john.nuwan.moncel@gmail.com_2026-07-23_06-58-04.json
[2026-07-23T06:58:04+00:00] [adam-red] 📄 Rapport HTML: /home/aza/eva-adam-v2/osint_reports/osint_john.nuwan.moncel@gmail.com_2026-07-23_06-58-04.html
[2026-07-23T06:58:04+00:00] [adam-red] 📊 Rapport généré:
[2026-07-23T06:58:04+00:00] [adam-red]   - Sites email: 16
[2026-07-23T06:58:04+00:00] [adam-red]   - Profils pseudo: 18
[2026-07-23T06:58:04+00:00] [adam-red]   - Gravatar: OUI
[2026-07-23T06:58:04+00:00] [adam-red]   - Breaches: 0
[2026-07-23T06:58:04+00:00] [adam-red]   - JSON: /home/aza/eva-adam-v2/osint_reports/osint_john.nuwan.moncel@gmail.com_2026-07-23_06-58-04.json
[2026-07-23T06:58:04+00:00] [adam-red]   - HTML: /home/aza/eva-adam-v2/osint_reports/osint_john.nuwan.moncel@gmail.com_2026-07-23_06-58-04.html
[2026-07-23T06:58:04+00:00] [adam-red] ✅ OSINT terminé pour john.nuwan.moncel@gmail.com
[2026-07-23T07:03:31+00:00] [adam-red] 🎯 Cible OSINT: john.nuwan.moncel@gmail.com
[2026-07-23T07:03:31+00:00] [adam-red] 📋 Canal: osint:alert | Agent: adam-red
[2026-07-23T07:03:31+00:00] [adam-red] 🔍 Holehe: recherche email sur 120+ sites...
[2026-07-23T07:03:44+00:00] [adam-red]   ✅ Holehe: 5 site(s) trouvé(s)
[2026-07-23T07:03:44+00:00] [adam-red] 🔍 Sherlock: recherche pseudo 'john.nuwan.moncel' sur 300+ sites...
[2026-07-23T07:04:08+00:00] [adam-red]   ✅ Sherlock: 18 profil(s) trouvé(s)
[2026-07-23T07:04:08+00:00] [adam-red] 🔍 Gravatar: vérification photo de profil...
[2026-07-23T07:04:08+00:00] [adam-red]   ✅ Gravatar trouvé: https://www.gravatar.com/avatar/26a0466a6b25316e6048d899ccba8ce8
[2026-07-23T07:04:08+00:00] [adam-red] 🔍 HaveIBeenPwned: vérification breaches...
[2026-07-23T07:04:09+00:00] [adam-red]   ⚠️ HIBP: clé API requise (sans clé, on skip)
[2026-07-23T07:04:09+00:00] [adam-red] 📄 Rapport JSON: /home/aza/eva-adam-v2/osint_reports/osint_john.nuwan.moncel@gmail.com_2026-07-23_07-04-09.json
[2026-07-23T07:04:09+00:00] [adam-red] 📄 Rapport HTML: /home/aza/eva-adam-v2/osint_reports/osint_john.nuwan.moncel@gmail.com_2026-07-23_07-04-09.html
[2026-07-23T07:04:09+00:00] [adam-red] 📊 Rapport généré:
[2026-07-23T07:04:09+00:00] [adam-red]   - Sites email: 5
[2026-07-23T07:04:09+00:00] [adam-red]   - Profils pseudo: 18
[2026-07-23T07:04:09+00:00] [adam-red]   - Gravatar: OUI
[2026-07-23T07:04:09+00:00] [adam-red]   - Breaches: 0
[2026-07-23T07:04:09+00:00] [adam-red]   - JSON: /home/aza/eva-adam-v2/osint_reports/osint_john.nuwan.moncel@gmail.com_2026-07-23_07-04-09.json
[2026-07-23T07:04:09+00:00] [adam-red]   - HTML: /home/aza/eva-adam-v2/osint_reports/osint_john.nuwan.moncel@gmail.com_2026-07-23_07-04-09.html
[2026-07-23T07:04:09+00:00] [adam-red] ✅ OSINT terminé pour john.nuwan.moncel@gmail.com
[2026-07-23T07:08:07+00:00] [adam-red] 🎯 Cible OSINT: john.nuwan.moncel@gmail.com
[2026-07-23T07:08:07+00:00] [adam-red] 📋 Canal: osint:alert | Agent: adam-red
[2026-07-23T07:08:07+00:00] [adam-red] 🔍 Holehe: recherche email sur 120+ sites...
[2026-07-23T07:08:23+00:00] [adam-red]   ✅ Holehe: 5 site(s) trouvé(s)
[2026-07-23T07:08:23+00:00] [adam-red] 🔍 Sherlock: recherche pseudo 'john.nuwan.moncel' sur 300+ sites...
[2026-07-23T07:08:35+00:00] [adam-red] ⚠️ Aucune cible (target/email/username) dans le payload
[2026-07-23T07:08:35+00:00] [adam-red]   Payload reçu: {"msg": "Periodic OSINT scan", "load": 0.49, "uptime": 515075}
[2026-07-23T07:08:46+00:00] [adam-red]   ✅ Sherlock: 18 profil(s) trouvé(s)
[2026-07-23T07:08:46+00:00] [adam-red] 🔍 Gravatar: vérification photo de profil...
[2026-07-23T07:08:47+00:00] [adam-red]   ✅ Gravatar trouvé: https://www.gravatar.com/avatar/26a0466a6b25316e6048d899ccba8ce8
[2026-07-23T07:08:47+00:00] [adam-red] 🔍 HaveIBeenPwned: vérification breaches...
[2026-07-23T07:08:47+00:00] [adam-red]   ⚠️ HIBP: clé API requise (sans clé, on skip)
[2026-07-23T07:08:47+00:00] [adam-red] 📄 Rapport JSON: /home/aza/eva-adam-v2/osint_reports/osint_john.nuwan.moncel@gmail.com_2026-07-23_07-08-47.json
[2026-07-23T07:08:47+00:00] [adam-red] 📄 Rapport HTML: /home/aza/eva-adam-v2/osint_reports/osint_john.nuwan.moncel@gmail.com_2026-07-23_07-08-47.html
[2026-07-23T07:08:47+00:00] [adam-red] 📊 Rapport généré:
[2026-07-23T07:08:47+00:00] [adam-red]   - Sites email: 5
[2026-07-23T07:08:47+00:00] [adam-red]   - Profils pseudo: 18
[2026-07-23T07:08:47+00:00] [adam-red]   - Gravatar: OUI
[2026-07-23T07:08:47+00:00] [adam-red]   - Breaches: 0
[2026-07-23T07:08:47+00:00] [adam-red]   - JSON: /home/aza/eva-adam-v2/osint_reports/osint_john.nuwan.moncel@gmail.com_2026-07-23_07-08-47.json
[2026-07-23T07:08:47+00:00] [adam-red]   - HTML: /home/aza/eva-adam-v2/osint_reports/osint_john.nuwan.moncel@gmail.com_2026-07-23_07-08-47.html
[2026-07-23T07:08:47+00:00] [adam-red] ✅ OSINT terminé pour john.nuwan.moncel@gmail.com
[2026-07-23T07:10:41+00:00] [adam-red] ⚠️ Aucune cible (target/email/username) dans le payload
[2026-07-23T07:10:41+00:00] [adam-red]   Payload reçu: {"msg": "Periodic OSINT scan", "load": 2.07, "uptime": 515201}
[2026-07-23T07:12:55+00:00] [adam-red] ⚠️ Aucune cible (target/email/username) dans le payload
[2026-07-23T07:12:55+00:00] [adam-red]   Payload reçu: {"msg": "Periodic OSINT scan", "load": 0.63, "uptime": 515335}
[2026-07-23T07:13:57+00:00] [adam-red] ⚠️ Aucune cible (target/email/username) dans le payload
[2026-07-23T07:13:57+00:00] [adam-red]   Payload reçu: {"msg": "Periodic OSINT scan", "load": 0.52, "uptime": 515396}
[2026-07-23T07:17:22+00:00] [adam-red] ⚠️ Aucune cible (target/email/username) dans le payload
[2026-07-23T07:17:22+00:00] [adam-red]   Payload reçu: {"msg": "Periodic OSINT scan", "load": 0.52, "uptime": 515600}
[2026-07-23T07:21:42+00:00] [adam-red] ⚠️ Aucune cible (target/email/username) dans le payload
[2026-07-23T07:21:42+00:00] [adam-red]   Payload reçu: {"msg": "Periodic OSINT scan", "load": 0.29, "uptime": 515861}
[2026-07-23T07:23:39+00:00] [adam-red] 🎯 Cible OSINT: john.nuwan.moncel@gmail.com
[2026-07-23T07:23:39+00:00] [adam-red] 📋 Canal: osint:alert | Agent: adam-red
[2026-07-23T07:23:39+00:00] [adam-red] 🔍 Holehe: recherche email sur 120+ sites...
[2026-07-23T07:23:50+00:00] [adam-red]   ✅ Holehe: 6 site(s) trouvé(s)
[2026-07-23T07:23:50+00:00] [adam-red] 🔍 Sherlock: recherche pseudo 'john.nuwan.moncel' sur 300+ sites...
[2026-07-23T07:24:26+00:00] [adam-red]   ✅ Sherlock: 18 profil(s) trouvé(s)
[2026-07-23T07:24:26+00:00] [adam-red] 🔍 Gravatar: vérification photo de profil...
[2026-07-23T07:24:27+00:00] [adam-red]   ✅ Gravatar trouvé: https://www.gravatar.com/avatar/26a0466a6b25316e6048d899ccba8ce8
[2026-07-23T07:24:27+00:00] [adam-red] 🔍 HaveIBeenPwned: vérification breaches...
[2026-07-23T07:24:27+00:00] [adam-red]   ⚠️ HIBP: clé API requise (sans clé, on skip)
[2026-07-23T07:24:27+00:00] [adam-red] 📄 Rapport JSON: /home/aza/eva-adam-v2/osint_reports/2026-07-23/osint_john.nuwan.moncel@gmail.com_2026-07-23_07.json
[2026-07-23T07:24:27+00:00] [adam-red] 📄 Rapport HTML: /home/aza/eva-adam-v2/osint_reports/2026-07-23/osint_john.nuwan.moncel@gmail.com_2026-07-23_07.html
[2026-07-23T07:24:27+00:00] [adam-red] 📊 Rapport généré:
[2026-07-23T07:24:27+00:00] [adam-red]   - Sites email: 6
[2026-07-23T07:24:27+00:00] [adam-red]   - Profils pseudo: 18
[2026-07-23T07:24:27+00:00] [adam-red]   - Gravatar: OUI
[2026-07-23T07:24:27+00:00] [adam-red]   - Breaches: 0
[2026-07-23T07:24:27+00:00] [adam-red]   - JSON: /home/aza/eva-adam-v2/osint_reports/2026-07-23/osint_john.nuwan.moncel@gmail.com_2026-07-23_07.json
[2026-07-23T07:24:27+00:00] [adam-red]   - HTML: /home/aza/eva-adam-v2/osint_reports/2026-07-23/osint_john.nuwan.moncel@gmail.com_2026-07-23_07.html
[2026-07-23T07:24:27+00:00] [adam-red] ✅ OSINT terminé pour john.nuwan.moncel@gmail.com
[2026-07-23T07:24:35+00:00] [adam-red] 🎯 Cible OSINT: john.nuwan.moncel@gmail.com
[2026-07-23T07:24:35+00:00] [adam-red] 📋 Canal: osint:alert | Agent: adam-red
[2026-07-23T07:24:35+00:00] [adam-red] 🔍 Holehe: recherche email sur 120+ sites...
[2026-07-23T07:24:46+00:00] [adam-red]   ✅ Holehe: 5 site(s) trouvé(s)
[2026-07-23T07:24:46+00:00] [adam-red] 🔍 Sherlock: recherche pseudo 'john.nuwan.moncel' sur 300+ sites...
[2026-07-23T07:25:08+00:00] [adam-red]   ✅ Sherlock: 18 profil(s) trouvé(s)
[2026-07-23T07:25:08+00:00] [adam-red] 🔍 Gravatar: vérification photo de profil...
[2026-07-23T07:25:09+00:00] [adam-red]   ✅ Gravatar trouvé: https://www.gravatar.com/avatar/26a0466a6b25316e6048d899ccba8ce8
[2026-07-23T07:25:09+00:00] [adam-red] 🔍 HaveIBeenPwned: vérification breaches...
[2026-07-23T07:25:10+00:00] [adam-red]   ⚠️ HIBP: clé API requise (sans clé, on skip)
[2026-07-23T07:25:10+00:00] [adam-red] ⏭️  Rapport déjà généré pour john.nuwan.moncel@gmail.com à 2026-07-23_07 — skip
[2026-07-23T07:25:10+00:00] [adam-red] 📊 Rapport généré:
[2026-07-23T07:25:10+00:00] [adam-red]   - Sites email: 5
[2026-07-23T07:25:10+00:00] [adam-red]   - Profils pseudo: 18
[2026-07-23T07:25:10+00:00] [adam-red]   - Gravatar: OUI
[2026-07-23T07:25:10+00:00] [adam-red]   - Breaches: 0
[2026-07-23T07:25:10+00:00] [adam-red]   - JSON: /home/aza/eva-adam-v2/osint_reports/2026-07-23/osint_john.nuwan.moncel@gmail.com_2026-07-23_07.json
[2026-07-23T07:25:10+00:00] [adam-red]   - HTML: /home/aza/eva-adam-v2/osint_reports/2026-07-23/osint_john.nuwan.moncel@gmail.com_2026-07-23_07.html
[2026-07-23T07:25:10+00:00] [adam-red] ✅ OSINT terminé pour john.nuwan.moncel@gmail.com
[2026-07-23T07:25:36+00:00] [adam-red] 🎯 Cible OSINT: john.nuwan.moncel@gmail.com
[2026-07-23T07:25:36+00:00] [adam-red] 📋 Canal: osint:alert | Agent: adam-red
[2026-07-23T07:25:36+00:00] [adam-red] ⏭️  Déjà scanné à 2026-07-23_07 — skip complet (CPU économisé)
[2026-07-23T07:26:04+00:00] [adam-red] ⚠️ Aucune cible (target/email/username) dans le payload
[2026-07-23T07:26:04+00:00] [adam-red]   Payload reçu: {"msg": "Periodic OSINT scan", "load": 0.55, "uptime": 516122}
[2026-07-23T07:30:24+00:00] [adam-red] ⚠️ Aucune cible (target/email/username) dans le payload
[2026-07-23T07:30:24+00:00] [adam-red]   Payload reçu: {"msg": "Periodic OSINT scan", "load": 0.28, "uptime": 516382}
[2026-07-23T07:34:44+00:00] [adam-red] ⚠️ Aucune cible (target/email/username) dans le payload
[2026-07-23T07:34:44+00:00] [adam-red]   Payload reçu: {"msg": "Periodic OSINT scan", "load": 0.59, "uptime": 516643}
[2026-07-23T07:39:06+00:00] [adam-red] ⚠️ Aucune cible (target/email/username) dans le payload
[2026-07-23T07:39:06+00:00] [adam-red]   Payload reçu: {"msg": "Periodic OSINT scan", "load": 0.27, "uptime": 516904}
[2026-07-23T07:43:26+00:00] [adam-red] ⚠️ Aucune cible (target/email/username) dans le payload
[2026-07-23T07:43:26+00:00] [adam-red]   Payload reçu: {"msg": "Periodic OSINT scan", "load": 0.56, "uptime": 517164}
[2026-07-23T07:47:46+00:00] [adam-red] ⚠️ Aucune cible (target/email/username) dans le payload
[2026-07-23T07:47:46+00:00] [adam-red]   Payload reçu: {"msg": "Periodic OSINT scan", "load": 0.33, "uptime": 517425}
[2026-07-23T07:52:08+00:00] [adam-red] ⚠️ Aucune cible (target/email/username) dans le payload
[2026-07-23T07:52:08+00:00] [adam-red]   Payload reçu: {"msg": "Periodic OSINT scan", "load": 0.27, "uptime": 517686}
[2026-07-23T07:56:28+00:00] [adam-red] ⚠️ Aucune cible (target/email/username) dans le payload
[2026-07-23T07:56:28+00:00] [adam-red]   Payload reçu: {"msg": "Periodic OSINT scan", "load": 0.36, "uptime": 517947}
[2026-07-23T08:00:48+00:00] [adam-red] ⚠️ Aucune cible (target/email/username) dans le payload
[2026-07-23T08:00:48+00:00] [adam-red]   Payload reçu: {"msg": "Periodic OSINT scan", "load": 0.42, "uptime": 518207}
[2026-07-23T08:03:38+00:00] [adam-red] ⚠️ Aucune cible (target/email/username) dans le payload
[2026-07-23T08:03:38+00:00] [adam-red]   Payload reçu: {"msg": "Periodic OSINT scan", "load": 0.58, "uptime": 518377}
[2026-07-23T08:07:58+00:00] [adam-red] ⚠️ Aucune cible (target/email/username) dans le payload
[2026-07-23T08:07:58+00:00] [adam-red]   Payload reçu: {"msg": "Periodic OSINT scan", "load": 0.41, "uptime": 518638}
[2026-07-23T08:12:20+00:00] [adam-red] ⚠️ Aucune cible (target/email/username) dans le payload
[2026-07-23T08:12:20+00:00] [adam-red]   Payload reçu: {"msg": "Periodic OSINT scan", "load": 0.24, "uptime": 518899}
[2026-07-23T08:16:42+00:00] [adam-red] ⚠️ Aucune cible (target/email/username) dans le payload
[2026-07-23T08:16:42+00:00] [adam-red]   Payload reçu: {"msg": "Periodic OSINT scan", "load": 0.2, "uptime": 519160}
[2026-07-23T08:21:03+00:00] [adam-red] ⚠️ Aucune cible (target/email/username) dans le payload
[2026-07-23T08:21:03+00:00] [adam-red]   Payload reçu: {"msg": "Periodic OSINT scan", "load": 0.31, "uptime": 519422}
[2026-07-23T08:25:25+00:00] [adam-red] ⚠️ Aucune cible (target/email/username) dans le payload
[2026-07-23T08:25:25+00:00] [adam-red]   Payload reçu: {"msg": "Periodic OSINT scan", "load": 0.39, "uptime": 519683}
[2026-07-23T08:29:45+00:00] [adam-red] ⚠️ Aucune cible (target/email/username) dans le payload
[2026-07-23T08:29:45+00:00] [adam-red]   Payload reçu: {"msg": "Periodic OSINT scan", "load": 0.2, "uptime": 519944}
[2026-07-23T08:34:07+00:00] [adam-red] ⚠️ Aucune cible (target/email/username) dans le payload
[2026-07-23T08:34:07+00:00] [adam-red]   Payload reçu: {"msg": "Periodic OSINT scan", "load": 1.18, "uptime": 520205}
[2026-07-23T08:38:27+00:00] [adam-red] ⚠️ Aucune cible (target/email/username) dans le payload
[2026-07-23T08:38:27+00:00] [adam-red]   Payload reçu: {"msg": "Periodic OSINT scan", "load": 0.4, "uptime": 520466}
[2026-07-23T08:42:49+00:00] [adam-red] ⚠️ Aucune cible (target/email/username) dans le payload
[2026-07-23T08:42:49+00:00] [adam-red]   Payload reçu: {"msg": "Periodic OSINT scan", "load": 0.61, "uptime": 520728}
[2026-07-23T08:47:11+00:00] [adam-red] ⚠️ Aucune cible (target/email/username) dans le payload
[2026-07-23T08:47:11+00:00] [adam-red]   Payload reçu: {"msg": "Periodic OSINT scan", "load": 0.55, "uptime": 520989}
[2026-07-23T08:51:31+00:00] [adam-red] ⚠️ Aucune cible (target/email/username) dans le payload
[2026-07-23T08:51:31+00:00] [adam-red]   Payload reçu: {"msg": "Periodic OSINT scan", "load": 0.74, "uptime": 521250}
[2026-07-23T08:55:53+00:00] [adam-red] ⚠️ Aucune cible (target/email/username) dans le payload
[2026-07-23T08:55:53+00:00] [adam-red]   Payload reçu: {"msg": "Periodic OSINT scan", "load": 0.47, "uptime": 521511}
[2026-07-23T09:00:13+00:00] [adam-red] ⚠️ Aucune cible (target/email/username) dans le payload
[2026-07-23T09:00:13+00:00] [adam-red]   Payload reçu: {"msg": "Periodic OSINT scan", "load": 11.69, "uptime": 521772}
[2026-07-23T09:04:35+00:00] [adam-red] ⚠️ Aucune cible (target/email/username) dans le payload
[2026-07-23T09:04:35+00:00] [adam-red]   Payload reçu: {"msg": "Periodic OSINT scan", "load": 13.94, "uptime": 522034}
[2026-07-23T09:08:55+00:00] [adam-red] ⚠️ Aucune cible (target/email/username) dans le payload
[2026-07-23T09:08:55+00:00] [adam-red]   Payload reçu: {"msg": "Periodic OSINT scan", "load": 0.89, "uptime": 522295}
[2026-07-23T09:13:17+00:00] [adam-red] ⚠️ Aucune cible (target/email/username) dans le payload
[2026-07-23T09:13:17+00:00] [adam-red]   Payload reçu: {"msg": "Periodic OSINT scan", "load": 0.48, "uptime": 522556}
[2026-07-23T09:17:39+00:00] [adam-red] ⚠️ Aucune cible (target/email/username) dans le payload
[2026-07-23T09:17:39+00:00] [adam-red]   Payload reçu: {"msg": "Periodic OSINT scan", "load": 0.27, "uptime": 522817}
[2026-07-23T09:21:59+00:00] [adam-red] ⚠️ Aucune cible (target/email/username) dans le payload
[2026-07-23T09:21:59+00:00] [adam-red]   Payload reçu: {"msg": "Periodic OSINT scan", "load": 0.31, "uptime": 523078}
[2026-07-23T09:26:22+00:00] [adam-red] ⚠️ Aucune cible (target/email/username) dans le payload
[2026-07-23T09:26:22+00:00] [adam-red]   Payload reçu: {"msg": "Periodic OSINT scan", "load": 0.42, "uptime": 523340}
[2026-07-23T09:30:16+00:00] [adam-red] ⚠️ Aucune cible (target/email/username) dans le payload
[2026-07-23T09:30:16+00:00] [adam-red]   Payload reçu: {"source": "adam-sentinel", "alert_type": "permission_drift", "source_agent": "adam-sentinel"}
[2026-07-23T09:30:42+00:00] [adam-red] ⚠️ Aucune cible (target/email/username) dans le payload
[2026-07-23T09:30:42+00:00] [adam-red]   Payload reçu: {"msg": "Periodic OSINT scan", "load": 0.3, "uptime": 523601}
[2026-07-23T09:32:04+00:00] [adam-red] ⚠️ Aucune cible (target/email/username) dans le payload
[2026-07-23T09:32:04+00:00] [adam-red]   Payload reçu: {"source": "adam-sentinel", "alert_type": "generic", "source_agent": "adam-sentinel"}
[2026-07-23T09:34:36+00:00] [adam-red] ⚠️ Aucune cible (target/email/username) dans le payload
[2026-07-23T09:34:36+00:00] [adam-red]   Payload reçu: {"source": "adam-sentinel", "alert_type": "permission_drift", "source_agent": "adam-sentinel"}
[2026-07-23T09:35:04+00:00] [adam-red] ⚠️ Aucune cible (target/email/username) dans le payload
[2026-07-23T09:35:04+00:00] [adam-red]   Payload reçu: {"msg": "Periodic OSINT scan", "load": 0.45, "uptime": 523862}
[2026-07-23T09:38:58+00:00] [adam-red] ⚠️ Aucune cible (target/email/username) dans le payload
[2026-07-23T09:38:58+00:00] [adam-red]   Payload reçu: {"source": "adam-sentinel", "alert_type": "permission_drift", "source_agent": "adam-sentinel"}
[2026-07-23T09:39:24+00:00] [adam-red] ⚠️ Aucune cible (target/email/username) dans le payload
[2026-07-23T09:39:24+00:00] [adam-red]   Payload reçu: {"msg": "Periodic OSINT scan", "load": 1.19, "uptime": 524123}
[2026-07-23T09:43:18+00:00] [adam-red] ⚠️ Aucune cible (target/email/username) dans le payload
[2026-07-23T09:43:18+00:00] [adam-red]   Payload reçu: {"source": "adam-sentinel", "alert_type": "permission_drift", "source_agent": "adam-sentinel"}
[2026-07-23T09:43:46+00:00] [adam-red] ⚠️ Aucune cible (target/email/username) dans le payload
[2026-07-23T09:43:46+00:00] [adam-red]   Payload reçu: {"msg": "Periodic OSINT scan", "load": 1.98, "uptime": 524384}
[2026-07-23T09:43:50+00:00] [adam-red] ⚠️ Aucune cible (target/email/username) dans le payload
[2026-07-23T09:43:50+00:00] [adam-red]   Payload reçu: {"source": "adam-sentinel", "alert_type": "permission_drift", "source_agent": "adam-sentinel"}
[2026-07-23T09:47:40+00:00] [adam-red] ⚠️ Aucune cible (target/email/username) dans le payload
[2026-07-23T09:47:40+00:00] [adam-red]   Payload reçu: {"source": "adam-sentinel", "alert_type": "permission_drift", "source_agent": "adam-sentinel"}
[2026-07-23T09:48:06+00:00] [adam-red] ⚠️ Aucune cible (target/email/username) dans le payload
[2026-07-23T09:48:06+00:00] [adam-red]   Payload reçu: {"msg": "Periodic OSINT scan", "load": 1.88, "uptime": 524646}
[2026-07-23T09:52:00+00:00] [adam-red] ⚠️ Aucune cible (target/email/username) dans le payload
[2026-07-23T09:52:00+00:00] [adam-red]   Payload reçu: {"source": "adam-sentinel", "alert_type": "permission_drift", "source_agent": "adam-sentinel"}
[2026-07-23T09:52:28+00:00] [adam-red] ⚠️ Aucune cible (target/email/username) dans le payload
[2026-07-23T09:52:28+00:00] [adam-red]   Payload reçu: {"msg": "Periodic OSINT scan", "load": 1.34, "uptime": 524907}
[2026-07-23T09:56:22+00:00] [adam-red] ⚠️ Aucune cible (target/email/username) dans le payload
[2026-07-23T09:56:22+00:00] [adam-red]   Payload reçu: {"source": "adam-sentinel", "alert_type": "permission_drift", "source_agent": "adam-sentinel"}
[2026-07-23T09:56:48+00:00] [adam-red] ⚠️ Aucune cible (target/email/username) dans le payload
[2026-07-23T09:56:48+00:00] [adam-red]   Payload reçu: {"msg": "Periodic OSINT scan", "load": 1.18, "uptime": 525168}
[2026-07-23T10:00:44+00:00] [adam-red] ⚠️ Aucune cible (target/email/username) dans le payload
[2026-07-23T10:00:44+00:00] [adam-red]   Payload reçu: {"source": "adam-sentinel", "alert_type": "permission_drift", "source_agent": "adam-sentinel"}
[2026-07-23T10:01:10+00:00] [adam-red] ⚠️ Aucune cible (target/email/username) dans le payload
[2026-07-23T10:01:10+00:00] [adam-red]   Payload reçu: {"msg": "Periodic OSINT scan", "load": 0.19, "uptime": 525429}
[2026-07-23T10:05:04+00:00] [adam-red] ⚠️ Aucune cible (target/email/username) dans le payload
[2026-07-23T10:05:04+00:00] [adam-red]   Payload reçu: {"source": "adam-sentinel", "alert_type": "permission_drift", "source_agent": "adam-sentinel"}
[2026-07-23T10:05:32+00:00] [adam-red] ⚠️ Aucune cible (target/email/username) dans le payload
[2026-07-23T10:05:32+00:00] [adam-red]   Payload reçu: {"msg": "Periodic OSINT scan", "load": 0.35, "uptime": 525690}
[2026-07-23T10:09:26+00:00] [adam-red] ⚠️ Aucune cible (target/email/username) dans le payload
[2026-07-23T10:09:26+00:00] [adam-red]   Payload reçu: {"source": "adam-sentinel", "alert_type": "permission_drift", "source_agent": "adam-sentinel"}
[2026-07-23T10:09:52+00:00] [adam-red] ⚠️ Aucune cible (target/email/username) dans le payload
[2026-07-23T10:09:52+00:00] [adam-red]   Payload reçu: {"msg": "Periodic OSINT scan", "load": 0.29, "uptime": 525952}
[2026-07-23T10:12:11+00:00] [adam-red] ⚠️ Aucune cible (target/email/username) dans le payload
[2026-07-23T10:12:11+00:00] [adam-red]   Payload reçu: {"source": "darkweb", "keyword": "test"}
[2026-07-23T10:12:13+00:00] [adam-red] ⚠️ Aucune cible (target/email/username) dans le payload
[2026-07-23T10:12:13+00:00] [adam-red]   Payload reçu: {"source": "adam-sentinel", "alert_type": "generic", "source_agent": "adam-sentinel"}
[2026-07-23T10:13:47+00:00] [adam-red] ⚠️ Aucune cible (target/email/username) dans le payload
[2026-07-23T10:13:47+00:00] [adam-red]   Payload reçu: {"source": "adam-sentinel", "alert_type": "permission_drift", "source_agent": "adam-sentinel"}
[2026-07-23T10:14:15+00:00] [adam-red] ⚠️ Aucune cible (target/email/username) dans le payload
[2026-07-23T10:14:15+00:00] [adam-red]   Payload reçu: {"msg": "Periodic OSINT scan", "load": 1.93, "uptime": 526213}
[2026-07-23T10:15:21+00:00] [adam-red] ⚠️ Aucune cible (target/email/username) dans le payload
[2026-07-23T10:15:21+00:00] [adam-red]   Payload reçu: {"source": "adam-sentinel", "alert_type": "generic", "source_agent": "adam-sentinel"}
[2026-07-23T10:15:21+00:00] [adam-red] ⚠️ Aucune cible (target/email/username) dans le payload
[2026-07-23T10:15:21+00:00] [adam-red]   Payload reçu: {"source": "adam-sentinel", "alert_type": "generic", "source_agent": "adam-sentinel"}
[2026-07-23T10:15:25+00:00] [adam-red] ⚠️ Aucune cible (target/email/username) dans le payload
[2026-07-23T10:15:25+00:00] [adam-red]   Payload reçu: {"source": "adam-sentinel", "alert_type": "generic", "source_agent": "adam-sentinel"}
[2026-07-23T10:15:25+00:00] [adam-red] ⚠️ Aucune cible (target/email/username) dans le payload
[2026-07-23T10:15:25+00:00] [adam-red]   Payload reçu: {"source": "adam-sentinel", "alert_type": "generic", "source_agent": "adam-sentinel"}
[2026-07-23T10:15:25+00:00] [adam-red] ⚠️ Aucune cible (target/email/username) dans le payload
[2026-07-23T10:15:25+00:00] [adam-red]   Payload reçu: {"source": "adam-sentinel", "alert_type": "generic", "source_agent": "adam-sentinel"}
[2026-07-23T10:18:09+00:00] [adam-red] ⚠️ Aucune cible (target/email/username) dans le payload
[2026-07-23T10:18:09+00:00] [adam-red]   Payload reçu: {"source": "adam-sentinel", "alert_type": "permission_drift", "source_agent": "adam-sentinel"}
[2026-07-23T10:18:35+00:00] [adam-red] ⚠️ Aucune cible (target/email/username) dans le payload
[2026-07-23T10:18:35+00:00] [adam-red]   Payload reçu: {"msg": "Periodic OSINT scan", "load": 1.47, "uptime": 526474}
[2026-07-23T10:22:29+00:00] [adam-red] ⚠️ Aucune cible (target/email/username) dans le payload
[2026-07-23T10:22:29+00:00] [adam-red]   Payload reçu: {"source": "adam-sentinel", "alert_type": "permission_drift", "source_agent": "adam-sentinel"}
[2026-07-23T10:22:57+00:00] [adam-red] ⚠️ Aucune cible (target/email/username) dans le payload
[2026-07-23T10:22:57+00:00] [adam-red]   Payload reçu: {"msg": "Periodic OSINT scan", "load": 0.46, "uptime": 526735}
[2026-07-23T10:26:51+00:00] [adam-red] ⚠️ Aucune cible (target/email/username) dans le payload
[2026-07-23T10:26:51+00:00] [adam-red]   Payload reçu: {"source": "adam-sentinel", "alert_type": "permission_drift", "source_agent": "adam-sentinel"}
[2026-07-23T10:27:17+00:00] [adam-red] ⚠️ Aucune cible (target/email/username) dans le payload
[2026-07-23T10:27:17+00:00] [adam-red]   Payload reçu: {"msg": "Periodic OSINT scan", "load": 0.36, "uptime": 526996}
[2026-07-23T10:31:11+00:00] [adam-red] ⚠️ Aucune cible (target/email/username) dans le payload
[2026-07-23T10:31:11+00:00] [adam-red]   Payload reçu: {"source": "adam-sentinel", "alert_type": "permission_drift", "source_agent": "adam-sentinel"}
[2026-07-23T10:31:39+00:00] [adam-red] ⚠️ Aucune cible (target/email/username) dans le payload
[2026-07-23T10:31:39+00:00] [adam-red]   Payload reçu: {"msg": "Periodic OSINT scan", "load": 0.35, "uptime": 527258}
[2026-07-23T10:35:33+00:00] [adam-red] ⚠️ Aucune cible (target/email/username) dans le payload
[2026-07-23T10:35:33+00:00] [adam-red]   Payload reçu: {"source": "adam-sentinel", "alert_type": "permission_drift", "source_agent": "adam-sentinel"}
[2026-07-23T10:35:59+00:00] [adam-red] ⚠️ Aucune cible (target/email/username) dans le payload
[2026-07-23T10:35:59+00:00] [adam-red]   Payload reçu: {"msg": "Periodic OSINT scan", "load": 0.54, "uptime": 527519}
[2026-07-23T10:39:53+00:00] [adam-red] ⚠️ Aucune cible (target/email/username) dans le payload
[2026-07-23T10:39:53+00:00] [adam-red]   Payload reçu: {"source": "adam-sentinel", "alert_type": "permission_drift", "source_agent": "adam-sentinel"}
[2026-07-23T10:40:21+00:00] [adam-red] ⚠️ Aucune cible (target/email/username) dans le payload
[2026-07-23T10:40:21+00:00] [adam-red]   Payload reçu: {"msg": "Periodic OSINT scan", "load": 0.33, "uptime": 527780}
[2026-07-23T10:44:15+00:00] [adam-red] ⚠️ Aucune cible (target/email/username) dans le payload
[2026-07-23T10:44:15+00:00] [adam-red]   Payload reçu: {"source": "adam-sentinel", "alert_type": "permission_drift", "source_agent": "adam-sentinel"}
[2026-07-23T10:44:43+00:00] [adam-red] ⚠️ Aucune cible (target/email/username) dans le payload
[2026-07-23T10:44:43+00:00] [adam-red]   Payload reçu: {"msg": "Periodic OSINT scan", "load": 0.29, "uptime": 528041}
[2026-07-23T10:48:37+00:00] [adam-red] ⚠️ Aucune cible (target/email/username) dans le payload
[2026-07-23T10:48:37+00:00] [adam-red]   Payload reçu: {"source": "adam-sentinel", "alert_type": "permission_drift", "source_agent": "adam-sentinel"}
[2026-07-23T10:49:03+00:00] [adam-red] ⚠️ Aucune cible (target/email/username) dans le payload
[2026-07-23T10:49:03+00:00] [adam-red]   Payload reçu: {"msg": "Periodic OSINT scan", "load": 0.5, "uptime": 528302}
[2026-07-23T10:52:58+00:00] [adam-red] ⚠️ Aucune cible (target/email/username) dans le payload
[2026-07-23T10:52:58+00:00] [adam-red]   Payload reçu: {"source": "adam-sentinel", "alert_type": "permission_drift", "source_agent": "adam-sentinel"}
[2026-07-23T10:53:26+00:00] [adam-red] ⚠️ Aucune cible (target/email/username) dans le payload
[2026-07-23T10:53:26+00:00] [adam-red]   Payload reçu: {"msg": "Periodic OSINT scan", "load": 0.44, "uptime": 528564}
[2026-07-23T10:57:20+00:00] [adam-red] ⚠️ Aucune cible (target/email/username) dans le payload
[2026-07-23T10:57:20+00:00] [adam-red]   Payload reçu: {"source": "adam-sentinel", "alert_type": "permission_drift", "source_agent": "adam-sentinel"}
[2026-07-23T10:57:46+00:00] [adam-red] ⚠️ Aucune cible (target/email/username) dans le payload
[2026-07-23T10:57:46+00:00] [adam-red]   Payload reçu: {"msg": "Periodic OSINT scan", "load": 0.51, "uptime": 528825}
[2026-07-23T11:01:40+00:00] [adam-red] ⚠️ Aucune cible (target/email/username) dans le payload
[2026-07-23T11:01:40+00:00] [adam-red]   Payload reçu: {"source": "adam-sentinel", "alert_type": "permission_drift", "source_agent": "adam-sentinel"}
[2026-07-23T11:02:08+00:00] [adam-red] ⚠️ Aucune cible (target/email/username) dans le payload
[2026-07-23T11:02:08+00:00] [adam-red]   Payload reçu: {"msg": "Periodic OSINT scan", "load": 0.32, "uptime": 529086}
[2026-07-23T11:06:02+00:00] [adam-red] ⚠️ Aucune cible (target/email/username) dans le payload
[2026-07-23T11:06:02+00:00] [adam-red]   Payload reçu: {"source": "adam-sentinel", "alert_type": "permission_drift", "source_agent": "adam-sentinel"}
[2026-07-23T11:06:28+00:00] [adam-red] ⚠️ Aucune cible (target/email/username) dans le payload
[2026-07-23T11:06:28+00:00] [adam-red]   Payload reçu: {"msg": "Periodic OSINT scan", "load": 0.51, "uptime": 529347}
[2026-07-23T11:10:24+00:00] [adam-red] ⚠️ Aucune cible (target/email/username) dans le payload
[2026-07-23T11:10:24+00:00] [adam-red]   Payload reçu: {"source": "adam-sentinel", "alert_type": "permission_drift", "source_agent": "adam-sentinel"}
[2026-07-23T11:10:50+00:00] [adam-red] ⚠️ Aucune cible (target/email/username) dans le payload
[2026-07-23T11:10:50+00:00] [adam-red]   Payload reçu: {"msg": "Periodic OSINT scan", "load": 0.32, "uptime": 529608}
[2026-07-23T11:14:44+00:00] [adam-red] ⚠️ Aucune cible (target/email/username) dans le payload
[2026-07-23T11:14:44+00:00] [adam-red]   Payload reçu: {"source": "adam-sentinel", "alert_type": "permission_drift", "source_agent": "adam-sentinel"}
[2026-07-23T11:15:10+00:00] [adam-red] ⚠️ Aucune cible (target/email/username) dans le payload
[2026-07-23T11:15:10+00:00] [adam-red]   Payload reçu: {"msg": "Periodic OSINT scan", "load": 0.3, "uptime": 529870}
[2026-07-23T11:19:06+00:00] [adam-red] ⚠️ Aucune cible (target/email/username) dans le payload
[2026-07-23T11:19:06+00:00] [adam-red]   Payload reçu: {"source": "adam-sentinel", "alert_type": "permission_drift", "source_agent": "adam-sentinel"}
[2026-07-23T11:19:32+00:00] [adam-red] ⚠️ Aucune cible (target/email/username) dans le payload
[2026-07-23T11:19:32+00:00] [adam-red]   Payload reçu: {"msg": "Periodic OSINT scan", "load": 0.54, "uptime": 530131}
[2026-07-23T11:23:26+00:00] [adam-red] ⚠️ Aucune cible (target/email/username) dans le payload
[2026-07-23T11:23:26+00:00] [adam-red]   Payload reçu: {"source": "adam-sentinel", "alert_type": "permission_drift", "source_agent": "adam-sentinel"}
[2026-07-23T11:23:52+00:00] [adam-red] ⚠️ Aucune cible (target/email/username) dans le payload
[2026-07-23T11:23:52+00:00] [adam-red]   Payload reçu: {"msg": "Periodic OSINT scan", "load": 0.47, "uptime": 530392}
[2026-07-23T11:27:48+00:00] [adam-red] ⚠️ Aucune cible (target/email/username) dans le payload
[2026-07-23T11:27:48+00:00] [adam-red]   Payload reçu: {"source": "adam-sentinel", "alert_type": "permission_drift", "source_agent": "adam-sentinel"}
[2026-07-23T11:28:14+00:00] [adam-red] ⚠️ Aucune cible (target/email/username) dans le payload
[2026-07-23T11:28:14+00:00] [adam-red]   Payload reçu: {"msg": "Periodic OSINT scan", "load": 0.24, "uptime": 530653}
[2026-07-23T11:32:08+00:00] [adam-red] ⚠️ Aucune cible (target/email/username) dans le payload
[2026-07-23T11:32:08+00:00] [adam-red]   Payload reçu: {"source": "adam-sentinel", "alert_type": "permission_drift", "source_agent": "adam-sentinel"}
[2026-07-23T11:32:36+00:00] [adam-red] ⚠️ Aucune cible (target/email/username) dans le payload
[2026-07-23T11:32:36+00:00] [adam-red]   Payload reçu: {"msg": "Periodic OSINT scan", "load": 0.27, "uptime": 530914}
[2026-07-23T11:36:31+00:00] [adam-red] ⚠️ Aucune cible (target/email/username) dans le payload
[2026-07-23T11:36:31+00:00] [adam-red]   Payload reçu: {"source": "adam-sentinel", "alert_type": "permission_drift", "source_agent": "adam-sentinel"}
[2026-07-23T11:36:57+00:00] [adam-red] ⚠️ Aucune cible (target/email/username) dans le payload
[2026-07-23T11:36:57+00:00] [adam-red]   Payload reçu: {"msg": "Periodic OSINT scan", "load": 0.46, "uptime": 531176}
[2026-07-23T11:40:51+00:00] [adam-red] ⚠️ Aucune cible (target/email/username) dans le payload
[2026-07-23T11:40:51+00:00] [adam-red]   Payload reçu: {"source": "adam-sentinel", "alert_type": "permission_drift", "source_agent": "adam-sentinel"}
[2026-07-23T11:41:19+00:00] [adam-red] ⚠️ Aucune cible (target/email/username) dans le payload
[2026-07-23T11:41:19+00:00] [adam-red]   Payload reçu: {"msg": "Periodic OSINT scan", "load": 0.51, "uptime": 531437}
[2026-07-23T11:45:13+00:00] [adam-red] ⚠️ Aucune cible (target/email/username) dans le payload
[2026-07-23T11:45:13+00:00] [adam-red]   Payload reçu: {"source": "adam-sentinel", "alert_type": "permission_drift", "source_agent": "adam-sentinel"}
[2026-07-23T11:45:39+00:00] [adam-red] ⚠️ Aucune cible (target/email/username) dans le payload
[2026-07-23T11:45:39+00:00] [adam-red]   Payload reçu: {"msg": "Periodic OSINT scan", "load": 0.61, "uptime": 531698}
[2026-07-23T11:49:33+00:00] [adam-red] ⚠️ Aucune cible (target/email/username) dans le payload
[2026-07-23T11:49:33+00:00] [adam-red]   Payload reçu: {"source": "adam-sentinel", "alert_type": "permission_drift", "source_agent": "adam-sentinel"}
[2026-07-23T11:50:01+00:00] [adam-red] ⚠️ Aucune cible (target/email/username) dans le payload
[2026-07-23T11:50:01+00:00] [adam-red]   Payload reçu: {"msg": "Periodic OSINT scan", "load": 0.3, "uptime": 531959}
[2026-07-23T11:53:55+00:00] [adam-red] ⚠️ Aucune cible (target/email/username) dans le payload
[2026-07-23T11:53:55+00:00] [adam-red]   Payload reçu: {"source": "adam-sentinel", "alert_type": "permission_drift", "source_agent": "adam-sentinel"}
[2026-07-23T11:54:21+00:00] [adam-red] ⚠️ Aucune cible (target/email/username) dans le payload
[2026-07-23T11:54:21+00:00] [adam-red]   Payload reçu: {"msg": "Periodic OSINT scan", "load": 0.3, "uptime": 532220}
[2026-07-23T11:58:17+00:00] [adam-red] ⚠️ Aucune cible (target/email/username) dans le payload
[2026-07-23T11:58:17+00:00] [adam-red]   Payload reçu: {"source": "adam-sentinel", "alert_type": "permission_drift", "source_agent": "adam-sentinel"}
[2026-07-23T11:58:43+00:00] [adam-red] ⚠️ Aucune cible (target/email/username) dans le payload
[2026-07-23T11:58:43+00:00] [adam-red]   Payload reçu: {"msg": "Periodic OSINT scan", "load": 0.21, "uptime": 532482}
[2026-07-23T12:02:37+00:00] [adam-red] ⚠️ Aucune cible (target/email/username) dans le payload
[2026-07-23T12:02:37+00:00] [adam-red]   Payload reçu: {"source": "adam-sentinel", "alert_type": "permission_drift", "source_agent": "adam-sentinel"}
[2026-07-23T12:03:03+00:00] [adam-red] ⚠️ Aucune cible (target/email/username) dans le payload
[2026-07-23T12:03:03+00:00] [adam-red]   Payload reçu: {"msg": "Periodic OSINT scan", "load": 0.37, "uptime": 532743}
[2026-07-23T12:06:59+00:00] [adam-red] ⚠️ Aucune cible (target/email/username) dans le payload
[2026-07-23T12:06:59+00:00] [adam-red]   Payload reçu: {"source": "adam-sentinel", "alert_type": "permission_drift", "source_agent": "adam-sentinel"}
[2026-07-23T12:07:25+00:00] [adam-red] ⚠️ Aucune cible (target/email/username) dans le payload
[2026-07-23T12:07:25+00:00] [adam-red]   Payload reçu: {"msg": "Periodic OSINT scan", "load": 0.3, "uptime": 533004}
[2026-07-23T12:11:19+00:00] [adam-red] ⚠️ Aucune cible (target/email/username) dans le payload
[2026-07-23T12:11:19+00:00] [adam-red]   Payload reçu: {"source": "adam-sentinel", "alert_type": "permission_drift", "source_agent": "adam-sentinel"}
[2026-07-23T12:11:45+00:00] [adam-red] ⚠️ Aucune cible (target/email/username) dans le payload
[2026-07-23T12:11:45+00:00] [adam-red]   Payload reçu: {"msg": "Periodic OSINT scan", "load": 0.38, "uptime": 533265}
[2026-07-23T12:15:41+00:00] [adam-red] ⚠️ Aucune cible (target/email/username) dans le payload
[2026-07-23T12:15:41+00:00] [adam-red]   Payload reçu: {"source": "adam-sentinel", "alert_type": "permission_drift", "source_agent": "adam-sentinel"}
[2026-07-23T12:16:07+00:00] [adam-red] ⚠️ Aucune cible (target/email/username) dans le payload
[2026-07-23T12:16:07+00:00] [adam-red]   Payload reçu: {"msg": "Periodic OSINT scan", "load": 0.41, "uptime": 533526}
[2026-07-23T12:20:02+00:00] [adam-red] ⚠️ Aucune cible (target/email/username) dans le payload
[2026-07-23T12:20:02+00:00] [adam-red]   Payload reçu: {"source": "adam-sentinel", "alert_type": "permission_drift", "source_agent": "adam-sentinel"}
[2026-07-23T12:20:30+00:00] [adam-red] ⚠️ Aucune cible (target/email/username) dans le payload
[2026-07-23T12:20:30+00:00] [adam-red]   Payload reçu: {"msg": "Periodic OSINT scan", "load": 0.83, "uptime": 533788}
[2026-07-23T12:24:24+00:00] [adam-red] ⚠️ Aucune cible (target/email/username) dans le payload
[2026-07-23T12:24:24+00:00] [adam-red]   Payload reçu: {"source": "adam-sentinel", "alert_type": "permission_drift", "source_agent": "adam-sentinel"}
[2026-07-23T12:24:50+00:00] [adam-red] ⚠️ Aucune cible (target/email/username) dans le payload
[2026-07-23T12:24:50+00:00] [adam-red]   Payload reçu: {"msg": "Periodic OSINT scan", "load": 0.53, "uptime": 534049}
[2026-07-23T12:28:44+00:00] [adam-red] ⚠️ Aucune cible (target/email/username) dans le payload
[2026-07-23T12:28:44+00:00] [adam-red]   Payload reçu: {"source": "adam-sentinel", "alert_type": "permission_drift", "source_agent": "adam-sentinel"}
[2026-07-23T12:29:12+00:00] [adam-red] ⚠️ Aucune cible (target/email/username) dans le payload
[2026-07-23T12:29:12+00:00] [adam-red]   Payload reçu: {"msg": "Periodic OSINT scan", "load": 0.46, "uptime": 534310}
[2026-07-23T12:33:06+00:00] [adam-red] ⚠️ Aucune cible (target/email/username) dans le payload
[2026-07-23T12:33:06+00:00] [adam-red]   Payload reçu: {"source": "adam-sentinel", "alert_type": "permission_drift", "source_agent": "adam-sentinel"}
[2026-07-23T12:33:32+00:00] [adam-red] ⚠️ Aucune cible (target/email/username) dans le payload
[2026-07-23T12:33:32+00:00] [adam-red]   Payload reçu: {"msg": "Periodic OSINT scan", "load": 0.41, "uptime": 534571}
[2026-07-23T12:37:28+00:00] [adam-red] ⚠️ Aucune cible (target/email/username) dans le payload
[2026-07-23T12:37:28+00:00] [adam-red]   Payload reçu: {"source": "adam-sentinel", "alert_type": "permission_drift", "source_agent": "adam-sentinel"}
[2026-07-23T12:37:54+00:00] [adam-red] ⚠️ Aucune cible (target/email/username) dans le payload
[2026-07-23T12:37:54+00:00] [adam-red]   Payload reçu: {"msg": "Periodic OSINT scan", "load": 0.25, "uptime": 534832}
[2026-07-23T12:41:58+00:00] [adam-red] ⚠️ Aucune cible (target/email/username) dans le payload
[2026-07-23T12:41:58+00:00] [adam-red]   Payload reçu: {"source": "adam-sentinel", "alert_type": "permission_drift", "source_agent": "adam-sentinel"}
[2026-07-23T12:42:14+00:00] [adam-red] ⚠️ Aucune cible (target/email/username) dans le payload
[2026-07-23T12:42:14+00:00] [adam-red]   Payload reçu: {"msg": "Periodic OSINT scan", "load": 0.67, "uptime": 535094}
[2026-07-23T12:46:10+00:00] [adam-red] ⚠️ Aucune cible (target/email/username) dans le payload
[2026-07-23T12:46:10+00:00] [adam-red]   Payload reçu: {"source": "adam-sentinel", "alert_type": "permission_drift", "source_agent": "adam-sentinel"}
[2026-07-23T12:46:36+00:00] [adam-red] ⚠️ Aucune cible (target/email/username) dans le payload
[2026-07-23T12:46:36+00:00] [adam-red]   Payload reçu: {"msg": "Periodic OSINT scan", "load": 0.31, "uptime": 535355}
[2026-07-23T12:50:30+00:00] [adam-red] ⚠️ Aucune cible (target/email/username) dans le payload
[2026-07-23T12:50:30+00:00] [adam-red]   Payload reçu: {"source": "adam-sentinel", "alert_type": "permission_drift", "source_agent": "adam-sentinel"}
[2026-07-23T12:50:56+00:00] [adam-red] ⚠️ Aucune cible (target/email/username) dans le payload
[2026-07-23T12:50:56+00:00] [adam-red]   Payload reçu: {"msg": "Periodic OSINT scan", "load": 0.87, "uptime": 535616}
[2026-07-23T12:54:52+00:00] [adam-red] ⚠️ Aucune cible (target/email/username) dans le payload
[2026-07-23T12:54:52+00:00] [adam-red]   Payload reçu: {"source": "adam-sentinel", "alert_type": "permission_drift", "source_agent": "adam-sentinel"}
[2026-07-23T12:55:18+00:00] [adam-red] ⚠️ Aucune cible (target/email/username) dans le payload
[2026-07-23T12:55:18+00:00] [adam-red]   Payload reçu: {"msg": "Periodic OSINT scan", "load": 0.26, "uptime": 535877}
[2026-07-23T12:59:13+00:00] [adam-red] ⚠️ Aucune cible (target/email/username) dans le payload
[2026-07-23T12:59:13+00:00] [adam-red]   Payload reçu: {"source": "adam-sentinel", "alert_type": "permission_drift", "source_agent": "adam-sentinel"}
[2026-07-23T12:59:41+00:00] [adam-red] ⚠️ Aucune cible (target/email/username) dans le payload
[2026-07-23T12:59:41+00:00] [adam-red]   Payload reçu: {"msg": "Periodic OSINT scan", "load": 0.52, "uptime": 536138}
[2026-07-23T13:03:35+00:00] [adam-red] ⚠️ Aucune cible (target/email/username) dans le payload
[2026-07-23T13:03:35+00:00] [adam-red]   Payload reçu: {"source": "adam-sentinel", "alert_type": "permission_drift", "source_agent": "adam-sentinel"}
[2026-07-23T13:04:01+00:00] [adam-red] ⚠️ Aucune cible (target/email/username) dans le payload
[2026-07-23T13:04:01+00:00] [adam-red]   Payload reçu: {"msg": "Periodic OSINT scan", "load": 0.72, "uptime": 536400}
[2026-07-23T13:07:57+00:00] [adam-red] ⚠️ Aucune cible (target/email/username) dans le payload
[2026-07-23T13:07:57+00:00] [adam-red]   Payload reçu: {"source": "adam-sentinel", "alert_type": "permission_drift", "source_agent": "adam-sentinel"}
[2026-07-23T13:08:23+00:00] [adam-red] ⚠️ Aucune cible (target/email/username) dans le payload
[2026-07-23T13:08:23+00:00] [adam-red]   Payload reçu: {"msg": "Periodic OSINT scan", "load": 0.49, "uptime": 536661}
[2026-07-23T13:12:17+00:00] [adam-red] ⚠️ Aucune cible (target/email/username) dans le payload
[2026-07-23T13:12:17+00:00] [adam-red]   Payload reçu: {"source": "adam-sentinel", "alert_type": "permission_drift", "source_agent": "adam-sentinel"}
[2026-07-23T13:12:43+00:00] [adam-red] ⚠️ Aucune cible (target/email/username) dans le payload
[2026-07-23T13:12:43+00:00] [adam-red]   Payload reçu: {"msg": "Periodic OSINT scan", "load": 0.4, "uptime": 536922}
[2026-07-23T13:16:39+00:00] [adam-red] ⚠️ Aucune cible (target/email/username) dans le payload
[2026-07-23T13:16:39+00:00] [adam-red]   Payload reçu: {"source": "adam-sentinel", "alert_type": "permission_drift", "source_agent": "adam-sentinel"}
[2026-07-23T13:17:05+00:00] [adam-red] ⚠️ Aucune cible (target/email/username) dans le payload
[2026-07-23T13:17:05+00:00] [adam-red]   Payload reçu: {"msg": "Periodic OSINT scan", "load": 0.37, "uptime": 537183}
[2026-07-23T13:20:59+00:00] [adam-red] ⚠️ Aucune cible (target/email/username) dans le payload
[2026-07-23T13:20:59+00:00] [adam-red]   Payload reçu: {"source": "adam-sentinel", "alert_type": "permission_drift", "source_agent": "adam-sentinel"}
[2026-07-23T13:21:25+00:00] [adam-red] ⚠️ Aucune cible (target/email/username) dans le payload
[2026-07-23T13:21:25+00:00] [adam-red]   Payload reçu: {"msg": "Periodic OSINT scan", "load": 0.38, "uptime": 537444}
[2026-07-23T13:25:23+00:00] [adam-red] ⚠️ Aucune cible (target/email/username) dans le payload
[2026-07-23T13:25:23+00:00] [adam-red]   Payload reçu: {"source": "adam-sentinel", "alert_type": "permission_drift", "source_agent": "adam-sentinel"}
[2026-07-23T13:25:47+00:00] [adam-red] ⚠️ Aucune cible (target/email/username) dans le payload
[2026-07-23T13:25:47+00:00] [adam-red]   Payload reçu: {"msg": "Periodic OSINT scan", "load": 0.28, "uptime": 537706}
[2026-07-23T13:29:41+00:00] [adam-red] ⚠️ Aucune cible (target/email/username) dans le payload
[2026-07-23T13:29:41+00:00] [adam-red]   Payload reçu: {"source": "adam-sentinel", "alert_type": "permission_drift", "source_agent": "adam-sentinel"}
[2026-07-23T13:30:07+00:00] [adam-red] ⚠️ Aucune cible (target/email/username) dans le payload
[2026-07-23T13:30:07+00:00] [adam-red]   Payload reçu: {"msg": "Periodic OSINT scan", "load": 0.42, "uptime": 537967}
[2026-07-23T13:34:03+00:00] [adam-red] ⚠️ Aucune cible (target/email/username) dans le payload
[2026-07-23T13:34:03+00:00] [adam-red]   Payload reçu: {"source": "adam-sentinel", "alert_type": "permission_drift", "source_agent": "adam-sentinel"}
[2026-07-23T13:34:29+00:00] [adam-red] ⚠️ Aucune cible (target/email/username) dans le payload
[2026-07-23T13:34:29+00:00] [adam-red]   Payload reçu: {"msg": "Periodic OSINT scan", "load": 0.33, "uptime": 538228}
[2026-07-23T13:38:23+00:00] [adam-red] ⚠️ Aucune cible (target/email/username) dans le payload
[2026-07-23T13:38:23+00:00] [adam-red]   Payload reçu: {"source": "adam-sentinel", "alert_type": "permission_drift", "source_agent": "adam-sentinel"}
[2026-07-23T13:38:49+00:00] [adam-red] ⚠️ Aucune cible (target/email/username) dans le payload
[2026-07-23T13:38:49+00:00] [adam-red]   Payload reçu: {"msg": "Periodic OSINT scan", "load": 0.5, "uptime": 538489}
[2026-07-23T13:42:46+00:00] [adam-red] ⚠️ Aucune cible (target/email/username) dans le payload
[2026-07-23T13:42:46+00:00] [adam-red]   Payload reçu: {"source": "adam-sentinel", "alert_type": "permission_drift", "source_agent": "adam-sentinel"}
[2026-07-23T13:43:12+00:00] [adam-red] ⚠️ Aucune cible (target/email/username) dans le payload
[2026-07-23T13:43:12+00:00] [adam-red]   Payload reçu: {"msg": "Periodic OSINT scan", "load": 0.22, "uptime": 538750}
[2026-07-23T13:47:06+00:00] [adam-red] ⚠️ Aucune cible (target/email/username) dans le payload
[2026-07-23T13:47:06+00:00] [adam-red]   Payload reçu: {"source": "adam-sentinel", "alert_type": "permission_drift", "source_agent": "adam-sentinel"}
[2026-07-23T13:47:34+00:00] [adam-red] ⚠️ Aucune cible (target/email/username) dans le payload
[2026-07-23T13:47:34+00:00] [adam-red]   Payload reçu: {"msg": "Periodic OSINT scan", "load": 0.32, "uptime": 539012}
[2026-07-23T13:51:28+00:00] [adam-red] ⚠️ Aucune cible (target/email/username) dans le payload
[2026-07-23T13:51:28+00:00] [adam-red]   Payload reçu: {"source": "adam-sentinel", "alert_type": "permission_drift", "source_agent": "adam-sentinel"}
[2026-07-23T13:51:54+00:00] [adam-red] ⚠️ Aucune cible (target/email/username) dans le payload
[2026-07-23T13:51:54+00:00] [adam-red]   Payload reçu: {"msg": "Periodic OSINT scan", "load": 0.3, "uptime": 539273}
[2026-07-23T13:55:48+00:00] [adam-red] ⚠️ Aucune cible (target/email/username) dans le payload
[2026-07-23T13:55:48+00:00] [adam-red]   Payload reçu: {"source": "adam-sentinel", "alert_type": "permission_drift", "source_agent": "adam-sentinel"}
[2026-07-23T13:56:16+00:00] [adam-red] ⚠️ Aucune cible (target/email/username) dans le payload
[2026-07-23T13:56:16+00:00] [adam-red]   Payload reçu: {"msg": "Periodic OSINT scan", "load": 0.29, "uptime": 539534}
[2026-07-23T14:00:10+00:00] [adam-red] ⚠️ Aucune cible (target/email/username) dans le payload
[2026-07-23T14:00:10+00:00] [adam-red]   Payload reçu: {"source": "adam-sentinel", "alert_type": "permission_drift", "source_agent": "adam-sentinel"}
[2026-07-23T14:00:36+00:00] [adam-red] ⚠️ Aucune cible (target/email/username) dans le payload
[2026-07-23T14:00:36+00:00] [adam-red]   Payload reçu: {"msg": "Periodic OSINT scan", "load": 0.54, "uptime": 539795}
[2026-07-23T14:04:30+00:00] [adam-red] ⚠️ Aucune cible (target/email/username) dans le payload
[2026-07-23T14:04:30+00:00] [adam-red]   Payload reçu: {"source": "adam-sentinel", "alert_type": "permission_drift", "source_agent": "adam-sentinel"}
[2026-07-23T14:04:58+00:00] [adam-red] ⚠️ Aucune cible (target/email/username) dans le payload
[2026-07-23T14:04:58+00:00] [adam-red]   Payload reçu: {"msg": "Periodic OSINT scan", "load": 0.52, "uptime": 540056}
[2026-07-23T14:08:52+00:00] [adam-red] ⚠️ Aucune cible (target/email/username) dans le payload
[2026-07-23T14:08:52+00:00] [adam-red]   Payload reçu: {"source": "adam-sentinel", "alert_type": "permission_drift", "source_agent": "adam-sentinel"}
[2026-07-23T14:09:18+00:00] [adam-red] ⚠️ Aucune cible (target/email/username) dans le payload
[2026-07-23T14:09:18+00:00] [adam-red]   Payload reçu: {"msg": "Periodic OSINT scan", "load": 0.32, "uptime": 540318}
[2026-07-23T14:13:14+00:00] [adam-red] ⚠️ Aucune cible (target/email/username) dans le payload
[2026-07-23T14:13:14+00:00] [adam-red]   Payload reçu: {"source": "adam-sentinel", "alert_type": "permission_drift", "source_agent": "adam-sentinel"}
[2026-07-23T14:13:40+00:00] [adam-red] ⚠️ Aucune cible (target/email/username) dans le payload
[2026-07-23T14:13:40+00:00] [adam-red]   Payload reçu: {"msg": "Periodic OSINT scan", "load": 0.44, "uptime": 540579}
[2026-07-23T14:17:34+00:00] [adam-red] ⚠️ Aucune cible (target/email/username) dans le payload
[2026-07-23T14:17:34+00:00] [adam-red]   Payload reçu: {"source": "adam-sentinel", "alert_type": "permission_drift", "source_agent": "adam-sentinel"}
[2026-07-23T14:18:00+00:00] [adam-red] ⚠️ Aucune cible (target/email/username) dans le payload
[2026-07-23T14:18:00+00:00] [adam-red]   Payload reçu: {"msg": "Periodic OSINT scan", "load": 0.5, "uptime": 540840}
[2026-07-23T14:21:56+00:00] [adam-red] ⚠️ Aucune cible (target/email/username) dans le payload
[2026-07-23T14:21:56+00:00] [adam-red]   Payload reçu: {"source": "adam-sentinel", "alert_type": "permission_drift", "source_agent": "adam-sentinel"}
[2026-07-23T14:22:22+00:00] [adam-red] ⚠️ Aucune cible (target/email/username) dans le payload
[2026-07-23T14:22:22+00:00] [adam-red]   Payload reçu: {"msg": "Periodic OSINT scan", "load": 0.31, "uptime": 541101}
[2026-07-23T14:26:21+00:00] [adam-red] ⚠️ Aucune cible (target/email/username) dans le payload
[2026-07-23T14:26:21+00:00] [adam-red]   Payload reçu: {"source": "adam-sentinel", "alert_type": "permission_drift", "source_agent": "adam-sentinel"}
[2026-07-23T14:26:43+00:00] [adam-red] ⚠️ Aucune cible (target/email/username) dans le payload
[2026-07-23T14:26:43+00:00] [adam-red]   Payload reçu: {"msg": "Periodic OSINT scan", "load": 0.42, "uptime": 541362}
[2026-07-23T14:30:39+00:00] [adam-red] ⚠️ Aucune cible (target/email/username) dans le payload
[2026-07-23T14:30:39+00:00] [adam-red]   Payload reçu: {"source": "adam-sentinel", "alert_type": "permission_drift", "source_agent": "adam-sentinel"}
[2026-07-23T14:31:05+00:00] [adam-red] ⚠️ Aucune cible (target/email/username) dans le payload
[2026-07-23T14:31:05+00:00] [adam-red]   Payload reçu: {"msg": "Periodic OSINT scan", "load": 0.71, "uptime": 541623}
[2026-07-23T14:34:59+00:00] [adam-red] ⚠️ Aucune cible (target/email/username) dans le payload
[2026-07-23T14:34:59+00:00] [adam-red]   Payload reçu: {"source": "adam-sentinel", "alert_type": "permission_drift", "source_agent": "adam-sentinel"}
[2026-07-23T14:35:27+00:00] [adam-red] ⚠️ Aucune cible (target/email/username) dans le payload
[2026-07-23T14:35:27+00:00] [adam-red]   Payload reçu: {"msg": "Periodic OSINT scan", "load": 0.73, "uptime": 541885}
[2026-07-23T14:39:21+00:00] [adam-red] ⚠️ Aucune cible (target/email/username) dans le payload
[2026-07-23T14:39:21+00:00] [adam-red]   Payload reçu: {"source": "adam-sentinel", "alert_type": "permission_drift", "source_agent": "adam-sentinel"}
[2026-07-23T14:39:47+00:00] [adam-red] ⚠️ Aucune cible (target/email/username) dans le payload
[2026-07-23T14:39:47+00:00] [adam-red]   Payload reçu: {"msg": "Periodic OSINT scan", "load": 0.39, "uptime": 542146}
[2026-07-23T14:43:41+00:00] [adam-red] ⚠️ Aucune cible (target/email/username) dans le payload
[2026-07-23T14:43:41+00:00] [adam-red]   Payload reçu: {"source": "adam-sentinel", "alert_type": "permission_drift", "source_agent": "adam-sentinel"}
[2026-07-23T14:44:09+00:00] [adam-red] ⚠️ Aucune cible (target/email/username) dans le payload
[2026-07-23T14:44:09+00:00] [adam-red]   Payload reçu: {"msg": "Periodic OSINT scan", "load": 0.41, "uptime": 542407}
[2026-07-23T14:48:03+00:00] [adam-red] ⚠️ Aucune cible (target/email/username) dans le payload
[2026-07-23T14:48:03+00:00] [adam-red]   Payload reçu: {"source": "adam-sentinel", "alert_type": "permission_drift", "source_agent": "adam-sentinel"}
[2026-07-23T14:48:29+00:00] [adam-red] ⚠️ Aucune cible (target/email/username) dans le payload
[2026-07-23T14:48:29+00:00] [adam-red]   Payload reçu: {"msg": "Periodic OSINT scan", "load": 0.39, "uptime": 542668}
[2026-07-23T14:52:23+00:00] [adam-red] ⚠️ Aucune cible (target/email/username) dans le payload
[2026-07-23T14:52:23+00:00] [adam-red]   Payload reçu: {"source": "adam-sentinel", "alert_type": "permission_drift", "source_agent": "adam-sentinel"}
[2026-07-23T14:52:51+00:00] [adam-red] ⚠️ Aucune cible (target/email/username) dans le payload
[2026-07-23T14:52:51+00:00] [adam-red]   Payload reçu: {"msg": "Periodic OSINT scan", "load": 0.37, "uptime": 542929}
[2026-07-23T14:56:53+00:00] [adam-red] ⚠️ Aucune cible (target/email/username) dans le payload
[2026-07-23T14:56:53+00:00] [adam-red]   Payload reçu: {"source": "adam-sentinel", "alert_type": "permission_drift", "source_agent": "adam-sentinel"}
[2026-07-23T14:58:01+00:00] [adam-red] ⚠️ Aucune cible (target/email/username) dans le payload
[2026-07-23T14:58:01+00:00] [adam-red]   Payload reçu: {"msg": "Periodic OSINT scan", "load": 0.53, "uptime": 543191}
[2026-07-23T14:58:05+00:00] [adam-red] ⚠️ Aucune cible (target/email/username) dans le payload
[2026-07-23T14:58:05+00:00] [adam-red]   Payload reçu: {"source": "adam-sentinel", "alert_type": "syntax_error", "source_agent": "adam-sentinel"}
[2026-07-23T15:01:08+00:00] [adam-red] ⚠️ Aucune cible (target/email/username) dans le payload
[2026-07-23T15:01:08+00:00] [adam-red]   Payload reçu: {"source": "adam-sentinel", "alert_type": "permission_drift", "source_agent": "adam-sentinel"}
[2026-07-23T15:01:34+00:00] [adam-red] ⚠️ Aucune cible (target/email/username) dans le payload
[2026-07-23T15:01:34+00:00] [adam-red]   Payload reçu: {"msg": "Periodic OSINT scan", "load": 0.45, "uptime": 543452}
[2026-07-23T15:05:28+00:00] [adam-red] ⚠️ Aucune cible (target/email/username) dans le payload
[2026-07-23T15:05:28+00:00] [adam-red]   Payload reçu: {"source": "adam-sentinel", "alert_type": "permission_drift", "source_agent": "adam-sentinel"}
[2026-07-23T15:05:54+00:00] [adam-red] ⚠️ Aucune cible (target/email/username) dans le payload
[2026-07-23T15:05:54+00:00] [adam-red]   Payload reçu: {"msg": "Periodic OSINT scan", "load": 0.48, "uptime": 543713}
[2026-07-23T15:09:50+00:00] [adam-red] ⚠️ Aucune cible (target/email/username) dans le payload
[2026-07-23T15:09:50+00:00] [adam-red]   Payload reçu: {"source": "adam-sentinel", "alert_type": "permission_drift", "source_agent": "adam-sentinel"}
[2026-07-23T15:10:16+00:00] [adam-red] ⚠️ Aucune cible (target/email/username) dans le payload
[2026-07-23T15:10:16+00:00] [adam-red]   Payload reçu: {"msg": "Periodic OSINT scan", "load": 0.23, "uptime": 543974}
[2026-07-23T15:14:10+00:00] [adam-red] ⚠️ Aucune cible (target/email/username) dans le payload
[2026-07-23T15:14:10+00:00] [adam-red]   Payload reçu: {"source": "adam-sentinel", "alert_type": "permission_drift", "source_agent": "adam-sentinel"}
[2026-07-23T15:14:36+00:00] [adam-red] ⚠️ Aucune cible (target/email/username) dans le payload
[2026-07-23T15:14:36+00:00] [adam-red]   Payload reçu: {"msg": "Periodic OSINT scan", "load": 0.29, "uptime": 544235}
[2026-07-23T15:17:19+00:00] [adam-red] ⚠️ Aucune cible (target/email/username) dans le payload
[2026-07-23T15:17:19+00:00] [adam-red]   Payload reçu: {"source": "adam-sentinel", "alert_type": "syntax_error", "source_agent": "adam-sentinel"}
[2026-07-23T15:17:19+00:00] [adam-red] ⚠️ Aucune cible (target/email/username) dans le payload
[2026-07-23T15:17:19+00:00] [adam-red]   Payload reçu: {"source": "adam-sentinel", "alert_type": "syntax_error", "source_agent": "adam-sentinel"}
[2026-07-23T15:17:20+00:00] [adam-red] ⚠️ Aucune cible (target/email/username) dans le payload
[2026-07-23T15:17:20+00:00] [adam-red]   Payload reçu: {"source": "adam-sentinel", "alert_type": "syntax_error", "source_agent": "adam-sentinel"}
[2026-07-23T15:18:41+00:00] [adam-red] ⚠️ Aucune cible (target/email/username) dans le payload
[2026-07-23T15:18:41+00:00] [adam-red]   Payload reçu: {"source": "adam-sentinel", "alert_type": "permission_drift", "source_agent": "adam-sentinel"}
[2026-07-23T15:18:57+00:00] [adam-red] ⚠️ Aucune cible (target/email/username) dans le payload
[2026-07-23T15:18:57+00:00] [adam-red]   Payload reçu: {"msg": "Periodic OSINT scan", "load": 0.49, "uptime": 544497}
[2026-07-23T15:22:52+00:00] [adam-red] ⚠️ Aucune cible (target/email/username) dans le payload
[2026-07-23T15:22:52+00:00] [adam-red]   Payload reçu: {"source": "adam-sentinel", "alert_type": "permission_drift", "source_agent": "adam-sentinel"}
[2026-07-23T15:23:20+00:00] [adam-red] ⚠️ Aucune cible (target/email/username) dans le payload
[2026-07-23T15:23:20+00:00] [adam-red]   Payload reçu: {"msg": "Periodic OSINT scan", "load": 0.38, "uptime": 544758}
[2026-07-23T15:27:14+00:00] [adam-red] ⚠️ Aucune cible (target/email/username) dans le payload
[2026-07-23T15:27:14+00:00] [adam-red]   Payload reçu: {"source": "adam-sentinel", "alert_type": "permission_drift", "source_agent": "adam-sentinel"}
[2026-07-23T15:27:40+00:00] [adam-red] ⚠️ Aucune cible (target/email/username) dans le payload
[2026-07-23T15:27:40+00:00] [adam-red]   Payload reçu: {"msg": "Periodic OSINT scan", "load": 0.78, "uptime": 545019}
[2026-07-23T15:31:37+00:00] [adam-red] ⚠️ Aucune cible (target/email/username) dans le payload
[2026-07-23T15:31:37+00:00] [adam-red]   Payload reçu: {"source": "adam-sentinel", "alert_type": "permission_drift", "source_agent": "adam-sentinel"}
[2026-07-23T15:32:01+00:00] [adam-red] ⚠️ Aucune cible (target/email/username) dans le payload
[2026-07-23T15:32:01+00:00] [adam-red]   Payload reçu: {"msg": "Periodic OSINT scan", "load": 0.32, "uptime": 545280}
[2026-07-23T15:35:57+00:00] [adam-red] ⚠️ Aucune cible (target/email/username) dans le payload
[2026-07-23T15:35:57+00:00] [adam-red]   Payload reçu: {"source": "adam-sentinel", "alert_type": "permission_drift", "source_agent": "adam-sentinel"}
[2026-07-23T15:36:23+00:00] [adam-red] ⚠️ Aucune cible (target/email/username) dans le payload
[2026-07-23T15:36:23+00:00] [adam-red]   Payload reçu: {"msg": "Periodic OSINT scan", "load": 0.32, "uptime": 545542}
[2026-07-23T15:40:18+00:00] [adam-red] ⚠️ Aucune cible (target/email/username) dans le payload
[2026-07-23T15:40:18+00:00] [adam-red]   Payload reçu: {"source": "adam-sentinel", "alert_type": "permission_drift", "source_agent": "adam-sentinel"}
[2026-07-23T15:40:44+00:00] [adam-red] ⚠️ Aucune cible (target/email/username) dans le payload
[2026-07-23T15:40:44+00:00] [adam-red]   Payload reçu: {"msg": "Periodic OSINT scan", "load": 0.61, "uptime": 545803}
[2026-07-23T15:44:41+00:00] [adam-red] ⚠️ Aucune cible (target/email/username) dans le payload
[2026-07-23T15:44:41+00:00] [adam-red]   Payload reçu: {"source": "adam-sentinel", "alert_type": "permission_drift", "source_agent": "adam-sentinel"}
[2026-07-23T15:48:50+00:00] [adam-red] ⚠️ Aucune cible (target/email/username) dans le payload
[2026-07-23T15:48:50+00:00] [adam-red]   Payload reçu: {"msg": "Periodic OSINT scan", "load": 0.2, "uptime": 546064}
[2026-07-23T15:55:14+00:00] [adam-red] ⚠️ Aucune cible (target/email/username) dans le payload
[2026-07-23T15:55:14+00:00] [adam-red]   Payload reçu: {"msg": "Periodic OSINT scan", "load": 0.66, "uptime": 546325}
[2026-07-23T15:55:22+00:00] [adam-red] ⚠️ Aucune cible (target/email/username) dans le payload
[2026-07-23T15:55:22+00:00] [adam-red]   Payload reçu: {"msg": "Periodic OSINT scan", "load": 1.6, "uptime": 546586}
[2026-07-23T15:55:48+00:00] [adam-red] ⚠️ Aucune cible (target/email/username) dans le payload
[2026-07-23T15:55:48+00:00] [adam-red]   Payload reçu: {"source": "adam-sentinel", "alert_type": "permission_drift", "source_agent": "adam-sentinel"}
[2026-07-23T15:55:48+00:00] [adam-red] ⚠️ Aucune cible (target/email/username) dans le payload
[2026-07-23T15:55:48+00:00] [adam-red]   Payload reçu: {"source": "adam-sentinel", "alert_type": "permission_drift", "source_agent": "adam-sentinel"}
[2026-07-23T15:57:42+00:00] [adam-red] ⚠️ Aucune cible (target/email/username) dans le payload
[2026-07-23T15:57:42+00:00] [adam-red]   Payload reçu: {"source": "adam-sentinel", "alert_type": "permission_drift", "source_agent": "adam-sentinel"}
[2026-07-23T15:58:08+00:00] [adam-red] ⚠️ Aucune cible (target/email/username) dans le payload
[2026-07-23T15:58:08+00:00] [adam-red]   Payload reçu: {"msg": "Periodic OSINT scan", "load": 0.38, "uptime": 546848}
[2026-07-23T16:02:03+00:00] [adam-red] ⚠️ Aucune cible (target/email/username) dans le payload
[2026-07-23T16:02:03+00:00] [adam-red]   Payload reçu: {"source": "adam-sentinel", "alert_type": "permission_drift", "source_agent": "adam-sentinel"}
[2026-07-23T16:02:31+00:00] [adam-red] ⚠️ Aucune cible (target/email/username) dans le payload
[2026-07-23T16:02:31+00:00] [adam-red]   Payload reçu: {"msg": "Periodic OSINT scan", "load": 0.55, "uptime": 547109}
[2026-07-23T16:06:25+00:00] [adam-red] ⚠️ Aucune cible (target/email/username) dans le payload
[2026-07-23T16:06:25+00:00] [adam-red]   Payload reçu: {"source": "adam-sentinel", "alert_type": "permission_drift", "source_agent": "adam-sentinel"}
[2026-07-23T16:06:51+00:00] [adam-red] ⚠️ Aucune cible (target/email/username) dans le payload
[2026-07-23T16:06:51+00:00] [adam-red]   Payload reçu: {"msg": "Periodic OSINT scan", "load": 0.47, "uptime": 547370}
[2026-07-23T16:10:46+00:00] [adam-red] ⚠️ Aucune cible (target/email/username) dans le payload
[2026-07-23T16:10:46+00:00] [adam-red]   Payload reçu: {"source": "adam-sentinel", "alert_type": "permission_drift", "source_agent": "adam-sentinel"}
[2026-07-23T16:11:12+00:00] [adam-red] ⚠️ Aucune cible (target/email/username) dans le payload
[2026-07-23T16:11:12+00:00] [adam-red]   Payload reçu: {"msg": "Periodic OSINT scan", "load": 0.23, "uptime": 547631}
[2026-07-23T16:15:07+00:00] [adam-red] ⚠️ Aucune cible (target/email/username) dans le payload
[2026-07-23T16:15:07+00:00] [adam-red]   Payload reçu: {"source": "adam-sentinel", "alert_type": "permission_drift", "source_agent": "adam-sentinel"}
[2026-07-23T16:15:33+00:00] [adam-red] ⚠️ Aucune cible (target/email/username) dans le payload
[2026-07-23T16:15:33+00:00] [adam-red]   Payload reçu: {"msg": "Periodic OSINT scan", "load": 0.55, "uptime": 547892}
[2026-07-23T16:19:29+00:00] [adam-red] ⚠️ Aucune cible (target/email/username) dans le payload
[2026-07-23T16:19:29+00:00] [adam-red]   Payload reçu: {"source": "adam-sentinel", "alert_type": "permission_drift", "source_agent": "adam-sentinel"}
[2026-07-23T16:19:55+00:00] [adam-red] ⚠️ Aucune cible (target/email/username) dans le payload
[2026-07-23T16:19:55+00:00] [adam-red]   Payload reçu: {"msg": "Periodic OSINT scan", "load": 0.52, "uptime": 548154}
[2026-07-23T16:23:52+00:00] [adam-red] ⚠️ Aucune cible (target/email/username) dans le payload
[2026-07-23T16:23:52+00:00] [adam-red]   Payload reçu: {"source": "adam-sentinel", "alert_type": "permission_drift", "source_agent": "adam-sentinel"}
[2026-07-23T16:24:16+00:00] [adam-red] ⚠️ Aucune cible (target/email/username) dans le payload
[2026-07-23T16:24:16+00:00] [adam-red]   Payload reçu: {"msg": "Periodic OSINT scan", "load": 0.22, "uptime": 548415}
[2026-07-23T16:28:12+00:00] [adam-red] ⚠️ Aucune cible (target/email/username) dans le payload
[2026-07-23T16:28:12+00:00] [adam-red]   Payload reçu: {"source": "adam-sentinel", "alert_type": "permission_drift", "source_agent": "adam-sentinel"}
[2026-07-23T16:28:37+00:00] [adam-red] ⚠️ Aucune cible (target/email/username) dans le payload
[2026-07-23T16:28:37+00:00] [adam-red]   Payload reçu: {"msg": "Periodic OSINT scan", "load": 0.42, "uptime": 548676}
[2026-07-23T16:32:31+00:00] [adam-red] ⚠️ Aucune cible (target/email/username) dans le payload
[2026-07-23T16:32:31+00:00] [adam-red]   Payload reçu: {"source": "adam-sentinel", "alert_type": "permission_drift", "source_agent": "adam-sentinel"}
[2026-07-23T16:32:59+00:00] [adam-red] ⚠️ Aucune cible (target/email/username) dans le payload
[2026-07-23T16:32:59+00:00] [adam-red]   Payload reçu: {"msg": "Periodic OSINT scan", "load": 0.4, "uptime": 548937}
[2026-07-23T16:36:54+00:00] [adam-red] ⚠️ Aucune cible (target/email/username) dans le payload
[2026-07-23T16:36:54+00:00] [adam-red]   Payload reçu: {"source": "adam-sentinel", "alert_type": "permission_drift", "source_agent": "adam-sentinel"}
[2026-07-23T16:37:20+00:00] [adam-red] ⚠️ Aucune cible (target/email/username) dans le payload
[2026-07-23T16:37:20+00:00] [adam-red]   Payload reçu: {"msg": "Periodic OSINT scan", "load": 0.38, "uptime": 549198}
[2026-07-23T16:41:14+00:00] [adam-red] ⚠️ Aucune cible (target/email/username) dans le payload
[2026-07-23T16:41:14+00:00] [adam-red]   Payload reçu: {"source": "adam-sentinel", "alert_type": "permission_drift", "source_agent": "adam-sentinel"}
[2026-07-23T16:41:41+00:00] [adam-red] ⚠️ Aucune cible (target/email/username) dans le payload
[2026-07-23T16:41:41+00:00] [adam-red]   Payload reçu: {"msg": "Periodic OSINT scan", "load": 0.32, "uptime": 549459}
[2026-07-23T16:45:35+00:00] [adam-red] ⚠️ Aucune cible (target/email/username) dans le payload
[2026-07-23T16:45:35+00:00] [adam-red]   Payload reçu: {"source": "adam-sentinel", "alert_type": "permission_drift", "source_agent": "adam-sentinel"}
[2026-07-23T16:46:01+00:00] [adam-red] ⚠️ Aucune cible (target/email/username) dans le payload
[2026-07-23T16:46:01+00:00] [adam-red]   Payload reçu: {"msg": "Periodic OSINT scan", "load": 0.46, "uptime": 549721}
[2026-07-23T16:50:34+00:00] [adam-red] ⚠️ Aucune cible (target/email/username) dans le payload
[2026-07-23T16:50:34+00:00] [adam-red]   Payload reçu: {"msg": "Periodic OSINT scan", "load": 0.55, "uptime": 549982}
[2026-07-23T16:50:36+00:00] [adam-red] ⚠️ Aucune cible (target/email/username) dans le payload
[2026-07-23T16:50:36+00:00] [adam-red]   Payload reçu: {"source": "adam-sentinel", "alert_type": "permission_drift", "source_agent": "adam-sentinel"}
[2026-07-23T16:54:19+00:00] [adam-red] ⚠️ Aucune cible (target/email/username) dans le payload
[2026-07-23T16:54:19+00:00] [adam-red]   Payload reçu: {"source": "adam-sentinel", "alert_type": "permission_drift", "source_agent": "adam-sentinel"}
[2026-07-23T16:54:44+00:00] [adam-red] ⚠️ Aucune cible (target/email/username) dans le payload
[2026-07-23T16:54:44+00:00] [adam-red]   Payload reçu: {"msg": "Periodic OSINT scan", "load": 0.53, "uptime": 550243}
[2026-07-23T16:58:40+00:00] [adam-red] ⚠️ Aucune cible (target/email/username) dans le payload
[2026-07-23T16:58:40+00:00] [adam-red]   Payload reçu: {"source": "adam-sentinel", "alert_type": "permission_drift", "source_agent": "adam-sentinel"}
[2026-07-23T16:59:06+00:00] [adam-red] ⚠️ Aucune cible (target/email/username) dans le payload
[2026-07-23T16:59:06+00:00] [adam-red]   Payload reçu: {"msg": "Periodic OSINT scan", "load": 0.37, "uptime": 550504}
[2026-07-23T17:03:01+00:00] [adam-red] ⚠️ Aucune cible (target/email/username) dans le payload
[2026-07-23T17:03:01+00:00] [adam-red]   Payload reçu: {"source": "adam-sentinel", "alert_type": "permission_drift", "source_agent": "adam-sentinel"}
[2026-07-23T17:03:27+00:00] [adam-red] ⚠️ Aucune cible (target/email/username) dans le payload
[2026-07-23T17:03:27+00:00] [adam-red]   Payload reçu: {"msg": "Periodic OSINT scan", "load": 0.33, "uptime": 550765}
[2026-07-23T17:07:22+00:00] [adam-red] ⚠️ Aucune cible (target/email/username) dans le payload
[2026-07-23T17:07:22+00:00] [adam-red]   Payload reçu: {"source": "adam-sentinel", "alert_type": "permission_drift", "source_agent": "adam-sentinel"}
[2026-07-23T17:07:48+00:00] [adam-red] ⚠️ Aucune cible (target/email/username) dans le payload
[2026-07-23T17:07:48+00:00] [adam-red]   Payload reçu: {"msg": "Periodic OSINT scan", "load": 0.41, "uptime": 551027}
[2026-07-23T17:11:45+00:00] [adam-red] ⚠️ Aucune cible (target/email/username) dans le payload
[2026-07-23T17:11:45+00:00] [adam-red]   Payload reçu: {"source": "adam-sentinel", "alert_type": "permission_drift", "source_agent": "adam-sentinel"}
[2026-07-23T17:12:09+00:00] [adam-red] ⚠️ Aucune cible (target/email/username) dans le payload
[2026-07-23T17:12:09+00:00] [adam-red]   Payload reçu: {"msg": "Periodic OSINT scan", "load": 0.68, "uptime": 551288}
[2026-07-23T17:16:03+00:00] [adam-red] ⚠️ Aucune cible (target/email/username) dans le payload
[2026-07-23T17:16:03+00:00] [adam-red]   Payload reçu: {"source": "adam-sentinel", "alert_type": "permission_drift", "source_agent": "adam-sentinel"}
[2026-07-23T17:16:29+00:00] [adam-red] ⚠️ Aucune cible (target/email/username) dans le payload
[2026-07-23T17:16:29+00:00] [adam-red]   Payload reçu: {"msg": "Periodic OSINT scan", "load": 0.54, "uptime": 551549}
[2026-07-23T17:20:18+00:00] [adam-red] ⚠️ Aucune cible (target/email/username) dans le payload
[2026-07-23T17:20:18+00:00] [adam-red]   Payload reçu: {"source": "adam-sentinel", "alert_type": "generic", "source_agent": "adam-sentinel"}
[2026-07-23T17:20:28+00:00] [adam-red] ⚠️ Aucune cible (target/email/username) dans le payload
[2026-07-23T17:20:28+00:00] [adam-red]   Payload reçu: {"source": "adam-sentinel", "alert_type": "permission_drift", "source_agent": "adam-sentinel"}
[2026-07-23T17:24:47+00:00] [adam-red] ⚠️ Aucune cible (target/email/username) dans le payload
[2026-07-23T17:24:47+00:00] [adam-red]   Payload reçu: {"source": "adam-sentinel", "alert_type": "permission_drift", "source_agent": "adam-sentinel"}
[2026-07-23T17:29:07+00:00] [adam-red] ⚠️ Aucune cible (target/email/username) dans le payload
[2026-07-23T17:29:07+00:00] [adam-red]   Payload reçu: {"source": "adam-sentinel", "alert_type": "permission_drift", "source_agent": "adam-sentinel"}
[2026-07-23T17:33:28+00:00] [adam-red] ⚠️ Aucune cible (target/email/username) dans le payload
[2026-07-23T17:33:28+00:00] [adam-red]   Payload reçu: {"source": "adam-sentinel", "alert_type": "permission_drift", "source_agent": "adam-sentinel"}
[2026-07-23T17:37:51+00:00] [adam-red] ⚠️ Aucune cible (target/email/username) dans le payload
[2026-07-23T17:37:51+00:00] [adam-red]   Payload reçu: {"source": "adam-sentinel", "alert_type": "permission_drift", "source_agent": "adam-sentinel"}
[2026-07-23T17:42:10+00:00] [adam-red] ⚠️ Aucune cible (target/email/username) dans le payload
[2026-07-23T17:42:10+00:00] [adam-red]   Payload reçu: {"source": "adam-sentinel", "alert_type": "permission_drift", "source_agent": "adam-sentinel"}
[2026-07-23T17:46:32+00:00] [adam-red] ⚠️ Aucune cible (target/email/username) dans le payload
[2026-07-23T17:46:32+00:00] [adam-red]   Payload reçu: {"source": "adam-sentinel", "alert_type": "permission_drift", "source_agent": "adam-sentinel"}
[2026-07-23T17:50:53+00:00] [adam-red] ⚠️ Aucune cible (target/email/username) dans le payload
[2026-07-23T17:50:53+00:00] [adam-red]   Payload reçu: {"source": "adam-sentinel", "alert_type": "permission_drift", "source_agent": "adam-sentinel"}
[2026-07-23T17:55:14+00:00] [adam-red] ⚠️ Aucune cible (target/email/username) dans le payload
[2026-07-23T17:55:14+00:00] [adam-red]   Payload reçu: {"source": "adam-sentinel", "alert_type": "permission_drift", "source_agent": "adam-sentinel"}
[2026-07-23T17:59:41+00:00] [adam-red] ⚠️ Aucune cible (target/email/username) dans le payload
[2026-07-23T17:59:41+00:00] [adam-red]   Payload reçu: {"source": "adam-sentinel", "alert_type": "permission_drift", "source_agent": "adam-sentinel"}
[2026-07-23T18:03:58+00:00] [adam-red] ⚠️ Aucune cible (target/email/username) dans le payload
[2026-07-23T18:03:58+00:00] [adam-red]   Payload reçu: {"source": "adam-sentinel", "alert_type": "permission_drift", "source_agent": "adam-sentinel"}
[2026-07-23T18:08:19+00:00] [adam-red] ⚠️ Aucune cible (target/email/username) dans le payload
[2026-07-23T18:08:19+00:00] [adam-red]   Payload reçu: {"source": "adam-sentinel", "alert_type": "permission_drift", "source_agent": "adam-sentinel"}
[2026-07-23T18:12:39+00:00] [adam-red] ⚠️ Aucune cible (target/email/username) dans le payload
[2026-07-23T18:12:39+00:00] [adam-red]   Payload reçu: {"source": "adam-sentinel", "alert_type": "permission_drift", "source_agent": "adam-sentinel"}
[2026-07-23T18:17:00+00:00] [adam-red] ⚠️ Aucune cible (target/email/username) dans le payload
[2026-07-23T18:17:00+00:00] [adam-red]   Payload reçu: {"source": "adam-sentinel", "alert_type": "permission_drift", "source_agent": "adam-sentinel"}
[2026-07-23T18:21:21+00:00] [adam-red] ⚠️ Aucune cible (target/email/username) dans le payload
[2026-07-23T18:21:21+00:00] [adam-red]   Payload reçu: {"source": "adam-sentinel", "alert_type": "permission_drift", "source_agent": "adam-sentinel"}
[2026-07-23T18:25:42+00:00] [adam-red] ⚠️ Aucune cible (target/email/username) dans le payload
[2026-07-23T18:25:42+00:00] [adam-red]   Payload reçu: {"source": "adam-sentinel", "alert_type": "permission_drift", "source_agent": "adam-sentinel"}
[2026-07-23T18:30:05+00:00] [adam-red] ⚠️ Aucune cible (target/email/username) dans le payload
[2026-07-23T18:30:05+00:00] [adam-red]   Payload reçu: {"source": "adam-sentinel", "alert_type": "permission_drift", "source_agent": "adam-sentinel"}
[2026-07-23T18:34:26+00:00] [adam-red] ⚠️ Aucune cible (target/email/username) dans le payload
[2026-07-23T18:34:26+00:00] [adam-red]   Payload reçu: {"source": "adam-sentinel", "alert_type": "permission_drift", "source_agent": "adam-sentinel"}
[2026-07-23T18:38:51+00:00] [adam-red] ⚠️ Aucune cible (target/email/username) dans le payload
[2026-07-23T18:38:51+00:00] [adam-red]   Payload reçu: {"source": "adam-sentinel", "alert_type": "permission_drift", "source_agent": "adam-sentinel"}
[2026-07-23T18:43:08+00:00] [adam-red] ⚠️ Aucune cible (target/email/username) dans le payload
[2026-07-23T18:43:08+00:00] [adam-red]   Payload reçu: {"source": "adam-sentinel", "alert_type": "permission_drift", "source_agent": "adam-sentinel"}
[2026-07-23T18:47:29+00:00] [adam-red] ⚠️ Aucune cible (target/email/username) dans le payload
[2026-07-23T18:47:29+00:00] [adam-red]   Payload reçu: {"source": "adam-sentinel", "alert_type": "permission_drift", "source_agent": "adam-sentinel"}
[2026-07-23T18:51:52+00:00] [adam-red] ⚠️ Aucune cible (target/email/username) dans le payload
[2026-07-23T18:51:52+00:00] [adam-red]   Payload reçu: {"source": "adam-sentinel", "alert_type": "permission_drift", "source_agent": "adam-sentinel"}
[2026-07-23T18:56:11+00:00] [adam-red] ⚠️ Aucune cible (target/email/username) dans le payload
[2026-07-23T18:56:11+00:00] [adam-red]   Payload reçu: {"source": "adam-sentinel", "alert_type": "permission_drift", "source_agent": "adam-sentinel"}
[2026-07-23T19:00:32+00:00] [adam-red] ⚠️ Aucune cible (target/email/username) dans le payload
[2026-07-23T19:00:32+00:00] [adam-red]   Payload reçu: {"source": "adam-sentinel", "alert_type": "permission_drift", "source_agent": "adam-sentinel"}
[2026-07-23T19:04:53+00:00] [adam-red] ⚠️ Aucune cible (target/email/username) dans le payload
[2026-07-23T19:04:53+00:00] [adam-red]   Payload reçu: {"source": "adam-sentinel", "alert_type": "permission_drift", "source_agent": "adam-sentinel"}
[2026-07-23T19:07:11+00:00] [adam-red] ⚠️ Aucune cible (target/email/username) dans le payload
[2026-07-23T19:07:11+00:00] [adam-red]   Payload reçu: {"source": "adam-sentinel", "alert_type": "generic", "source_agent": "adam-sentinel"}
[2026-07-23T19:09:18+00:00] [adam-red] ⚠️ Aucune cible (target/email/username) dans le payload
[2026-07-23T19:09:18+00:00] [adam-red]   Payload reçu: {"source": "adam-sentinel", "alert_type": "permission_drift", "source_agent": "adam-sentinel"}
[2026-07-23T19:09:46+00:00] [adam-red] ⚠️ Aucune cible (target/email/username) dans le payload
[2026-07-23T19:09:46+00:00] [adam-red]   Payload reçu: {"source": "adam-sentinel", "alert_type": "generic", "source_agent": "adam-sentinel"}
[2026-07-23T19:13:37+00:00] [adam-red] ⚠️ Aucune cible (target/email/username) dans le payload
[2026-07-23T19:13:37+00:00] [adam-red]   Payload reçu: {"source": "adam-sentinel", "alert_type": "permission_drift", "source_agent": "adam-sentinel"}
[2026-07-23T19:14:07+00:00] [adam-red] ⚠️ Aucune cible (target/email/username) dans le payload
[2026-07-23T19:14:07+00:00] [adam-red]   Payload reçu: {"source": "adam-sentinel", "alert_type": "generic", "source_agent": "adam-sentinel"}
[2026-07-23T19:17:58+00:00] [adam-red] ⚠️ Aucune cible (target/email/username) dans le payload
[2026-07-23T19:17:58+00:00] [adam-red]   Payload reçu: {"source": "adam-sentinel", "alert_type": "permission_drift", "source_agent": "adam-sentinel"}
[2026-07-23T19:18:28+00:00] [adam-red] ⚠️ Aucune cible (target/email/username) dans le payload
[2026-07-23T19:18:28+00:00] [adam-red]   Payload reçu: {"source": "adam-sentinel", "alert_type": "generic", "source_agent": "adam-sentinel"}
[2026-07-23T19:22:19+00:00] [adam-red] ⚠️ Aucune cible (target/email/username) dans le payload
[2026-07-23T19:22:19+00:00] [adam-red]   Payload reçu: {"source": "adam-sentinel", "alert_type": "permission_drift", "source_agent": "adam-sentinel"}
[2026-07-23T19:22:49+00:00] [adam-red] ⚠️ Aucune cible (target/email/username) dans le payload
[2026-07-23T19:22:49+00:00] [adam-red]   Payload reçu: {"source": "adam-sentinel", "alert_type": "generic", "source_agent": "adam-sentinel"}
[2026-07-23T19:26:42+00:00] [adam-red] ⚠️ Aucune cible (target/email/username) dans le payload
[2026-07-23T19:26:42+00:00] [adam-red]   Payload reçu: {"source": "adam-sentinel", "alert_type": "permission_drift", "source_agent": "adam-sentinel"}
[2026-07-23T19:27:10+00:00] [adam-red] ⚠️ Aucune cible (target/email/username) dans le payload
[2026-07-23T19:27:10+00:00] [adam-red]   Payload reçu: {"source": "adam-sentinel", "alert_type": "generic", "source_agent": "adam-sentinel"}
[2026-07-23T19:31:03+00:00] [adam-red] ⚠️ Aucune cible (target/email/username) dans le payload
[2026-07-23T19:31:03+00:00] [adam-red]   Payload reçu: {"source": "adam-sentinel", "alert_type": "permission_drift", "source_agent": "adam-sentinel"}
[2026-07-23T19:31:31+00:00] [adam-red] ⚠️ Aucune cible (target/email/username) dans le payload
[2026-07-23T19:31:31+00:00] [adam-red]   Payload reçu: {"source": "adam-sentinel", "alert_type": "generic", "source_agent": "adam-sentinel"}
[2026-07-23T19:35:22+00:00] [adam-red] ⚠️ Aucune cible (target/email/username) dans le payload
[2026-07-23T19:35:22+00:00] [adam-red]   Payload reçu: {"source": "adam-sentinel", "alert_type": "permission_drift", "source_agent": "adam-sentinel"}
[2026-07-23T19:35:54+00:00] [adam-red] ⚠️ Aucune cible (target/email/username) dans le payload
[2026-07-23T19:35:54+00:00] [adam-red]   Payload reçu: {"source": "adam-sentinel", "alert_type": "generic", "source_agent": "adam-sentinel"}
[2026-07-23T19:39:43+00:00] [adam-red] ⚠️ Aucune cible (target/email/username) dans le payload
[2026-07-23T19:39:43+00:00] [adam-red]   Payload reçu: {"source": "adam-sentinel", "alert_type": "permission_drift", "source_agent": "adam-sentinel"}
[2026-07-23T19:40:15+00:00] [adam-red] ⚠️ Aucune cible (target/email/username) dans le payload
[2026-07-23T19:40:15+00:00] [adam-red]   Payload reçu: {"source": "adam-sentinel", "alert_type": "generic", "source_agent": "adam-sentinel"}
[2026-07-23T19:43:07+00:00] [adam-red] ⚠️ Aucune cible (target/email/username) dans le payload
[2026-07-23T19:43:07+00:00] [adam-red]   Payload reçu: {"source": "adam-sentinel", "alert_type": "generic", "source_agent": "adam-sentinel"}
[2026-07-23T19:44:06+00:00] [adam-red] ⚠️ Aucune cible (target/email/username) dans le payload
[2026-07-23T19:44:06+00:00] [adam-red]   Payload reçu: {"source": "adam-sentinel", "alert_type": "permission_drift", "source_agent": "adam-sentinel"}
[2026-07-23T19:44:08+00:00] [adam-red] ⚠️ Aucune cible (target/email/username) dans le payload
[2026-07-23T19:44:08+00:00] [adam-red]   Payload reçu: {"source": "adam-sentinel", "alert_type": "generic", "source_agent": "adam-sentinel"}
[2026-07-23T19:44:38+00:00] [adam-red] ⚠️ Aucune cible (target/email/username) dans le payload
[2026-07-23T19:44:38+00:00] [adam-red]   Payload reçu: {"source": "adam-sentinel", "alert_type": "generic", "source_agent": "adam-sentinel"}
[2026-07-23T19:48:29+00:00] [adam-red] ⚠️ Aucune cible (target/email/username) dans le payload
[2026-07-23T19:48:29+00:00] [adam-red]   Payload reçu: {"source": "adam-sentinel", "alert_type": "permission_drift", "source_agent": "adam-sentinel"}
[2026-07-23T19:48:59+00:00] [adam-red] ⚠️ Aucune cible (target/email/username) dans le payload
[2026-07-23T19:48:59+00:00] [adam-red]   Payload reçu: {"source": "adam-sentinel", "alert_type": "generic", "source_agent": "adam-sentinel"}
[2026-07-23T19:52:47+00:00] [adam-red] ⚠️ Aucune cible (target/email/username) dans le payload
[2026-07-23T19:52:47+00:00] [adam-red]   Payload reçu: {"source": "adam-sentinel", "alert_type": "permission_drift", "source_agent": "adam-sentinel"}
[2026-07-23T19:53:20+00:00] [adam-red] ⚠️ Aucune cible (target/email/username) dans le payload
[2026-07-23T19:53:20+00:00] [adam-red]   Payload reçu: {"source": "adam-sentinel", "alert_type": "generic", "source_agent": "adam-sentinel"}
[2026-07-23T19:57:08+00:00] [adam-red] ⚠️ Aucune cible (target/email/username) dans le payload
[2026-07-23T19:57:08+00:00] [adam-red]   Payload reçu: {"source": "adam-sentinel", "alert_type": "permission_drift", "source_agent": "adam-sentinel"}
[2026-07-23T20:01:30+00:00] [adam-red] ⚠️ Aucune cible (target/email/username) dans le payload
[2026-07-23T20:01:30+00:00] [adam-red]   Payload reçu: {"source": "adam-sentinel", "alert_type": "permission_drift", "source_agent": "adam-sentinel"}
[2026-07-23T20:02:02+00:00] [adam-red] ⚠️ Aucune cible (target/email/username) dans le payload
[2026-07-23T20:02:02+00:00] [adam-red]   Payload reçu: {"source": "adam-sentinel", "alert_type": "generic", "source_agent": "adam-sentinel"}
[2026-07-23T20:05:55+00:00] [adam-red] ⚠️ Aucune cible (target/email/username) dans le payload
[2026-07-23T20:05:55+00:00] [adam-red]   Payload reçu: {"source": "adam-sentinel", "alert_type": "permission_drift", "source_agent": "adam-sentinel"}
[2026-07-23T20:06:23+00:00] [adam-red] ⚠️ Aucune cible (target/email/username) dans le payload
[2026-07-23T20:06:23+00:00] [adam-red]   Payload reçu: {"source": "adam-sentinel", "alert_type": "generic", "source_agent": "adam-sentinel"}
[2026-07-23T20:10:12+00:00] [adam-red] ⚠️ Aucune cible (target/email/username) dans le payload
[2026-07-23T20:10:12+00:00] [adam-red]   Payload reçu: {"source": "adam-sentinel", "alert_type": "permission_drift", "source_agent": "adam-sentinel"}
[2026-07-23T20:10:44+00:00] [adam-red] ⚠️ Aucune cible (target/email/username) dans le payload
[2026-07-23T20:10:44+00:00] [adam-red]   Payload reçu: {"source": "adam-sentinel", "alert_type": "generic", "source_agent": "adam-sentinel"}
[2026-07-23T20:14:33+00:00] [adam-red] ⚠️ Aucune cible (target/email/username) dans le payload
[2026-07-23T20:14:33+00:00] [adam-red]   Payload reçu: {"source": "adam-sentinel", "alert_type": "permission_drift", "source_agent": "adam-sentinel"}
[2026-07-23T20:15:05+00:00] [adam-red] ⚠️ Aucune cible (target/email/username) dans le payload
[2026-07-23T20:15:05+00:00] [adam-red]   Payload reçu: {"source": "adam-sentinel", "alert_type": "generic", "source_agent": "adam-sentinel"}
[2026-07-23T20:18:58+00:00] [adam-red] ⚠️ Aucune cible (target/email/username) dans le payload
[2026-07-23T20:18:58+00:00] [adam-red]   Payload reçu: {"source": "adam-sentinel", "alert_type": "permission_drift", "source_agent": "adam-sentinel"}
[2026-07-23T20:19:26+00:00] [adam-red] ⚠️ Aucune cible (target/email/username) dans le payload
[2026-07-23T20:19:26+00:00] [adam-red]   Payload reçu: {"source": "adam-sentinel", "alert_type": "generic", "source_agent": "adam-sentinel"}
[2026-07-23T20:23:15+00:00] [adam-red] ⚠️ Aucune cible (target/email/username) dans le payload
[2026-07-23T20:23:15+00:00] [adam-red]   Payload reçu: {"source": "adam-sentinel", "alert_type": "permission_drift", "source_agent": "adam-sentinel"}
[2026-07-23T20:23:47+00:00] [adam-red] ⚠️ Aucune cible (target/email/username) dans le payload
[2026-07-23T20:23:47+00:00] [adam-red]   Payload reçu: {"source": "adam-sentinel", "alert_type": "generic", "source_agent": "adam-sentinel"}
[2026-07-23T20:27:36+00:00] [adam-red] ⚠️ Aucune cible (target/email/username) dans le payload
[2026-07-23T20:27:36+00:00] [adam-red]   Payload reçu: {"source": "adam-sentinel", "alert_type": "permission_drift", "source_agent": "adam-sentinel"}
[2026-07-23T20:28:10+00:00] [adam-red] ⚠️ Aucune cible (target/email/username) dans le payload
[2026-07-23T20:28:10+00:00] [adam-red]   Payload reçu: {"source": "adam-sentinel", "alert_type": "generic", "source_agent": "adam-sentinel"}
[2026-07-23T20:29:14+00:00] [adam-red] ⚠️ Aucune cible (target/email/username) dans le payload
[2026-07-23T20:29:14+00:00] [adam-red]   Payload reçu: {"source": "adam-sentinel", "alert_type": "syntax_error", "source_agent": "adam-sentinel"}
[2026-07-23T20:31:57+00:00] [adam-red] ⚠️ Aucune cible (target/email/username) dans le payload
[2026-07-23T20:31:57+00:00] [adam-red]   Payload reçu: {"source": "adam-sentinel", "alert_type": "permission_drift", "source_agent": "adam-sentinel"}
[2026-07-23T20:32:31+00:00] [adam-red] ⚠️ Aucune cible (target/email/username) dans le payload
[2026-07-23T20:32:31+00:00] [adam-red]   Payload reçu: {"source": "adam-sentinel", "alert_type": "generic", "source_agent": "adam-sentinel"}
[2026-07-23T20:36:26+00:00] [adam-red] ⚠️ Aucune cible (target/email/username) dans le payload
[2026-07-23T20:36:26+00:00] [adam-red]   Payload reçu: {"source": "adam-sentinel", "alert_type": "permission_drift", "source_agent": "adam-sentinel"}
[2026-07-23T20:36:52+00:00] [adam-red] ⚠️ Aucune cible (target/email/username) dans le payload
[2026-07-23T20:36:52+00:00] [adam-red]   Payload reçu: {"source": "adam-sentinel", "alert_type": "generic", "source_agent": "adam-sentinel"}
