[2026-07-23T14:56:43Z] [INFO] === Début scan veille scientifique ===
[2026-07-23T14:56:43Z] [INFO] Scanning PubMed for 'CRISPR gene editing'...
[2026-07-23T14:56:44Z] [INFO] Published on research:finding: Published: #6199 channel=research:finding source=handler
[2026-07-23T14:56:44Z] [INFO]   📄 Finding score=10 — Kidney organoids as models for hereditary kidney diseases: T
[2026-07-23T14:56:44Z] [INFO] Published on research:finding: Published: #6200 channel=research:finding source=handler
[2026-07-23T14:56:44Z] [INFO]   📄 Finding score=10 — CRISPR/Cas9-Engineered HEK293T Cellular Model Harboring the 
[2026-07-23T14:56:44Z] [INFO] Published on research:finding: Published: #6201 channel=research:finding source=handler
[2026-07-23T14:56:44Z] [INFO]   📄 Finding score=10 — Evaluation of a quintuple-gene-deleted PRV vector expressing
[2026-07-23T14:56:44Z] [INFO] Published on research:finding: Published: #6202 channel=research:finding source=handler
[2026-07-23T14:56:44Z] [INFO]   📄 Finding score=10 — Generation and characterization of humanized CD4 knock-in mi
[2026-07-23T14:56:44Z] [INFO] Published on research:finding: Published: #6203 channel=research:finding source=handler
[2026-07-23T14:56:44Z] [INFO]   📄 Finding score=10 — Efficient and precise programmable DNA knock-in without doub
[2026-07-23T14:56:44Z] [INFO] Scanning PubMed for 'mRNA vaccine'...
[2026-07-23T14:56:45Z] [INFO] Processing event: channel=research:finding payload={}
[2026-07-23T14:56:45Z] [INFO] Finding reçue: unknown
[2026-07-23T14:56:45Z] [INFO] Processing event: channel=research:finding payload={}
[2026-07-23T14:56:45Z] [INFO] Finding reçue: unknown
[2026-07-23T14:56:46Z] [INFO] Published on research:finding: Published: #6205 channel=research:finding source=handler
[2026-07-23T14:56:46Z] [INFO]   📄 Finding score=10 — Safety of mRNA COVID-19 Vaccination during Pregnancy: Findin
[2026-07-23T14:56:46Z] [INFO] Published on research:finding: Published: #6206 channel=research:finding source=handler
[2026-07-23T14:56:46Z] [INFO]   📄 Finding score=10 — mRNA vaccines for multidrug-resistant bacteria: promise, cha
[2026-07-23T14:56:46Z] [INFO] Published on research:finding: Published: #6207 channel=research:finding source=handler
[2026-07-23T14:56:46Z] [INFO]   📄 Finding score=10 — Real-world effectiveness and safety of protein-based and mRN
[2026-07-23T14:56:46Z] [INFO] Published on research:finding: Published: #6208 channel=research:finding source=handler
[2026-07-23T14:56:46Z] [INFO]   📄 Finding score=10 — mRNA-LNP hepatitis C vaccine encoding p7 elicits improved hu
[2026-07-23T14:56:46Z] [INFO] Published on research:finding: Published: #6209 channel=research:finding source=handler
[2026-07-23T14:56:46Z] [INFO]   📄 Finding score=10 — Dengue vaccines: The role of a correlate of protection in ev
[2026-07-23T14:56:46Z] [INFO] Scanning PubMed for 'AI drug discovery'...
[2026-07-23T14:56:48Z] [INFO] Published on research:finding: Published: #6213 channel=research:finding source=handler
[2026-07-23T14:56:48Z] [INFO]   📄 Finding score=10 — Q&A: Timothy Yap on Clinical Trials and Drug Development.
[2026-07-23T14:56:48Z] [INFO] Published on research:finding: Published: #6214 channel=research:finding source=handler
[2026-07-23T14:56:48Z] [INFO]   📄 Finding score=10 — Carbonic anhydrase III.
[2026-07-23T14:56:48Z] [INFO] Published on research:finding: Published: #6215 channel=research:finding source=handler
[2026-07-23T14:56:48Z] [INFO]   📄 Finding score=20 — Novel 3,3'-diindolylmethane derivatives as multi-pathway mod
[2026-07-23T14:56:48Z] [INFO] Published on research:finding: Published: #6216 channel=research:finding source=handler
[2026-07-23T14:56:48Z] [INFO]   📄 Finding score=10 — AI-driven computational drug design: tools, workflow and cha
[2026-07-23T14:56:48Z] [INFO] Published on research:finding: Published: #6217 channel=research:finding source=handler
[2026-07-23T14:56:48Z] [INFO]   📄 Finding score=10 — Toward Predicting Solubility of Arbitrary Solutes in Arbitra
[2026-07-23T14:56:48Z] [INFO] Scanning PubMed for 'protein folding'...
[2026-07-23T14:56:49Z] [INFO] Processing event: channel=research:finding payload={}
[2026-07-23T14:56:49Z] [INFO] Finding reçue: unknown
[2026-07-23T14:56:49Z] [INFO] Processing event: channel=research:finding payload={}
[2026-07-23T14:56:49Z] [INFO] Finding reçue: unknown
[2026-07-23T14:56:49Z] [INFO] Processing event: channel=research:finding payload={}
[2026-07-23T14:56:49Z] [INFO] Finding reçue: unknown
[2026-07-23T14:56:50Z] [INFO] Published on research:finding: Published: #6218 channel=research:finding source=handler
[2026-07-23T14:56:50Z] [INFO]   📄 Finding score=10 — The N-terminal domain of the endoplasmic reticulum-resident 
[2026-07-23T14:56:50Z] [INFO] Published on research:finding: Published: #6219 channel=research:finding source=handler
[2026-07-23T14:56:50Z] [INFO]   📄 Finding score=10 — Nascent chain folding status modulates ribosome dynamics and
[2026-07-23T14:56:50Z] [INFO] Published on research:finding: Published: #6220 channel=research:finding source=handler
[2026-07-23T14:56:50Z] [INFO]   📄 Finding score=10 — Deciphering the mechanism of protein aggregation and effects
[2026-07-23T14:56:50Z] [INFO] Published on research:finding: Published: #6221 channel=research:finding source=handler
[2026-07-23T14:56:50Z] [INFO]   📄 Finding score=10 — The PERK paradox in aging: how ER stress shapes senescence a
[2026-07-23T14:56:50Z] [INFO] Published on research:finding: Published: #6222 channel=research:finding source=handler
[2026-07-23T14:56:50Z] [INFO]   📄 Finding score=10 — At the Edge of Survival: Exploring the Frontiers of Tardigra
[2026-07-23T14:56:50Z] [INFO] Scanning PubMed for 'senolytic therapy'...
[2026-07-23T14:56:51Z] [INFO] Published on research:finding: Published: #6227 channel=research:finding source=handler
[2026-07-23T14:56:51Z] [INFO]   📄 Finding score=10 — Therapy-induced senescence rewires the melanoma secretome to
[2026-07-23T14:56:51Z] [INFO] Published on research:finding: Published: #6228 channel=research:finding source=handler
[2026-07-23T14:56:51Z] [INFO]   📄 Finding score=10 — Natural products targeting cytokine-regulated SASP inflammat
[2026-07-23T14:56:51Z] [INFO] Published on research:finding: Published: #6229 channel=research:finding source=handler
[2026-07-23T14:56:51Z] [INFO]   📄 Finding score=10 — Selective targeting of cancer and senescence via shared meta
[2026-07-23T14:56:51Z] [INFO] Published on research:finding: Published: #6230 channel=research:finding source=handler
[2026-07-23T14:56:51Z] [INFO]   📄 Finding score=10 — Tumor cells escape from therapy-induced senescence: from mol
[2026-07-23T14:56:51Z] [INFO] Published on research:finding: Published: #6231 channel=research:finding source=handler
[2026-07-23T14:56:51Z] [INFO]   📄 Finding score=10 — Chemotherapy-induced senescence promotes stroma stiffness an
[2026-07-23T14:56:51Z] [INFO] Scanning PubMed for 'organoid'...
[2026-07-23T14:56:53Z] [INFO] Published on research:finding: Published: #6232 channel=research:finding source=handler
[2026-07-23T14:56:53Z] [INFO]   📄 Finding score=10 — The alarmin-ILC2 axis as a candidate mechanism for persisten
[2026-07-23T14:56:53Z] [INFO] Published on research:finding: Published: #6233 channel=research:finding source=handler
[2026-07-23T14:56:53Z] [INFO]   📄 Finding score=10 — Senkyunolide I and Danshensu in combination ameliorate post-
[2026-07-23T14:56:53Z] [INFO] Published on research:finding: Published: #6234 channel=research:finding source=handler
[2026-07-23T14:56:53Z] [INFO]   📄 Finding score=10 — Modeling Alzheimer's disease with brain organoids: mechanism
[2026-07-23T14:56:53Z] [INFO] Published on research:finding: Published: #6235 channel=research:finding source=handler
[2026-07-23T14:56:53Z] [INFO]   📄 Finding score=10 — Kidney organoids as models for hereditary kidney diseases: T
[2026-07-23T14:56:53Z] [INFO] Processing event: channel=research:finding payload={}
[2026-07-23T14:56:53Z] [INFO] Finding reçue: unknown
[2026-07-23T14:56:53Z] [INFO] Processing event: channel=research:finding payload={}
[2026-07-23T14:56:53Z] [INFO] Finding reçue: unknown
[2026-07-23T14:56:53Z] [INFO] Processing event: channel=research:finding payload={}
[2026-07-23T14:56:53Z] [INFO] Finding reçue: unknown
[2026-07-23T14:56:53Z] [INFO] Published on research:finding: Published: #6236 channel=research:finding source=handler
[2026-07-23T14:56:53Z] [INFO]   📄 Finding score=10 — Bibliometric Analysis and Trends of Organoid Technology in T
[2026-07-23T14:56:53Z] [INFO] Scanning bioRxiv for 'synthetic biology'...
[2026-07-23T14:56:53Z] [INFO]   bioRxiv non implémenté en fetch direct, skip
[2026-07-23T14:56:53Z] [INFO] Scanning bioRxiv for 'gene therapy'...
[2026-07-23T14:56:53Z] [INFO]   bioRxiv non implémenté en fetch direct, skip
[2026-07-23T14:56:53Z] [INFO] Scanning bioRxiv for 'biomarker'...
[2026-07-23T14:56:53Z] [INFO]   bioRxiv non implémenté en fetch direct, skip
[2026-07-23T14:56:53Z] [INFO] Scanning ClinicalTrials for 'CAR-T cell therapy'...
[2026-07-23T14:56:53Z] [INFO]   ClinicalTrials non implémenté en fetch direct, skip
[2026-07-23T14:56:53Z] [INFO] Scanning ClinicalTrials for 'gene editing'...
[2026-07-23T14:56:53Z] [INFO]   ClinicalTrials non implémenté en fetch direct, skip
[2026-07-23T14:56:53Z] [INFO] Scanning ClinicalTrials for 'regenerative medicine'...
[2026-07-23T14:56:53Z] [INFO]   ClinicalTrials non implémenté en fetch direct, skip
[2026-07-23T14:56:53Z] [INFO] === Scan terminé: 30 findings ===
[2026-07-23T14:56:53Z] [INFO]   Total: 30 findings, 0 opportunités (score≥30)
[2026-07-23T14:56:57Z] [INFO] Processing event: channel=research:finding payload={}
[2026-07-23T14:56:57Z] [INFO] Finding reçue: unknown
[2026-07-23T14:56:57Z] [INFO] Processing event: channel=research:finding payload={}
[2026-07-23T14:56:57Z] [INFO] Finding reçue: unknown
[2026-07-23T14:56:57Z] [INFO] Processing event: channel=research:finding payload={}
[2026-07-23T14:56:57Z] [INFO] Finding reçue: unknown
[2026-07-23T14:56:57Z] [INFO] Processing event: channel=research:finding payload={}
[2026-07-23T14:56:57Z] [INFO] Finding reçue: unknown
[2026-07-23T14:57:01Z] [INFO] Processing event: channel=research:finding payload={}
[2026-07-23T14:57:01Z] [INFO] Finding reçue: unknown
[2026-07-23T14:57:01Z] [INFO] Processing event: channel=research:finding payload={}
[2026-07-23T14:57:01Z] [INFO] Finding reçue: unknown
[2026-07-23T14:57:01Z] [INFO] Processing event: channel=research:finding payload={}
[2026-07-23T14:57:01Z] [INFO] Finding reçue: unknown
[2026-07-23T14:57:01Z] [INFO] Processing event: channel=research:finding payload={}
[2026-07-23T14:57:01Z] [INFO] Finding reçue: unknown
[2026-07-23T14:57:05Z] [INFO] Processing event: channel=research:finding payload={}
[2026-07-23T14:57:05Z] [INFO] Finding reçue: unknown
[2026-07-23T14:57:05Z] [INFO] Processing event: channel=research:finding payload={}
[2026-07-23T14:57:05Z] [INFO] Finding reçue: unknown
[2026-07-23T14:57:05Z] [INFO] Processing event: channel=research:finding payload={}
[2026-07-23T14:57:05Z] [INFO] Finding reçue: unknown
[2026-07-23T14:57:05Z] [INFO] Processing event: channel=research:finding payload={}
[2026-07-23T14:57:05Z] [INFO] Finding reçue: unknown
[2026-07-23T14:57:09Z] [INFO] Processing event: channel=research:finding payload={}
[2026-07-23T14:57:09Z] [INFO] Finding reçue: unknown
[2026-07-23T14:57:09Z] [INFO] Processing event: channel=research:finding payload={}
[2026-07-23T14:57:09Z] [INFO] Finding reçue: unknown
[2026-07-23T14:57:09Z] [INFO] Processing event: channel=research:finding payload={}
[2026-07-23T14:57:09Z] [INFO] Finding reçue: unknown
[2026-07-23T14:57:09Z] [INFO] Processing event: channel=research:finding payload={}
[2026-07-23T14:57:09Z] [INFO] Finding reçue: unknown
[2026-07-23T14:57:13Z] [INFO] Processing event: channel=research:finding payload={}
[2026-07-23T14:57:13Z] [INFO] Finding reçue: unknown
[2026-07-23T14:57:13Z] [INFO] Processing event: channel=research:finding payload={}
[2026-07-23T14:57:13Z] [INFO] Finding reçue: unknown
[2026-07-23T14:57:13Z] [INFO] Processing event: channel=research:finding payload={}
[2026-07-23T14:57:13Z] [INFO] Finding reçue: unknown
[2026-07-23T14:57:13Z] [INFO] Processing event: channel=research:finding payload={}
[2026-07-23T14:57:13Z] [INFO] Finding reçue: unknown
[2026-07-23T14:57:17Z] [INFO] Processing event: channel=research:finding payload={}
[2026-07-23T14:57:17Z] [INFO] Finding reçue: unknown
[2026-07-23T14:57:17Z] [INFO] Processing event: channel=research:finding payload={}
[2026-07-23T14:57:17Z] [INFO] Finding reçue: unknown
[2026-07-23T16:49:15Z] [INFO] === Début scan veille scientifique ===
[2026-07-23T16:49:15Z] [INFO] Scanning PubMed: 'CRISPR gene editing'...
[2026-07-23T16:49:17Z] [INFO]   📄 Finding score=15 — Kidney organoids as models for hereditary kidney diseases: T
[2026-07-23T16:49:17Z] [INFO]   📄 Finding score=15 — CRISPR/Cas9-Engineered HEK293T Cellular Model Harboring the 
[2026-07-23T16:49:17Z] [INFO]   📄 Finding score=15 — Evaluation of a quintuple-gene-deleted PRV vector expressing
[2026-07-23T16:49:17Z] [INFO]   📄 Finding score=15 — Generation and characterization of humanized CD4 knock-in mi
[2026-07-23T16:49:17Z] [INFO]   📄 Finding score=15 — Efficient and precise programmable DNA knock-in without doub
[2026-07-23T16:49:18Z] [INFO] Event: channel=research:finding
[2026-07-23T16:49:18Z] [INFO] Finding reçue: unknown
[2026-07-23T16:49:18Z] [INFO] Event: channel=research:finding
[2026-07-23T16:49:18Z] [INFO] Finding reçue: unknown
[2026-07-23T16:49:18Z] [INFO] Event: channel=research:finding
[2026-07-23T16:49:18Z] [INFO] Finding reçue: unknown
[2026-07-23T16:49:18Z] [INFO] Event: channel=research:finding
[2026-07-23T16:49:18Z] [INFO] Finding reçue: unknown
[2026-07-23T16:49:18Z] [INFO] Scanning PubMed: 'mRNA vaccine'...
[2026-07-23T16:49:20Z] [INFO]   📄 Finding score=15 — Hydrophobic Tail and Linker Diversification of PEG-Lipids Un
[2026-07-23T16:49:20Z] [INFO]   📄 Finding score=15 — Safety of mRNA COVID-19 Vaccination during Pregnancy: Findin
[2026-07-23T16:49:20Z] [INFO]   📄 Finding score=15 — mRNA vaccines for multidrug-resistant bacteria: promise, cha
[2026-07-23T16:49:20Z] [INFO]   📄 Finding score=15 — Real-world effectiveness and safety of protein-based and mRN
[2026-07-23T16:49:20Z] [INFO]   📄 Finding score=15 — mRNA-LNP hepatitis C vaccine encoding p7 elicits improved hu
[2026-07-23T16:49:21Z] [INFO] Scanning PubMed: 'AI drug discovery'...
[2026-07-23T16:49:22Z] [INFO] Event: channel=research:finding
[2026-07-23T16:49:22Z] [INFO] Finding reçue: unknown
[2026-07-23T16:49:22Z] [INFO] Event: channel=research:finding
[2026-07-23T16:49:22Z] [INFO] Finding reçue: unknown
[2026-07-23T16:49:22Z] [INFO] Event: channel=research:finding
[2026-07-23T16:49:22Z] [INFO] Finding reçue: unknown
[2026-07-23T16:49:22Z] [INFO] Event: channel=research:finding
[2026-07-23T16:49:22Z] [INFO] Finding reçue: unknown
[2026-07-23T16:49:23Z] [INFO]   📄 Finding score=15 — Q&A: Timothy Yap on Clinical Trials and Drug Development.
[2026-07-23T16:49:23Z] [INFO]   📄 Finding score=15 — Carbonic anhydrase III.
[2026-07-23T16:49:23Z] [INFO]   📄 Finding score=27 — Novel 3,3'-diindolylmethane derivatives as multi-pathway mod
[2026-07-23T16:49:23Z] [INFO]   📄 Finding score=15 — AI-driven computational drug design: tools, workflow and cha
[2026-07-23T16:49:23Z] [INFO]   📄 Finding score=15 — Toward Predicting Solubility of Arbitrary Solutes in Arbitra
[2026-07-23T16:49:24Z] [INFO] Scanning PubMed: 'protein folding'...
[2026-07-23T16:49:26Z] [INFO]   📄 Finding score=27 — Mucopolysaccharidosis type II in tunisian families: IDS gene
[2026-07-23T16:49:26Z] [INFO] Event: channel=research:finding
[2026-07-23T16:49:26Z] [INFO] Finding reçue: unknown
[2026-07-23T16:49:26Z] [INFO] Event: channel=research:finding
[2026-07-23T16:49:26Z] [INFO] Finding reçue: unknown
[2026-07-23T16:49:26Z] [INFO] Event: channel=research:finding
[2026-07-23T16:49:26Z] [INFO] Finding reçue: unknown
[2026-07-23T16:49:26Z] [INFO] Event: channel=research:finding
[2026-07-23T16:49:26Z] [INFO] Finding reçue: unknown
[2026-07-23T16:49:26Z] [INFO]   📄 Finding score=15 — Conformational and Functional Divergence of RnpA Protein Sub
[2026-07-23T16:49:26Z] [INFO]   📄 Finding score=15 — Charcot-Marie-Tooth mutations of HSPB1 progressively alter n
[2026-07-23T16:49:26Z] [INFO]   📄 Finding score=15 — Enzyme-Inspired Design of Well-Defined Dual-Metal-Site Pairs
[2026-07-23T16:49:26Z] [INFO]   📄 Finding score=15 — The N-terminal domain of the endoplasmic reticulum-resident 
[2026-07-23T16:49:27Z] [INFO] Scanning PubMed: 'senolytic therapy'...
[2026-07-23T16:49:28Z] [INFO]   📄 Finding score=15 — Cellular senescence and inflammageing: from mechanisms to se
[2026-07-23T16:49:28Z] [INFO]   📄 Finding score=15 — Therapy-induced senescence rewires the melanoma secretome to
[2026-07-23T16:49:28Z] [INFO]   📄 Finding score=15 — Natural products targeting cytokine-regulated SASP inflammat
[2026-07-23T16:49:28Z] [INFO]   📄 Finding score=15 — Selective targeting of cancer and senescence via shared meta
[2026-07-23T16:49:28Z] [INFO]   📄 Finding score=15 — Tumor cells escape from therapy-induced senescence: from mol
[2026-07-23T16:49:29Z] [INFO] Scanning PubMed: 'organoid'...
[2026-07-23T16:49:30Z] [INFO] Event: channel=research:finding
[2026-07-23T16:49:30Z] [INFO] Finding reçue: unknown
[2026-07-23T16:49:30Z] [INFO] Event: channel=research:finding
[2026-07-23T16:49:30Z] [INFO] Finding reçue: unknown
[2026-07-23T16:49:30Z] [INFO] Event: channel=research:finding
[2026-07-23T16:49:30Z] [INFO] Finding reçue: unknown
[2026-07-23T16:49:30Z] [INFO] Event: channel=research:finding
[2026-07-23T16:49:30Z] [INFO] Finding reçue: unknown
[2026-07-23T16:49:32Z] [INFO]   📄 Finding score=15 — Micro- and Nanoplastics in Cardiovascular Toxicology: Human 
[2026-07-23T16:49:32Z] [INFO]   📄 Finding score=15 — Artificial intelligence-augmented organ- and organoid-on-a-c
[2026-07-23T16:49:32Z] [INFO]   📄 Finding score=15 — The alarmin-ILC2 axis as a candidate mechanism for persisten
[2026-07-23T16:49:32Z] [INFO]   📄 Finding score=15 — Senkyunolide I and Danshensu in combination ameliorate post-
[2026-07-23T16:49:32Z] [INFO]   📄 Finding score=15 — Modeling Alzheimer's disease with brain organoids: mechanism
[2026-07-23T16:49:33Z] [INFO] Scanning PubMed: 'CAR-T cell therapy'...
[2026-07-23T16:49:34Z] [INFO] Event: channel=research:finding
[2026-07-23T16:49:34Z] [INFO] Finding reçue: unknown
[2026-07-23T16:49:34Z] [INFO] Event: channel=research:finding
[2026-07-23T16:49:34Z] [INFO] Event: channel=research:finding
[2026-07-23T16:49:34Z] [INFO] Finding reçue: unknown
[2026-07-23T16:49:34Z] [INFO] Finding reçue: unknown
[2026-07-23T16:49:34Z] [INFO] Event: channel=research:finding
[2026-07-23T16:49:34Z] [INFO] Finding reçue: unknown
[2026-07-23T16:49:34Z] [INFO]   📄 Finding score=15 — Early prediction of ICANS using CRS characteristics in B-cel
[2026-07-23T16:49:34Z] [INFO]   📄 Finding score=15 — Incorporating Immunotherapies into the Evolving Standard of 
[2026-07-23T16:49:34Z] [INFO]   📄 Finding score=27 — Separating dose schedule from disease biology in CD19 CAR T-
[2026-07-23T16:49:34Z] [INFO]   📄 Finding score=15 — Correction: Resistance mechanisms and overcoming strategies 
[2026-07-23T16:49:34Z] [INFO]   📄 Finding score=15 — CAR-T cell signaling dynamics, rational design principles an
[2026-07-23T16:49:35Z] [INFO] Scanning PubMed: 'regenerative medicine'...
[2026-07-23T16:49:38Z] [INFO]   📄 Finding score=15 — Platelet-Rich Plasma in Chronic Joint Pain: An Autologous Al
[2026-07-23T16:49:38Z] [INFO] Event: channel=research:finding
[2026-07-23T16:49:38Z] [INFO] Finding reçue: unknown
[2026-07-23T16:49:38Z] [INFO] Event: channel=research:finding
[2026-07-23T16:49:38Z] [INFO] Finding reçue: unknown
[2026-07-23T16:49:38Z] [INFO] Event: channel=research:finding
[2026-07-23T16:49:38Z] [INFO] Finding reçue: unknown
[2026-07-23T16:49:38Z] [INFO] Event: channel=research:finding
[2026-07-23T16:49:38Z] [INFO] Finding reçue: unknown
[2026-07-23T16:49:38Z] [INFO]   📄 Finding score=15 — Applications and prospects of the immunomodulatory and regen
[2026-07-23T16:49:38Z] [INFO]   📄 Finding score=15 — Zebrafish as a versatile model in biomedical research, from 
[2026-07-23T16:49:38Z] [INFO]   📄 Finding score=15 — Immune Microenvironment Engineering for Functional Periodont
[2026-07-23T16:49:38Z] [INFO]   📄 Finding score=15 — Using a liver-on-chip model to evaluate the effects of vanco
[2026-07-23T16:49:39Z] [INFO] Scanning bioRxiv: 'synthetic biology'...
[2026-07-23T16:49:39Z] [WARN] Fetch failed https://api.biorxiv.org/details/biorxiv/synthetic%20biology/0/5/json: HTTP Error 403: Forbidden
[2026-07-23T16:49:40Z] [INFO] Scanning bioRxiv: 'gene therapy'...
[2026-07-23T16:49:41Z] [WARN] Fetch failed https://api.biorxiv.org/details/biorxiv/gene%20therapy/0/5/json: HTTP Error 403: Forbidden
[2026-07-23T16:49:42Z] [INFO] Event: channel=research:finding
[2026-07-23T16:49:42Z] [INFO] Finding reçue: unknown
[2026-07-23T16:49:42Z] [INFO] Event: channel=research:finding
[2026-07-23T16:49:42Z] [INFO] Finding reçue: unknown
[2026-07-23T16:49:42Z] [INFO] Event: channel=research:finding
[2026-07-23T16:49:42Z] [INFO] Finding reçue: unknown
[2026-07-23T16:49:42Z] [INFO] Event: channel=research:finding
[2026-07-23T16:49:42Z] [INFO] Finding reçue: unknown
[2026-07-23T16:49:42Z] [INFO] Scanning bioRxiv: 'biomarker'...
[2026-07-23T16:49:43Z] [INFO] Scanning arXiv: 'reinforcement learning trading'...
[2026-07-23T16:49:45Z] [INFO]   📄 Finding score=15 — Lipschitzian SLLNs for random functions
[2026-07-23T16:49:45Z] [INFO]   📄 Finding score=15 — SoftReason: A Fully Differentiable Neuro-Soft-Symbolic Deduc
[2026-07-23T16:49:45Z] [INFO]   📄 Finding score=15 — Towards Miniature Humanoid Tele-Loco-Manipulation Using Virt
[2026-07-23T16:49:45Z] [INFO]   📄 Finding score=15 — The ICSE 2026 Shadow PC: Training the Next Generation of Rev
[2026-07-23T16:49:45Z] [INFO]   📄 Finding score=15 — PercepCap: Video Captioner with Structured Spatio-Temporal P
[2026-07-23T16:49:46Z] [INFO] Event: channel=research:finding
[2026-07-23T16:49:46Z] [INFO] Finding reçue: unknown
[2026-07-23T16:49:46Z] [INFO] Event: channel=research:finding
[2026-07-23T16:49:46Z] [INFO] Finding reçue: unknown
[2026-07-23T16:49:46Z] [INFO] Event: channel=research:finding
[2026-07-23T16:49:46Z] [INFO] Finding reçue: unknown
[2026-07-23T16:49:46Z] [INFO] Event: channel=research:finding
[2026-07-23T16:49:46Z] [INFO] Finding reçue: unknown
[2026-07-23T16:49:48Z] [INFO] Scanning arXiv: 'large language model efficiency'...
[2026-07-23T16:49:49Z] [INFO]   📄 Finding score=27 — Quantum Fisher Information in semiclassical magnon systems
[2026-07-23T16:49:49Z] [INFO]   📄 Finding score=15 — Primordial black holes forming during kination: the trapped,
[2026-07-23T16:49:49Z] [INFO]   📄 Finding score=15 — The sharp exponent for the minimal distance problem
[2026-07-23T16:49:49Z] [INFO]   📄 Finding score=15 — Stable valleys in the glassy landscape of a low-density pari
[2026-07-23T16:49:49Z] [INFO]   📄 Finding score=15 — Interaction-model dependence in calorimetric energy reconstr
[2026-07-23T16:49:52Z] [INFO] Scanning arXiv: 'federated learning healthcare'...
[2026-07-23T16:49:54Z] [INFO] Event: channel=research:finding
[2026-07-23T16:49:54Z] [INFO] Finding reçue: unknown
[2026-07-23T16:49:54Z] [INFO] Event: channel=research:finding
[2026-07-23T16:49:54Z] [INFO] Finding reçue: unknown
[2026-07-23T16:49:56Z] [INFO] Event: channel=research:finding
[2026-07-23T16:49:56Z] [INFO] Event: channel=research:finding
[2026-07-23T16:49:56Z] [INFO] Finding reçue: unknown
[2026-07-23T16:49:56Z] [INFO] Finding reçue: unknown
[2026-07-23T16:49:56Z] [INFO] Scanning arXiv: 'quantum machine learning'...
[2026-07-23T16:49:57Z] [INFO]   📄 Finding score=15 — Pure-DP Statistical Query Release at the Conjectured Square-
[2026-07-23T16:49:57Z] [INFO]   📄 Finding score=27 — Mapped ADMM: A Robust Algorithm for 1-Bit mMIMO Detection
[2026-07-23T16:49:57Z] [INFO]   📄 Finding score=15 — Fermionic pairs, from the surface to the bulk
[2026-07-23T16:50:00Z] [INFO] Event: channel=research:finding
[2026-07-23T16:50:00Z] [INFO] Finding reçue: unknown
[2026-07-23T16:50:00Z] [INFO] Event: channel=research:finding
[2026-07-23T16:50:00Z] [INFO] Finding reçue: unknown
[2026-07-23T16:50:00Z] [INFO] === Scan terminé: 53 nouvelles findings ===
[2026-07-23T16:50:00Z] [INFO]   0 opportunités (score≥30)
[2026-07-23T16:50:00Z] [INFO] === Scan terminé: 53 nouvelles findings ===
[2026-07-23T16:50:02Z] [INFO] Event: channel=research:finding
[2026-07-23T16:50:02Z] [INFO] Finding reçue: unknown
[2026-07-23T16:50:02Z] [INFO] Event: channel=research:finding
[2026-07-23T16:50:02Z] [INFO] Finding reçue: unknown
[2026-07-23T16:50:04Z] [INFO] Event: channel=research:finding
[2026-07-23T16:50:04Z] [INFO] Finding reçue: unknown
[2026-07-23T16:50:04Z] [INFO] Event: channel=research:finding
[2026-07-23T16:50:04Z] [INFO] Finding reçue: unknown
[2026-07-23T16:50:06Z] [INFO] Event: channel=research:finding
[2026-07-23T16:50:06Z] [INFO] Finding reçue: unknown
[2026-07-23T16:50:06Z] [INFO] Event: channel=research:finding
[2026-07-23T16:50:06Z] [INFO] Finding reçue: unknown
[2026-07-23T16:50:08Z] [INFO] Event: channel=research:finding
[2026-07-23T16:50:08Z] [INFO] Finding reçue: unknown
[2026-07-23T16:50:08Z] [INFO] Event: channel=research:finding
[2026-07-23T16:50:08Z] [INFO] Finding reçue: unknown
[2026-07-23T16:50:10Z] [INFO] Event: channel=research:finding
[2026-07-23T16:50:10Z] [INFO] Finding reçue: unknown
[2026-07-23T16:50:10Z] [INFO] Event: channel=research:finding
[2026-07-23T16:50:10Z] [INFO] Finding reçue: unknown
[2026-07-23T16:50:12Z] [INFO] Event: channel=research:finding
[2026-07-23T16:50:12Z] [INFO] Finding reçue: unknown
[2026-07-23T16:50:12Z] [INFO] Event: channel=research:finding
[2026-07-23T16:50:12Z] [INFO] Finding reçue: unknown
[2026-07-23T16:50:16Z] [INFO] Event: channel=research:finding
[2026-07-23T16:50:16Z] [INFO] Finding reçue: unknown
[2026-07-23T16:50:18Z] [INFO] Event: channel=research:finding
[2026-07-23T16:50:18Z] [INFO] Finding reçue: unknown
[2026-07-23T16:50:20Z] [INFO] Event: channel=research:finding
[2026-07-23T16:50:20Z] [INFO] Finding reçue: unknown
