[INFO] ============================================================
[INFO] Boucle d'auto-guérison ADAM v2 — DÉMARRAGE
[INFO] Intervalle : 10s
[INFO] Bus : /home/aza/eva-adam-v2/event_bus.db
[INFO] ============================================================
[INFO] Événement #13413 publié: adam:heartbeat depuis self-heal
[INFO] 1 événement(s) d'erreur détecté(s)
[INFO] [DÉTECTION] Event #13419 | canal=adam:error | source=adam-red
[INFO] Résolution pour event #13419 : canal=adam:error, type=handler_exit_126, stratégie=fix_handler, agent=adam-red
[INFO] fix_handler: agent='adam-red', exit=126, handler='/home/aza/scripts/adam-red-challenge.py'
[INFO] Événement #13420 publié: adam:retry depuis self-heal
[INFO] fix_handler SUCCÈS: chmod: chmod 755 appliqué sur /home/aza/scripts/adam-red-challenge.py → retry publié sur adam:retry
[INFO] Fitness 'fix_handler' → score=1.0 (succès=True)
[INFO] [RÉSOLUTION] Event #13419 | action=fix_handler | succès=True | détail=chmod: chmod 755 appliqué sur /home/aza/scripts/adam-red-challenge.py
[INFO] [VALIDATION] Event #13419 | ok=True | détail=validation par défaut (confiance dans la résolution)
[INFO] Événement #13421 publié: adam:recovered depuis self-heal
[INFO] Événement #13422 publié: adam:healed depuis self-heal
[INFO] [NOTIFICATION] Event #13419 → adam:recovered + adam:healed (guéri, stratégie=fix_handler)
[INFO] Événement #13452 publié: adam:heartbeat depuis self-heal
[INFO] Événement #13515 publié: adam:heartbeat depuis self-heal
 [INFO] self_heal — fix_handler SUCCÈS: chmod: chmod 755 appliqué sur /home/aza/scripts/adam-red-challenge.py → retry publié sur adam:retry
2026-07-23T22:35:23+0200 [INFO] self_heal — Fitness 'fix_handler' → score=1.0 (succès=True)
2026-07-23T22:35:23+0200 [INFO] self_heal — [RÉSOLUTION] Event #13419 | action=fix_handler | succès=True | détail=chmod: chmod 755 appliqué sur /home/aza/scripts/adam-red-challenge.py
2026-07-23T22:35:23+0200 [INFO] self_heal — [VALIDATION] Event #13419 | ok=True | détail=validation par défaut (confiance dans la résolution)
2026-07-23T22:35:23+0200 [INFO] self_heal — Événement #13421 publié: adam:recovered depuis self-heal
2026-07-23T22:35:23+0200 [INFO] self_heal — Événement #13422 publié: adam:healed depuis self-heal
2026-07-23T22:35:23+0200 [INFO] self_heal — [NOTIFICATION] Event #13419 → adam:recovered + adam:healed (guéri, stratégie=fix_handler)
2026-07-23T22:35:33+0200 [DEBUG] self_heal — --- Cycle #4 ---
2026-07-23T22:35:33+0200 [DEBUG] self_heal — Aucun événement d'erreur en attente
2026-07-23T22:35:43+0200 [DEBUG] self_heal — --- Cycle #5 ---
2026-07-23T22:35:43+0200 [DEBUG] self_heal — Aucun événement d'erreur en attente
2026-07-23T22:35:53+0200 [DEBUG] self_heal — --- Cycle #6 ---
2026-07-23T22:35:53+0200 [DEBUG] self_heal — Aucun événement d'erreur en attente
2026-07-23T22:36:03+0200 [DEBUG] self_heal — --- Cycle #7 ---
2026-07-23T22:36:03+0200 [DEBUG] self_heal — Aucun événement d'erreur en attente
2026-07-23T22:36:03+0200 [INFO] self_heal — Événement #13452 publié: adam:heartbeat depuis self-heal
2026-07-23T22:36:13+0200 [DEBUG] self_heal — --- Cycle #8 ---
2026-07-23T22:36:13+0200 [DEBUG] self_heal — Aucun événement d'erreur en attente
2026-07-23T22:36:23+0200 [DEBUG] self_heal — --- Cycle #9 ---
2026-07-23T22:36:23+0200 [DEBUG] self_heal — Aucun événement d'erreur en attente
2026-07-23T22:36:33+0200 [DEBUG] self_heal — --- Cycle #10 ---
2026-07-23T22:36:33+0200 [DEBUG] self_heal — Aucun événement d'erreur en attente
2026-07-23T22:36:43+0200 [DEBUG] self_heal — --- Cycle #11 ---
2026-07-23T22:36:43+0200 [DEBUG] self_heal — Aucun événement d'erreur en attente
2026-07-23T22:36:53+0200 [DEBUG] self_heal — --- Cycle #12 ---
2026-07-23T22:36:53+0200 [DEBUG] self_heal — Aucun événement d'erreur en attente
2026-07-23T22:37:03+0200 [DEBUG] self_heal — --- Cycle #13 ---
2026-07-23T22:37:03+0200 [DEBUG] self_heal — Aucun événement d'erreur en attente
2026-07-23T22:37:03+0200 [INFO] self_heal — Événement #13515 publié: adam:heartbeat depuis self-heal
2026-07-23T22:37:13+0200 [DEBUG] self_heal — --- Cycle #14 ---
2026-07-23T22:37:13+0200 [DEBUG] self_heal — Aucun événement d'erreur en attente
2026-07-23T22:37:23+0200 [DEBUG] self_heal — --- Cycle #15 ---
2026-07-23T22:37:23+0200 [DEBUG] self_heal — Aucun événement d'erreur en attente
