[2026-07-23T14:57:02Z] [INFO] === Planification contenu social ===
[2026-07-23T14:57:02Z] [INFO] Planning pour Nova (@instagram) — niche=tech_lifestyle
[2026-07-23T14:57:02Z] [INFO] Published on social:scheduled: Published: #6245 channel=social:scheduled source=handler
[2026-07-23T14:57:02Z] [INFO] Published on social:scheduled: Published: #6246 channel=social:scheduled source=handler
[2026-07-23T14:57:02Z] [INFO] Published on social:scheduled: Published: #6247 channel=social:scheduled source=handler
[2026-07-23T14:57:02Z] [INFO] Published on social:scheduled: Published: #6248 channel=social:scheduled source=handler
[2026-07-23T14:57:02Z] [INFO] Published on social:scheduled: Published: #6249 channel=social:scheduled source=handler
[2026-07-23T14:57:02Z] [INFO] Published on social:scheduled: Published: #6250 channel=social:scheduled source=handler
[2026-07-23T14:57:02Z] [INFO] Published on social:scheduled: Published: #6251 channel=social:scheduled source=handler
[2026-07-23T14:57:02Z] [INFO] Planning pour Lyra (@tiktok) — niche=science_communication
[2026-07-23T14:57:02Z] [INFO] Published on social:scheduled: Published: #6252 channel=social:scheduled source=handler
[2026-07-23T14:57:02Z] [INFO] Published on social:scheduled: Published: #6253 channel=social:scheduled source=handler
[2026-07-23T14:57:02Z] [INFO] Published on social:scheduled: Published: #6254 channel=social:scheduled source=handler
[2026-07-23T14:57:03Z] [INFO] Published on social:scheduled: Published: #6255 channel=social:scheduled source=handler
[2026-07-23T14:57:03Z] [INFO] Published on social:scheduled: Published: #6256 channel=social:scheduled source=handler
[2026-07-23T14:57:03Z] [INFO] Published on social:scheduled: Published: #6257 channel=social:scheduled source=handler
[2026-07-23T14:57:03Z] [INFO] Published on social:scheduled: Published: #6258 channel=social:scheduled source=handler
[2026-07-23T14:57:03Z] [INFO] Published on social:scheduled: Published: #6259 channel=social:scheduled source=handler
[2026-07-23T14:57:03Z] [INFO] Published on social:scheduled: Published: #6260 channel=social:scheduled source=handler
[2026-07-23T14:57:03Z] [INFO] Published on social:scheduled: Published: #6261 channel=social:scheduled source=handler
[2026-07-23T14:57:03Z] [INFO] Published on social:scheduled: Published: #6262 channel=social:scheduled source=handler
[2026-07-23T14:57:03Z] [INFO] Published on social:scheduled: Published: #6263 channel=social:scheduled source=handler
[2026-07-23T14:57:03Z] [INFO] Published on social:scheduled: Published: #6264 channel=social:scheduled source=handler
[2026-07-23T14:57:03Z] [INFO] Published on social:scheduled: Published: #6265 channel=social:scheduled source=handler
[2026-07-23T14:57:03Z] [INFO] Planning pour Sable (@twitter) — niche=ai_research
[2026-07-23T14:57:03Z] [INFO] Published on social:scheduled: Published: #6266 channel=social:scheduled source=handler
[2026-07-23T14:57:03Z] [INFO] Published on social:scheduled: Published: #6267 channel=social:scheduled source=handler
[2026-07-23T14:57:03Z] [INFO] Published on social:scheduled: Published: #6268 channel=social:scheduled source=handler
[2026-07-23T14:57:03Z] [INFO] Published on social:scheduled: Published: #6269 channel=social:scheduled source=handler
[2026-07-23T14:57:03Z] [INFO] Published on social:scheduled: Published: #6270 channel=social:scheduled source=handler
[2026-07-23T14:57:03Z] [INFO] Published on social:scheduled: Published: #6271 channel=social:scheduled source=handler
[2026-07-23T14:57:03Z] [INFO] Published on social:scheduled: Published: #6272 channel=social:scheduled source=handler
[2026-07-23T14:57:03Z] [INFO] Published on social:scheduled: Published: #6273 channel=social:scheduled source=handler
[2026-07-23T14:57:03Z] [INFO] Published on social:scheduled: Published: #6278 channel=social:scheduled source=handler
[2026-07-23T14:57:03Z] [INFO] Published on social:scheduled: Published: #6279 channel=social:scheduled source=handler
[2026-07-23T14:57:03Z] [INFO] Published on social:scheduled: Published: #6280 channel=social:scheduled source=handler
[2026-07-23T14:57:03Z] [INFO] Published on social:scheduled: Published: #6281 channel=social:scheduled source=handler
[2026-07-23T14:57:03Z] [INFO] Published on social:scheduled: Published: #6282 channel=social:scheduled source=handler
[2026-07-23T14:57:03Z] [INFO] Published on social:scheduled: Published: #6283 channel=social:scheduled source=handler
[2026-07-23T14:57:04Z] [INFO] Published on social:scheduled: Published: #6284 channel=social:scheduled source=handler
[2026-07-23T14:57:04Z] [INFO] Published on social:scheduled: Published: #6285 channel=social:scheduled source=handler
[2026-07-23T14:57:04Z] [INFO] Published on social:scheduled: Published: #6286 channel=social:scheduled source=handler
[2026-07-23T14:57:04Z] [INFO] Published on social:scheduled: Published: #6287 channel=social:scheduled source=handler
[2026-07-23T14:57:04Z] [INFO] Published on social:scheduled: Published: #6288 channel=social:scheduled source=handler
[2026-07-23T14:57:04Z] [INFO] Published on social:scheduled: Published: #6289 channel=social:scheduled source=handler
[2026-07-23T14:57:04Z] [INFO] Published on social:scheduled: Published: #6290 channel=social:scheduled source=handler
[2026-07-23T14:57:04Z] [INFO] Calendrier sauvegardé: /home/aza/eva-adam-v2/social/calendar/week-20260723.json (42 posts planifiés)
[2026-07-23T14:57:04Z] [INFO] === 42 posts planifiés pour 7 jours ===
[2026-07-23T14:57:17Z] [INFO] Processing event: channel=social:scheduled payload={}
[2026-07-23T14:57:17Z] [INFO] Processing event: channel=social:scheduled payload={}
[2026-07-23T14:57:17Z] [INFO] Contenu planifié: ? — ?
[2026-07-23T14:57:17Z] [INFO] Contenu planifié: ? — ?
[2026-07-23T14:57:21Z] [INFO] Processing event: channel=social:scheduled payload={}
[2026-07-23T14:57:21Z] [INFO] Contenu planifié: ? — ?
[2026-07-23T14:57:21Z] [INFO] Processing event: channel=social:scheduled payload={}
[2026-07-23T14:57:21Z] [INFO] Contenu planifié: ? — ?
[2026-07-23T14:57:21Z] [INFO] Processing event: channel=social:scheduled payload={}
[2026-07-23T14:57:21Z] [INFO] Contenu planifié: ? — ?
[2026-07-23T14:57:21Z] [INFO] Processing event: channel=social:scheduled payload={}
[2026-07-23T14:57:21Z] [INFO] Contenu planifié: ? — ?
[2026-07-23T14:57:25Z] [INFO] Processing event: channel=social:scheduled payload={}
[2026-07-23T14:57:25Z] [INFO] Contenu planifié: ? — ?
[2026-07-23T14:57:25Z] [INFO] Processing event: channel=social:scheduled payload={}
[2026-07-23T14:57:25Z] [INFO] Contenu planifié: ? — ?
[2026-07-23T14:57:25Z] [INFO] Processing event: channel=social:scheduled payload={}
[2026-07-23T14:57:25Z] [INFO] Contenu planifié: ? — ?
[2026-07-23T14:57:25Z] [INFO] Processing event: channel=social:scheduled payload={}
[2026-07-23T14:57:25Z] [INFO] Contenu planifié: ? — ?
[2026-07-23T14:57:29Z] [INFO] Processing event: channel=social:scheduled payload={}
[2026-07-23T14:57:29Z] [INFO] Contenu planifié: ? — ?
[2026-07-23T14:57:29Z] [INFO] Processing event: channel=social:scheduled payload={}
[2026-07-23T14:57:29Z] [INFO] Contenu planifié: ? — ?
[2026-07-23T14:57:29Z] [INFO] Processing event: channel=social:scheduled payload={}
[2026-07-23T14:57:29Z] [INFO] Contenu planifié: ? — ?
[2026-07-23T14:57:29Z] [INFO] Processing event: channel=social:scheduled payload={}
[2026-07-23T14:57:29Z] [INFO] Contenu planifié: ? — ?
[2026-07-23T14:57:33Z] [INFO] Processing event: channel=social:scheduled payload={}
[2026-07-23T14:57:33Z] [INFO] Contenu planifié: ? — ?
[2026-07-23T14:57:33Z] [INFO] Processing event: channel=social:scheduled payload={}
[2026-07-23T14:57:33Z] [INFO] Contenu planifié: ? — ?
[2026-07-23T14:57:33Z] [INFO] Processing event: channel=social:scheduled payload={}
[2026-07-23T14:57:33Z] [INFO] Contenu planifié: ? — ?
[2026-07-23T14:57:33Z] [INFO] Processing event: channel=social:scheduled payload={}
[2026-07-23T14:57:33Z] [INFO] Contenu planifié: ? — ?
[2026-07-23T14:57:37Z] [INFO] Processing event: channel=social:scheduled payload={}
[2026-07-23T14:57:37Z] [INFO] Contenu planifié: ? — ?
[2026-07-23T14:57:37Z] [INFO] Processing event: channel=social:scheduled payload={}
[2026-07-23T14:57:37Z] [INFO] Contenu planifié: ? — ?
[2026-07-23T14:57:37Z] [INFO] Processing event: channel=social:scheduled payload={}
[2026-07-23T14:57:37Z] [INFO] Contenu planifié: ? — ?
[2026-07-23T14:57:37Z] [INFO] Processing event: channel=social:scheduled payload={}
[2026-07-23T14:57:37Z] [INFO] Contenu planifié: ? — ?
[2026-07-23T14:57:41Z] [INFO] Processing event: channel=social:scheduled payload={}
[2026-07-23T14:57:41Z] [INFO] Contenu planifié: ? — ?
[2026-07-23T14:57:41Z] [INFO] Processing event: channel=social:scheduled payload={}
[2026-07-23T14:57:41Z] [INFO] Processing event: channel=social:scheduled payload={}
[2026-07-23T14:57:41Z] [INFO] Contenu planifié: ? — ?
[2026-07-23T14:57:41Z] [INFO] Contenu planifié: ? — ?
[2026-07-23T14:57:41Z] [INFO] Processing event: channel=social:scheduled payload={}
[2026-07-23T14:57:41Z] [INFO] Contenu planifié: ? — ?
[2026-07-23T14:57:45Z] [INFO] Processing event: channel=social:scheduled payload={}
[2026-07-23T14:57:45Z] [INFO] Contenu planifié: ? — ?
[2026-07-23T14:57:45Z] [INFO] Processing event: channel=social:scheduled payload={}
[2026-07-23T14:57:45Z] [INFO] Contenu planifié: ? — ?
[2026-07-23T14:57:45Z] [INFO] Processing event: channel=social:scheduled payload={}
[2026-07-23T14:57:45Z] [INFO] Contenu planifié: ? — ?
[2026-07-23T14:57:45Z] [INFO] Processing event: channel=social:scheduled payload={}
[2026-07-23T14:57:45Z] [INFO] Contenu planifié: ? — ?
[2026-07-23T14:57:49Z] [INFO] Processing event: channel=social:scheduled payload={}
[2026-07-23T14:57:49Z] [INFO] Contenu planifié: ? — ?
[2026-07-23T14:57:49Z] [INFO] Processing event: channel=social:scheduled payload={}
[2026-07-23T14:57:49Z] [INFO] Contenu planifié: ? — ?
[2026-07-23T14:57:49Z] [INFO] Processing event: channel=social:scheduled payload={}
[2026-07-23T14:57:49Z] [INFO] Contenu planifié: ? — ?
[2026-07-23T14:57:49Z] [INFO] Processing event: channel=social:scheduled payload={}
[2026-07-23T14:57:49Z] [INFO] Contenu planifié: ? — ?
[2026-07-23T14:57:53Z] [INFO] Processing event: channel=social:scheduled payload={}
[2026-07-23T14:57:53Z] [INFO] Contenu planifié: ? — ?
[2026-07-23T14:57:53Z] [INFO] Processing event: channel=social:scheduled payload={}
[2026-07-23T14:57:53Z] [INFO] Contenu planifié: ? — ?
[2026-07-23T14:57:53Z] [INFO] Processing event: channel=social:scheduled payload={}
[2026-07-23T14:57:53Z] [INFO] Contenu planifié: ? — ?
[2026-07-23T14:57:53Z] [INFO] Processing event: channel=social:scheduled payload={}
[2026-07-23T14:57:53Z] [INFO] Contenu planifié: ? — ?
[2026-07-23T14:57:57Z] [INFO] Processing event: channel=social:scheduled payload={}
[2026-07-23T14:57:57Z] [INFO] Contenu planifié: ? — ?
[2026-07-23T14:57:57Z] [INFO] Processing event: channel=social:scheduled payload={}
[2026-07-23T14:57:57Z] [INFO] Contenu planifié: ? — ?
[2026-07-23T14:57:57Z] [INFO] Processing event: channel=social:scheduled payload={}
[2026-07-23T14:57:57Z] [INFO] Contenu planifié: ? — ?
[2026-07-23T14:57:57Z] [INFO] Processing event: channel=social:scheduled payload={}
[2026-07-23T14:57:57Z] [INFO] Contenu planifié: ? — ?
[2026-07-23T15:18:37Z] [INFO] Processing event: channel=content:ready payload={}
[2026-07-23T15:18:37Z] [INFO] Contenu prêt reçu du scribe: unknown
[2026-07-23T15:18:37Z] [INFO] Published on social:scheduled: Published: #6741 channel=social:scheduled source=adam-social
[2026-07-23T15:18:41Z] [INFO] Processing event: channel=social:scheduled payload={}
[2026-07-23T15:18:41Z] [INFO] Contenu planifié: ? — ?
